../component/osa/fsl_os_abstraction_free_rtos.c:90:18:main_task	16	static
../component/osa/fsl_os_abstraction_free_rtos.c:121:7:OSA_MemoryAllocate	24	static
../component/osa/fsl_os_abstraction_free_rtos.c:139:6:OSA_MemoryFree	16	static
../component/osa/fsl_os_abstraction_free_rtos.c:144:6:OSA_EnterCritical	32	static
../component/osa/fsl_os_abstraction_free_rtos.c:160:6:OSA_ExitCritical	24	static
../component/osa/fsl_os_abstraction_free_rtos.c:182:6:startup_task	16	static
../component/osa/fsl_os_abstraction_free_rtos.c:333:6:OSA_TimeDelay	16	static
../component/osa/fsl_os_abstraction_free_rtos.c:343:10:OSA_TimeGetMsec	40	static
../component/osa/fsl_os_abstraction_free_rtos.c:365:14:OSA_SemaphoreCreate	24	static
../component/osa/fsl_os_abstraction_free_rtos.c:392:14:OSA_SemaphoreDestroy	24	static
../component/osa/fsl_os_abstraction_free_rtos.c:414:14:OSA_SemaphoreWait	24	static
../component/osa/fsl_os_abstraction_free_rtos.c:449:14:OSA_SemaphorePost	32	static
../component/osa/fsl_os_abstraction_free_rtos.c:490:14:OSA_MutexCreate	24	static
../component/osa/fsl_os_abstraction_free_rtos.c:520:14:OSA_MutexLock	24	static
../component/osa/fsl_os_abstraction_free_rtos.c:552:14:OSA_MutexUnlock	24	static
../component/osa/fsl_os_abstraction_free_rtos.c:574:14:OSA_MutexDestroy	24	static
../component/osa/fsl_os_abstraction_free_rtos.c:590:14:OSA_EventCreate	24	static
../component/osa/fsl_os_abstraction_free_rtos.c:614:14:OSA_EventSet	32	static
../component/osa/fsl_os_abstraction_free_rtos.c:652:14:OSA_EventClear	24	static
../component/osa/fsl_os_abstraction_free_rtos.c:686:14:OSA_EventGet	40	static
../component/osa/fsl_os_abstraction_free_rtos.c:731:14:OSA_EventWait	48	static
../component/osa/fsl_os_abstraction_free_rtos.c:789:14:OSA_EventDestroy	24	static
../component/osa/fsl_os_abstraction_free_rtos.c:810:14:OSA_MsgQCreate	32	static
../component/osa/fsl_os_abstraction_free_rtos.c:838:14:OSA_MsgQPut	32	static
../component/osa/fsl_os_abstraction_free_rtos.c:878:14:OSA_MsgQGet	40	static
../component/osa/fsl_os_abstraction_free_rtos.c:912:5:OSA_MsgQAvailableMsgs	24	static
../component/osa/fsl_os_abstraction_free_rtos.c:927:14:OSA_MsgQDestroy	24	static
../component/osa/fsl_os_abstraction_free_rtos.c:942:6:OSA_InterruptEnable	16	static
../component/osa/fsl_os_abstraction_free_rtos.c:968:6:OSA_InterruptDisable	24	static
../component/osa/fsl_os_abstraction_free_rtos.c:990:6:OSA_EnableIRQGlobal	4	static
../component/osa/fsl_os_abstraction_free_rtos.c:1010:6:OSA_DisableIRQGlobal	4	static
../component/osa/fsl_os_abstraction_free_rtos.c:1025:6:OSA_InstallIntHandler	16	static
