Component: ARM Compiler 6.16 Tool: armlink [5dfeaa00]

==============================================================================

Section Cross References

    lwip_tcpecho_freertos.o(.text.main) refers to printf3.o(i.__0printf$3) for __2printf
    lwip_tcpecho_freertos.o(.text.main) refers to pin_mux.o(.text.BOARD_InitBootPins) for BOARD_InitBootPins
    lwip_tcpecho_freertos.o(.text.main) refers to clock_config.o(.text.BOARD_InitBootClocks) for BOARD_InitBootClocks
    lwip_tcpecho_freertos.o(.text.main) refers to board.o(.text.BOARD_InitDebugConsole) for BOARD_InitDebugConsole
    lwip_tcpecho_freertos.o(.text.main) refers to lwip_tcpecho_freertos.o(.text.stack_init) for stack_init
    lwip_tcpecho_freertos.o(.text.main) refers to sys_arch.o(.text.sys_thread_new) for sys_thread_new
    lwip_tcpecho_freertos.o(.text.main) refers to sys_arch.o(.text.sys_assert) for sys_assert
    lwip_tcpecho_freertos.o(.text.main) refers to tasks.o(.text.vTaskStartScheduler) for vTaskStartScheduler
    lwip_tcpecho_freertos.o(.ARM.exidx.text.main) refers to lwip_tcpecho_freertos.o(.text.main) for [Anonymous Symbol]
    lwip_tcpecho_freertos.o(.text.stack_init) refers to lwip_tcpecho_freertos.o(.rodata..L__const.stack_init.enet_config) for .L__const.stack_init.enet_config
    lwip_tcpecho_freertos.o(.text.stack_init) refers to fsl_clock.o(.text.CLOCK_GetFreq) for CLOCK_GetFreq
    lwip_tcpecho_freertos.o(.text.stack_init) refers to lwip_tcpecho_freertos.o(.data.mdioHandle) for mdioHandle
    lwip_tcpecho_freertos.o(.text.stack_init) refers to tcpip.o(.text.tcpip_init) for tcpip_init
    lwip_tcpecho_freertos.o(.text.stack_init) refers to enet_ethernetif_kinetis.o(.text.ethernetif0_init) for ethernetif0_init
    lwip_tcpecho_freertos.o(.text.stack_init) refers to lwip_tcpecho_freertos.o(.bss.stack_init.netif) for stack_init.netif
    lwip_tcpecho_freertos.o(.text.stack_init) refers to tcpip.o(.text.tcpip_input) for tcpip_input
    lwip_tcpecho_freertos.o(.text.stack_init) refers to netifapi.o(.text.netifapi_netif_add) for netifapi_netif_add
    lwip_tcpecho_freertos.o(.text.stack_init) refers to netif.o(.text.netif_set_default) for netif_set_default
    lwip_tcpecho_freertos.o(.text.stack_init) refers to netifapi.o(.text.netifapi_netif_common) for netifapi_netif_common
    lwip_tcpecho_freertos.o(.text.stack_init) refers to netif.o(.text.netif_set_up) for netif_set_up
    lwip_tcpecho_freertos.o(.text.stack_init) refers to lwip_tcpecho_freertos.o(.rodata.str1.1) for .L.str.3
    lwip_tcpecho_freertos.o(.text.stack_init) refers to fsl_debug_console.o(.text.DbgConsole_Printf) for DbgConsole_Printf
    lwip_tcpecho_freertos.o(.text.stack_init) refers to tcpecho.o(.text.tcpecho_init) for tcpecho_init
    lwip_tcpecho_freertos.o(.text.stack_init) refers to tasks.o(.text.vTaskDelete) for vTaskDelete
    lwip_tcpecho_freertos.o(.ARM.exidx.text.stack_init) refers to lwip_tcpecho_freertos.o(.text.stack_init) for [Anonymous Symbol]
    lwip_tcpecho_freertos.o(.data.phyHandle) refers to lwip_tcpecho_freertos.o(.data.mdioHandle) for [Anonymous Symbol]
    lwip_tcpecho_freertos.o(.data.phyHandle) refers to fsl_phyksz8081.o(.rodata.phyksz8081_ops) for phyksz8081_ops
    lwip_tcpecho_freertos.o(.rodata..L__const.stack_init.enet_config) refers to lwip_tcpecho_freertos.o(.data.phyHandle) for [Anonymous Symbol]
    lwip_tcpecho_freertos.o(.data.mdioHandle) refers to fsl_enet_mdio.o(.rodata.enet_ops) for enet_ops
    pin_mux.o(.text.BOARD_InitBootPins) refers to pin_mux.o(.text.BOARD_InitPins) for BOARD_InitPins
    pin_mux.o(.ARM.exidx.text.BOARD_InitBootPins) refers to pin_mux.o(.text.BOARD_InitBootPins) for [Anonymous Symbol]
    pin_mux.o(.text.BOARD_InitPins) refers to pin_mux.o(.text.CLOCK_EnableClock) for CLOCK_EnableClock
    pin_mux.o(.text.BOARD_InitPins) refers to pin_mux.o(.text.PORT_SetPinMux) for PORT_SetPinMux
    pin_mux.o(.text.BOARD_InitPins) refers to pin_mux.o(.text.PORT_SetPinConfig) for PORT_SetPinConfig
    pin_mux.o(.ARM.exidx.text.BOARD_InitPins) refers to pin_mux.o(.text.BOARD_InitPins) for [Anonymous Symbol]
    pin_mux.o(.ARM.exidx.text.CLOCK_EnableClock) refers to pin_mux.o(.text.CLOCK_EnableClock) for [Anonymous Symbol]
    pin_mux.o(.ARM.exidx.text.PORT_SetPinMux) refers to pin_mux.o(.text.PORT_SetPinMux) for [Anonymous Symbol]
    pin_mux.o(.text.PORT_SetPinConfig) refers to fsl_assert.o(.text.__aeabi_assert) for __aeabi_assert
    pin_mux.o(.ARM.exidx.text.PORT_SetPinConfig) refers to pin_mux.o(.text.PORT_SetPinConfig) for [Anonymous Symbol]
    board.o(.text.BOARD_InitDebugConsole) refers to fsl_clock.o(.text.CLOCK_GetCoreSysClkFreq) for CLOCK_GetCoreSysClkFreq
    board.o(.text.BOARD_InitDebugConsole) refers to fsl_debug_console.o(.text.DbgConsole_Init) for DbgConsole_Init
    board.o(.ARM.exidx.text.BOARD_InitDebugConsole) refers to board.o(.text.BOARD_InitDebugConsole) for [Anonymous Symbol]
[...]
    0x00001340   0x00001340   0x00000026   Code   RO         1660    .text.ENET_ActiveSendRing  fsl_enet.o
    0x00001366   0x00001366   0x00000002   PAD
    0x00001368   0x00001368   0x00000008   Code   RO           86    .text.ENET_ClearInterruptStatus  fsl_enet_mdio.o
    0x00001370   0x00001370   0x0000000a   Code   RO          198    .text.ENET_DisableInterrupts  enet_ethernetif_kinetis.o
    0x0000137a   0x0000137a   0x00000002   PAD
    0x0000137c   0x0000137c   0x0000000a   Code   RO          200    .text.ENET_EnableInterrupts  enet_ethernetif_kinetis.o
    0x00001386   0x00001386   0x00000002   PAD
    0x00001388   0x00001388   0x00000008   Code   RO         1716    .text.ENET_EnableInterrupts  fsl_enet.o
    0x00001390   0x00001390   0x0000000a   Code   RO         1690    .text.ENET_EnableSleepMode  fsl_enet.o
    0x0000139a   0x0000139a   0x00000002   PAD
    0x0000139c   0x0000139c   0x00000028   Code   RO         1700    .text.ENET_ErrIRQHandler  fsl_enet.o
    0x000013c4   0x000013c4   0x00000080   Code   RO         1688    .text.ENET_ErrorIRQHandler  fsl_enet.o
    0x00001444   0x00001444   0x00000012   Code   RO         1706    .text.ENET_Error_DriverIRQHandler  fsl_enet.o
    0x00001456   0x00001456   0x00000002   PAD
    0x00001458   0x00001458   0x00000036   Code   RO         1590    .text.ENET_GetDefaultConfig  fsl_enet.o
    0x0000148e   0x0000148e   0x00000002   PAD
    0x00001490   0x00001490   0x00000054   Code   RO         1588    .text.ENET_GetInstance  fsl_enet.o
    0x000014e4   0x000014e4   0x00000004   Code   RO           90    .text.ENET_GetInterruptStatus  fsl_enet_mdio.o
    0x000014e8   0x000014e8   0x000002d4   Code   RO         1672    .text.ENET_GetRxFrame  fsl_enet.o
    0x000017bc   0x000017bc   0x0000007c   Code   RO         1674    .text.ENET_GetRxFrameErr  fsl_enet.o
    0x00001838   0x00001838   0x0000000c   Code   RO         1714    .text.ENET_GetSMI   fsl_enet.o
    0x00001844   0x00001844   0x00000030   Code   RO         1646    .text.ENET_IncreaseIndex  fsl_enet.o
    0x00001874   0x00001874   0x0000003a   Code   RO         1604    .text.ENET_Init     fsl_enet.o
    0x000018ae   0x000018ae   0x00000002   PAD
    0x000018b0   0x000018b0   0x00000028   Code   RO           78    .text.ENET_MDIO_Init  fsl_enet_mdio.o
    0x000018d8   0x000018d8   0x00000090   Code   RO           82    .text.ENET_MDIO_Read  fsl_enet_mdio.o
    0x00001968   0x00001968   0x00000010   Code   RO           88    .text.ENET_MDIO_WaitTransferOver  fsl_enet_mdio.o
    0x00001978   0x00001978   0x00000032   Code   RO           80    .text.ENET_MDIO_Write  fsl_enet_mdio.o
    0x000019aa   0x000019aa   0x00000002   PAD
    0x000019ac   0x000019ac   0x00000008   Code   RO         1694    .text.ENET_Ptp1588IRQHandler  fsl_enet.o
    0x000019b4   0x000019b4   0x00000006   Code   RO           92    .text.ENET_ReadSMIData  fsl_enet_mdio.o
    0x000019ba   0x000019ba   0x00000002   PAD
    0x000019bc   0x000019bc   0x0000005c   Code   RO         1686    .text.ENET_ReceiveIRQHandler  fsl_enet.o
    0x00001a18   0x00001a18   0x00000012   Code   RO         1704    .text.ENET_Receive_DriverIRQHandler  fsl_enet.o
    0x00001a2a   0x00001a2a   0x00000002   PAD
    0x00001a2c   0x00001a2c   0x000000e8   Code   RO         1664    .text.ENET_ReclaimTxDescriptor  fsl_enet.o
    0x00001b14   0x00001b14   0x0000000a   Code   RO         1608    .text.ENET_Reset    fsl_enet.o
    0x00001b1e   0x00001b1e   0x00000002   PAD
    0x00001b20   0x00001b20   0x000000c8   Code   RO         1602    .text.ENET_RxBufferAllocAll  fsl_enet.o
    0x00001be8   0x00001be8   0x000000c8   Code   RO         1612    .text.ENET_RxBufferFreeAll  fsl_enet.o
    0x00001cb0   0x00001cb0   0x00000028   Code   RO         1698    .text.ENET_RxIRQHandler  fsl_enet.o
    0x00001cd8   0x00001cd8   0x00000264   Code   RO         1652    .text.ENET_SendFrame  fsl_enet.o
    0x00001f3c   0x00001f3c   0x0000001a   Code   RO         1626    .text.ENET_SetErrISRHandler  fsl_enet.o
    0x00001f56   0x00001f56   0x00000002   PAD
    0x00001f58   0x00001f58   0x0000010e   Code   RO         1600    .text.ENET_SetHandler  fsl_enet.o
    0x00002066   0x00002066   0x00000002   PAD
    0x00002068   0x00002068   0x00000018   Code   RO         1630    .text.ENET_SetMacAddr  fsl_enet.o
    0x00002080   0x00002080   0x00000162   Code   RO         1598    .text.ENET_SetMacController  fsl_enet.o
    0x000021e2   0x000021e2   0x00000002   PAD
    0x000021e4   0x000021e4   0x00000118   Code   RO         1596    .text.ENET_SetRxBufferDescriptors  fsl_enet.o
    0x000022fc   0x000022fc   0x0000001a   Code   RO         1620    .text.ENET_SetRxISRHandler  fsl_enet.o
    0x00002316   0x00002316   0x00000002   PAD
    0x00002318   0x00002318   0x000000a8   Code   RO         1634    .text.ENET_SetSMI   fsl_enet.o
    0x000023c0   0x000023c0   0x000000d2   Code   RO         1594    .text.ENET_SetTxBufferDescriptors  fsl_enet.o
    0x00002492   0x00002492   0x00000002   PAD
    0x00002494   0x00002494   0x0000001a   Code   RO         1624    .text.ENET_SetTxISRHandler  fsl_enet.o
    0x000024ae   0x000024ae   0x00000002   PAD
    0x000024b0   0x000024b0   0x00000020   Code   RO         1638    .text.ENET_StartSMIRead  fsl_enet.o
    0x000024d0   0x000024d0   0x0000002a   Code   RO         1636    .text.ENET_StartSMIWrite  fsl_enet.o
    0x000024fa   0x000024fa   0x00000002   PAD
    0x000024fc   0x000024fc   0x00000074   Code   RO         1684    .text.ENET_TransmitIRQHandler  fsl_enet.o
    0x00002570   0x00002570   0x00000012   Code   RO         1702    .text.ENET_Transmit_DriverIRQHandler  fsl_enet.o
    0x00002582   0x00002582   0x00000002   PAD
    0x00002584   0x00002584   0x0000000a   Code   RO         1654    .text.ENET_TxDirtyRingAvailable  fsl_enet.o
    0x0000258e   0x0000258e   0x00000002   PAD
    0x00002590   0x00002590   0x00000028   Code   RO         1696    .text.ENET_TxIRQHandler  fsl_enet.o
    0x000025b8   0x000025b8   0x000000e8   Code   RO         1592    .text.ENET_Up       fsl_enet.o
    0x000026a0   0x000026a0   0x00000006   Code   RO         1658    .text.EnableGlobalIRQ  fsl_enet.o
    0x000026a6   0x000026a6   0x00000002   PAD
    0x000026a8   0x000026a8   0x00000006   Code   RO         2401    .text.EnableGlobalIRQ  fsl_component_serial_manager.o
    0x000026ae   0x000026ae   0x00000002   PAD
    0x000026b0   0x000026b0   0x00000008   Code   RO         1622    .text.EnableIRQ     fsl_enet.o
    0x000026b8   0x000026b8   0x0000000a   Code   RO         2373    .text.HAL_UartGetStatus  fsl_adapter_uart.o
    0x000026c2   0x000026c2   0x00000002   PAD
    0x000026c4   0x000026c4   0x000000ec   Code   RO         2371    .text.HAL_UartInit  fsl_adapter_uart.o
    0x000027b0   0x000027b0   0x00000066   Code   RO         2379    .text.HAL_UartSendBlocking  fsl_adapter_uart.o
    0x00002816   0x00002816   0x00000002   PAD
    0x00002818   0x00002818   0x0000000a   Code   RO          119    .text.MDIO_Init     fsl_phyksz8081.o
    0x00002822   0x00002822   0x00000002   PAD
    0x00002824   0x00002824   0x0000000e   Code   RO          121    .text.MDIO_Read     fsl_phyksz8081.o
    0x00002832   0x00002832   0x00000002   PAD
    0x00002834   0x00002834   0x0000000e   Code   RO          123    .text.MDIO_Write    fsl_phyksz8081.o
    0x00002842   0x00002842   0x00000002   PAD
    0x00002844   0x00002844   0x00000014   Code   RO         1814    .text.OSC_SetCapLoad  fsl_clock.o
    0x00002858   0x00002858   0x00000016   Code   RO         1816    .text.OSC_SetExtRefClkConfig  fsl_clock.o
    0x0000286e   0x0000286e   0x00000002   PAD
    0x00002870   0x00002870   0x0000000a   Code   RO          151    .text.PHY_GetAutoNegotiationStatus  enet_ethernetif.o
    0x0000287a   0x0000287a   0x00000002   PAD
    0x0000287c   0x0000287c   0x0000000a   Code   RO          155    .text.PHY_GetLinkSpeedDuplex  enet_ethernetif.o
    0x00002886   0x00002886   0x00000002   PAD
    0x00002888   0x00002888   0x0000000a   Code   RO          153    .text.PHY_GetLinkStatus  enet_ethernetif.o
    0x00002892   0x00002892   0x00000002   PAD
    0x00002894   0x00002894   0x0000000a   Code   RO          149    .text.PHY_Init      enet_ethernetif.o
    0x0000289e   0x0000289e   0x00000002   PAD
    0x000028a0   0x000028a0   0x00000110   Code   RO          117    .text.PHY_KSZ8081_EnableLoopback  fsl_phyksz8081.o
    0x000029b0   0x000029b0   0x00000044   Code   RO          109    .text.PHY_KSZ8081_GetAutoNegotiationStatus  fsl_phyksz8081.o
    0x000029f4   0x000029f4   0x00000084   Code   RO          113    .text.PHY_KSZ8081_GetLinkSpeedDuplex  fsl_phyksz8081.o
    0x00002a78   0x00002a78   0x0000003e   Code   RO          111    .text.PHY_KSZ8081_GetLinkStatus  fsl_phyksz8081.o
    0x00002ab6   0x00002ab6   0x00000002   PAD
    0x00002ab8   0x00002ab8   0x000000e4   Code   RO          103    .text.PHY_KSZ8081_Init  fsl_phyksz8081.o
    0x00002b9c   0x00002b9c   0x00000014   Code   RO          107    .text.PHY_KSZ8081_Read  fsl_phyksz8081.o
    0x00002bb0   0x00002bb0   0x00000060   Code   RO          115    .text.PHY_KSZ8081_SetLinkSpeedDuplex  fsl_phyksz8081.o
    0x00002c10   0x00002c10   0x00000014   Code   RO          105    .text.PHY_KSZ8081_Write  fsl_phyksz8081.o
    0x00002c24   0x00002c24   0x00000060   Code   RO           30    .text.PORT_SetPinConfig  pin_mux.o
    0x00002c84   0x00002c84   0x0000000e   Code   RO           28    .text.PORT_SetPinMux  pin_mux.o
    0x00002c92   0x00002c92   0x0000000e   PAD
    0x00002ca0   0x00002ca0   0x00000064   Code   RO         2936    .text.PendSV_Handler  port.o
    0x00002d04   0x00002d04   0x00000068   Code   RO         2238    .text.PrintCheckFlags  fsl_str.o
    0x00002d6c   0x00002d6c   0x00000046   Code   RO         2244    .text.PrintGetLengthFlag  fsl_str.o
    0x00002db2   0x00002db2   0x00000002   PAD
    0x00002db4   0x00002db4   0x00000070   Code   RO         2242    .text.PrintGetPrecision  fsl_str.o
    0x00002e24   0x00002e24   0x0000001a   Code   RO         2262    .text.PrintGetRadixFromobpu  fsl_str.o
    0x00002e3e   0x00002e3e   0x00000002   PAD
    0x00002e40   0x00002e40   0x00000024   Code   RO         2250    .text.PrintGetSignChar  fsl_str.o
    0x00002e64   0x00002e64   0x0000004c   Code   RO         2240    .text.PrintGetWidth  fsl_str.o
    0x00002eb0   0x00002eb0   0x00000010   Code   RO         2246    .text.PrintIsdi     fsl_str.o
    0x00002ec0   0x00002ec0   0x0000000e   Code   RO         2254    .text.PrintIsfF     fsl_str.o
    0x00002ece   0x00002ece   0x00000002   PAD
    0x00002ed0   0x00002ed0   0x00000024   Code   RO         2260    .text.PrintIsobpu   fsl_str.o
    0x00002ef4   0x00002ef4   0x0000000e   Code   RO         2256    .text.PrintIsxX     fsl_str.o
    0x00002f02   0x00002f02   0x00000002   PAD
    0x00002f04   0x00002f04   0x0000009a   Code   RO         2252    .text.PrintOutputdifFobpu  fsl_str.o
    0x00002f9e   0x00002f9e   0x00000002   PAD
    0x00002fa0   0x00002fa0   0x00000100   Code   RO         2258    .text.PrintOutputxX  fsl_str.o
    0x000030a0   0x000030a0   0x00000024   Code   RO         2920    .text.SVC_Handler   port.o
    0x000030c4   0x000030c4   0x00000036   Code   RO         2395    .text.SerialManager_Init  fsl_component_serial_manager.o
    0x000030fa   0x000030fa   0x00000002   PAD
    0x000030fc   0x000030fc   0x0000003e   Code   RO         2407    .text.SerialManager_OpenReadHandle  fsl_component_serial_manager.o
    0x0000313a   0x0000313a   0x00000002   PAD
    0x0000313c   0x0000313c   0x0000002e   Code   RO         2403    .text.SerialManager_OpenWriteHandle  fsl_component_serial_manager.o
    0x0000316a   0x0000316a   0x00000002   PAD
    0x0000316c   0x0000316c   0x00000014   Code   RO         2423    .text.SerialManager_StartWriting  fsl_component_serial_manager.o
    0x00003180   0x00003180   0x00000022   Code   RO         2413    .text.SerialManager_Write  fsl_component_serial_manager.o
    0x000031a2   0x000031a2   0x00000002   PAD
    0x000031a4   0x000031a4   0x00000008   Code   RO         2411    .text.SerialManager_WriteBlocking  fsl_component_serial_manager.o
    0x000031ac   0x000031ac   0x0000001e   Code   RO         2435    .text.Serial_UartInit  fsl_component_serial_port_uart.o
    0x000031ca   0x000031ca   0x00000002   PAD
    0x000031cc   0x000031cc   0x0000001a   Code   RO         2439    .text.Serial_UartWrite  fsl_component_serial_port_uart.o
    0x000031e6   0x000031e6   0x00000002   PAD
    0x000031e8   0x000031e8   0x000002e8   Code   RO         2236    .text.StrFormatPrintf  fsl_str.o
    0x000034d0   0x000034d0   0x0000002e   Code   RO         2938    .text.SysTick_Handler  port.o
    0x000034fe   0x000034fe   0x00000002   PAD
    0x00003500   0x00003500   0x00000034   Code   RO         2356    .text.SystemInit    system_mk64f12.o
    0x00003534   0x00003534   0x00000002   Code   RO         2358    .text.SystemInitHook  system_mk64f12.o
    0x00003536   0x00003536   0x00000002   PAD
    0x00003538   0x00003538   0x00000026   Code   RO         2132    .text.UART0_DriverIRQHandler  fsl_uart.o
    0x0000355e   0x0000355e   0x00000002   PAD
    0x00003560   0x00003560   0x0000000c   Code   RO         2134    .text.UART0_RX_TX_DriverIRQHandler  fsl_uart.o
    0x0000356c   0x0000356c   0x00000026   Code   RO         2136    .text.UART1_DriverIRQHandler  fsl_uart.o
    0x00003592   0x00003592   0x00000002   PAD
    0x00003594   0x00003594   0x0000000c   Code   RO         2138    .text.UART1_RX_TX_DriverIRQHandler  fsl_uart.o
    0x000035a0   0x000035a0   0x00000026   Code   RO         2140    .text.UART2_DriverIRQHandler  fsl_uart.o
    0x000035c6   0x000035c6   0x00000002   PAD
    0x000035c8   0x000035c8   0x0000000c   Code   RO         2142    .text.UART2_RX_TX_DriverIRQHandler  fsl_uart.o
    0x000035d4   0x000035d4   0x00000026   Code   RO         2144    .text.UART3_DriverIRQHandler  fsl_uart.o
    0x000035fa   0x000035fa   0x00000002   PAD
    0x000035fc   0x000035fc   0x0000000c   Code   RO         2146    .text.UART3_RX_TX_DriverIRQHandler  fsl_uart.o
    0x00003608   0x00003608   0x00000026   Code   RO         2148    .text.UART4_DriverIRQHandler  fsl_uart.o
    0x0000362e   0x0000362e   0x00000002   PAD
    0x00003630   0x00003630   0x0000000c   Code   RO         2150    .text.UART4_RX_TX_DriverIRQHandler  fsl_uart.o
    0x0000363c   0x0000363c   0x00000026   Code   RO         2152    .text.UART5_DriverIRQHandler  fsl_uart.o
    0x00003662   0x00003662   0x00000002   PAD
    0x00003664   0x00003664   0x0000000c   Code   RO         2154    .text.UART5_RX_TX_DriverIRQHandler  fsl_uart.o
    0x00003670   0x00003670   0x00000038   Code   RO         2066    .text.UART_GetDefaultConfig  fsl_uart.o
    0x000036a8   0x000036a8   0x0000005c   Code   RO         2054    .text.UART_GetInstance  fsl_uart.o
    0x00003704   0x00003704   0x000001d8   Code   RO         2058    .text.UART_Init     fsl_uart.o
    0x000038dc   0x000038dc   0x00000022   Code   RO         2090    .text.UART_WriteBlocking  fsl_uart.o
    0x000038fe   0x000038fe   0x00000002   PAD
    0x00003900   0x00003900   0x00000016   Code   RO         1712    .text.__NVIC_EnableIRQ  fsl_enet.o
    0x00003916   0x00003916   0x00000002   PAD
    0x00003918   0x00003918   0x00000010   Code   RO          180    .text.__NVIC_SetPriority  enet_ethernetif_kinetis.o
    0x00003928   0x00003928   0x0000003c   Code   RO         2335    .text.__aeabi_assert  fsl_assert.o
    0x00003964   0x00003964   0x00000120   Code   RO          540    .text.accept_function  api_msg.o
    0x00003a84   0x00003a84   0x00000124   Code   RO         1367    .text.dhcp_bind     dhcp.o
    0x00003ba8   0x00003ba8   0x0000006c   Code   RO         1305    .text.dhcp_coarse_tmr  dhcp.o
    0x00003c14   0x00003c14   0x000001a0   Code   RO         1333    .text.dhcp_create_msg  dhcp.o
    0x00003db4   0x00003db4   0x00000058   Code   RO         1323    .text.dhcp_dec_pcb_refcount  dhcp.o
    0x00003e0c   0x00003e0c   0x000000f4   Code   RO         1329    .text.dhcp_discover  dhcp.o
    0x00003f00   0x00003f00   0x0000003c   Code   RO         1315    .text.dhcp_fine_tmr  dhcp.o
    0x00003f3c   0x00003f3c   0x00000076   Code   RO         1365    .text.dhcp_handle_ack  dhcp.o
    0x00003fb2   0x00003fb2   0x00000002   PAD
    0x00003fb4   0x00003fb4   0x00000026   Code   RO         1369    .text.dhcp_handle_nak  dhcp.o
    0x00003fda   0x00003fda   0x00000002   PAD
    0x00003fdc   0x00003fdc   0x00000038   Code   RO         1371    .text.dhcp_handle_offer  dhcp.o
    0x00004014   0x00004014   0x00000094   Code   RO         1325    .text.dhcp_inc_pcb_refcount  dhcp.o
    0x000040a8   0x000040a8   0x00000030   Code   RO         1335    .text.dhcp_option   dhcp.o
    0x000040d8   0x000040d8   0x00000054   Code   RO         1347    .text.dhcp_option_byte  dhcp.o
    0x0000412c   0x0000412c   0x00000070   Code   RO         1351    .text.dhcp_option_long  dhcp.o
    0x0000419c   0x0000419c   0x00000060   Code   RO         1337    .text.dhcp_option_short  dhcp.o
    0x000041fc   0x000041fc   0x00000036   Code   RO         1339    .text.dhcp_option_trailer  dhcp.o
    0x00004232   0x00004232   0x00000002   PAD
    0x00004234   0x00004234   0x000003ac   Code   RO         1363    .text.dhcp_parse_reply  dhcp.o
    0x000045e0   0x000045e0   0x000000e6   Code   RO         1359    .text.dhcp_rebind   dhcp.o
    0x000046c6   0x000046c6   0x00000002   PAD
    0x000046c8   0x000046c8   0x0000010a   Code   RO         1343    .text.dhcp_reboot   dhcp.o
    0x000047d2   0x000047d2   0x00000002   PAD
    0x000047d4   0x000047d4   0x000000f6   Code   RO         1361    .text.dhcp_recv     dhcp.o
    0x000048ca   0x000048ca   0x00000002   PAD
    0x000048cc   0x000048cc   0x000000d8   Code   RO         1307    .text.dhcp_release_and_stop  dhcp.o
    0x000049a4   0x000049a4   0x000000ee   Code   RO         1345    .text.dhcp_renew    dhcp.o
    0x00004a92   0x00004a92   0x00000002   PAD
    0x00004a94   0x00004a94   0x000001a4   Code   RO         1357    .text.dhcp_select   dhcp.o
    0x00004c38   0x00004c38   0x00000012   Code   RO         1327    .text.dhcp_set_state  dhcp.o
    0x00004c4a   0x00004c4a   0x00000002   PAD
    0x00004c4c   0x00004c4c   0x000000b4   Code   RO         1309    .text.dhcp_start    dhcp.o
    0x00004d00   0x00004d00   0x0000002e   Code   RO         1349    .text.dhcp_supplied_address  dhcp.o
    0x00004d2e   0x00004d2e   0x00000002   PAD
    0x00004d30   0x00004d30   0x00000032   Code   RO         1313    .text.dhcp_t1_timeout  dhcp.o
    0x00004d62   0x00004d62   0x00000002   PAD
    0x00004d64   0x00004d64   0x00000032   Code   RO         1311    .text.dhcp_t2_timeout  dhcp.o
    0x00004d96   0x00004d96   0x00000002   PAD
    0x00004d98   0x00004d98   0x0000005a   Code   RO         1317    .text.dhcp_timeout  dhcp.o
    0x00004df2   0x00004df2   0x00000002   PAD
    0x00004df4   0x00004df4   0x00000044   Code   RO          684    .text.do_memp_free_pool  memp.o
    0x00004e38   0x00004e38   0x00000058   Code   RO          678    .text.do_memp_malloc_pool  memp.o
    0x00004e90   0x00004e90   0x0000005c   Code   RO          194    .text.enet_send_frame  enet_ethernetif_kinetis.o
    0x00004eec   0x00004eec   0x00000118   Code   RO          562    .text.err_tcp       api_msg.o
    0x00005004   0x00005004   0x000001a8   Code   RO         1438    .text.etharp_find_entry  etharp.o
    0x000051ac   0x000051ac   0x0000003c   Code   RO         1430    .text.etharp_free_entry  etharp.o
    0x000051e8   0x000051e8   0x000000d4   Code   RO         1442    .text.etharp_input  etharp.o
    0x000052bc   0x000052bc   0x0000013c   Code   RO         1448    .text.etharp_output  etharp.o
    0x000053f8   0x000053f8   0x000000ac   Code   RO         1450    .text.etharp_output_to_arp_index  etharp.o
    0x000054a4   0x000054a4   0x000001f8   Code   RO         1452    .text.etharp_query  etharp.o
    0x0000569c   0x0000569c   0x00000104   Code   RO         1446    .text.etharp_raw    etharp.o
    0x000057a0   0x000057a0   0x00000010   Code   RO         1432    .text.etharp_request  etharp.o
    0x000057b0   0x000057b0   0x0000002c   Code   RO         1454    .text.etharp_request_dst  etharp.o
    0x000057dc   0x000057dc   0x0000006e   Code   RO         1428    .text.etharp_tmr    etharp.o
    0x0000584a   0x0000584a   0x00000002   PAD
    0x0000584c   0x0000584c   0x000000bc   Code   RO         1444    .text.etharp_update_arp_entry  etharp.o
    0x00005908   0x00005908   0x00000064   Code   RO          178    .text.ethernet_callback  enet_ethernetif_kinetis.o
    0x0000596c   0x0000596c   0x000000a4   Code   RO         1544    .text.ethernet_input  ethernet.o
    0x00005a10   0x00005a10   0x00000094   Code   RO         1546    .text.ethernet_output  ethernet.o
    0x00005aa4   0x00005aa4   0x00000048   Code   RO          196    .text.ethernetif0_init  enet_ethernetif_kinetis.o
    0x00005aec   0x00005aec   0x00000144   Code   RO          172    .text.ethernetif_enet_init  enet_ethernetif_kinetis.o
    0x00005c30   0x00005c30   0x00000002   Code   RO          186    .text.ethernetif_enet_ptr  enet_ethernetif_kinetis.o
    0x00005c32   0x00005c32   0x00000002   PAD
    0x00005c34   0x00005c34   0x00000010   Code   RO          159    .text.ethernetif_get_enet_base  enet_ethernetif.o
    0x00005c44   0x00005c44   0x000000d8   Code   RO          161    .text.ethernetif_init  enet_ethernetif.o
    0x00005d1c   0x00005d1c   0x00000044   Code   RO          157    .text.ethernetif_input  enet_ethernetif.o
    0x00005d60   0x00005d60   0x00000064   Code   RO          188    .text.ethernetif_linkinput  enet_ethernetif_kinetis.o
    0x00005dc4   0x00005dc4   0x00000080   Code   RO          192    .text.ethernetif_linkoutput  enet_ethernetif_kinetis.o
    0x00005e44   0x00005e44   0x00000118   Code   RO          147    .text.ethernetif_phy_init  enet_ethernetif.o
    0x00005f5c   0x00005f5c   0x00000032   Code   RO          174    .text.ethernetif_rx_alloc  enet_ethernetif_kinetis.o
    0x00005f8e   0x00005f8e   0x00000002   PAD
    0x00005f90   0x00005f90   0x000000c8   Code   RO          190    .text.ethernetif_rx_frame_to_pbufs  enet_ethernetif_kinetis.o
    0x00006058   0x00006058   0x00000098   Code   RO          176    .text.ethernetif_rx_free  enet_ethernetif_kinetis.o
    0x000060f0   0x000060f0   0x00000012   Code   RO          182    .text.ethernetif_rx_release  enet_ethernetif_kinetis.o
    0x00006102   0x00006102   0x00000002   PAD
    0x00006104   0x00006104   0x0000000c   Code   RO         1413    .text.icmp_dest_unreach  icmp.o
    0x00006110   0x00006110   0x000001b0   Code   RO         1411    .text.icmp_input    icmp.o
    0x000062c0   0x000062c0   0x000000c4   Code   RO         1415    .text.icmp_send_response  icmp.o
    0x00006384   0x00006384   0x0000000c   Code   RO         1417    .text.icmp_time_exceeded  icmp.o
    0x00006390   0x00006390   0x0000000e   Code   RO          941    .text.inet_chksum   inet_chksum.o
    0x0000639e   0x0000639e   0x00000002   PAD
    0x000063a0   0x000063a0   0x00000052   Code   RO          943    .text.inet_chksum_pbuf  inet_chksum.o
    0x000063f2   0x000063f2   0x00000002   PAD
    0x000063f4   0x000063f4   0x0000002e   Code   RO          929    .text.inet_chksum_pseudo  inet_chksum.o
    0x00006422   0x00006422   0x00000002   PAD
    0x00006424   0x00006424   0x00000074   Code   RO          931    .text.inet_cksum_pseudo_base  inet_chksum.o
    0x00006498   0x00006498   0x00000034   Code   RO         1467    .text.ip4_addr_isbroadcast_u32  ip4_addr.o
    0x000064cc   0x000064cc   0x0000023c   Code   RO         1507    .text.ip4_frag      ip4_frag.o
    0x00006708   0x00006708   0x000001c6   Code   RO         1390    .text.ip4_input     ip4.o
    0x000068ce   0x000068ce   0x00000002   PAD
    0x000068d0   0x000068d0   0x0000002c   Code   RO         1392    .text.ip4_input_accept  ip4.o
    0x000068fc   0x000068fc   0x00000030   Code   RO         1394    .text.ip4_output_if  ip4.o
    0x0000692c   0x0000692c   0x00000138   Code   RO         1396    .text.ip4_output_if_src  ip4.o
    0x00006a64   0x00006a64   0x00000230   Code   RO         1497    .text.ip4_reass     ip4_frag.o
    0x00006c94   0x00006c94   0x00000068   Code   RO         1388    .text.ip4_route     ip4.o
    0x00006cfc   0x00006cfc   0x00000014   Code   RO          933    .text.ip_chksum_pseudo  inet_chksum.o
    0x00006d10   0x00006d10   0x0000000a   Code   RO         1509    .text.ip_frag_alloc_pbuf_custom_ref  ip4_frag.o
    0x00006d1a   0x00006d1a   0x00000002   PAD
    0x00006d1c   0x00006d1c   0x00000024   Code   RO         1511    .text.ip_frag_free_pbuf_custom_ref  ip4_frag.o
    0x00006d40   0x00006d40   0x0000024c   Code   RO         1503    .text.ip_reass_chain_frag_into_datagram_and_validate  ip4_frag.o
    0x00006f8c   0x00006f8c   0x0000004c   Code   RO         1505    .text.ip_reass_dequeue_datagram  ip4_frag.o
    0x00006fd8   0x00006fd8   0x0000005c   Code   RO         1501    .text.ip_reass_enqueue_new_datagram  ip4_frag.o
    0x00007034   0x00007034   0x00000128   Code   RO         1495    .text.ip_reass_free_complete_datagram  ip4_frag.o
    0x0000715c   0x0000715c   0x0000008e   Code   RO         1499    .text.ip_reass_remove_oldest_datagram  ip4_frag.o
    0x000071ea   0x000071ea   0x00000002   PAD
    0x000071ec   0x000071ec   0x00000036   Code   RO         1493    .text.ip_reass_tmr  ip4_frag.o
    0x00007222   0x00007222   0x00000002   PAD
    0x00007224   0x00007224   0x0000002c   Code   RO         1513    .text.ipfrag_free_pbuf_custom  ip4_frag.o
    0x00007250   0x00007250   0x00000032   Code   RO          961    .text.lwip_cyclic_timer  timeouts.o
    0x00007282   0x00007282   0x00000002   PAD
    0x00007284   0x00007284   0x00000004   Code   RO          739    .text.lwip_htonl    def.o
    0x00007288   0x00007288   0x00000004   Code   RO          737    .text.lwip_htons    def.o
    0x0000728c   0x0000728c   0x00000020   Code   RO          919    .text.lwip_init     init.o
    0x000072ac   0x000072ac   0x00000020   Code   RO          546    .text.lwip_netconn_do_accepted  api_msg.o
    0x000072cc   0x000072cc   0x00000038   Code   RO          526    .text.lwip_netconn_do_bind  api_msg.o
    0x00007304   0x00007304   0x000000a4   Code   RO          554    .text.lwip_netconn_do_close  api_msg.o
    0x000073a8   0x000073a8   0x00000268   Code   RO          524    .text.lwip_netconn_do_close_internal  api_msg.o
    0x00007610   0x00007610   0x000000f8   Code   RO          520    .text.lwip_netconn_do_delconn  api_msg.o
    0x00007708   0x00007708   0x0000010c   Code   RO          538    .text.lwip_netconn_do_listen  api_msg.o
    0x00007814   0x00007814   0x00000014   Code   RO          512    .text.lwip_netconn_do_newconn  api_msg.o
    0x00007828   0x00007828   0x0000003c   Code   RO          544    .text.lwip_netconn_do_recv  api_msg.o
    0x00007864   0x00007864   0x000000b4   Code   RO          548    .text.lwip_netconn_do_write  api_msg.o
    0x00007918   0x00007918   0x000002ec   Code   RO          550    .text.lwip_netconn_do_writemore  api_msg.o
    0x00007c04   0x00007c04   0x0000003c   Code   RO          564    .text.lwip_netconn_err_to_msg  api_msg.o
    0x00007c40   0x00007c40   0x00000054   Code   RO          510    .text.lwip_netconn_is_err_msg  api_msg.o
    0x00007c94   0x00007c94   0x00000060   Code   RO          927    .text.lwip_standard_chksum  inet_chksum.o
    0x00007cf4   0x00007cf4   0x00000088   Code   RO            4    .text.main          lwip_tcpecho_freertos.o
    0x00007d7c   0x00007d7c   0x00000128   Code   RO         1095    .text.mem_free      mem.o
    0x00007ea4   0x00007ea4   0x00000084   Code   RO         1091    .text.mem_init      mem.o
    0x00007f28   0x00007f28   0x0000005e   Code   RO         1097    .text.mem_link_valid  mem.o
    0x00007f86   0x00007f86   0x00000002   PAD
    0x00007f88   0x00007f88   0x000001c8   Code   RO         1105    .text.mem_malloc    mem.o
    0x00008150   0x00008150   0x00000010   Code   RO         1103    .text.mem_to_ptr    mem.o
    0x00008160   0x00008160   0x000001b0   Code   RO         1101    .text.mem_trim      mem.o
    0x00008310   0x00008310   0x00000050   Code   RO          686    .text.memp_free     memp.o
    0x00008360   0x00008360   0x00000020   Code   RO          674    .text.memp_init     memp.o
    0x00008380   0x00008380   0x00000036   Code   RO          672    .text.memp_init_pool  memp.o
    0x000083b6   0x000083b6   0x00000002   PAD
    0x000083b8   0x000083b8   0x00000050   Code   RO          680    .text.memp_malloc   memp.o
    0x00008408   0x00008408   0x0000009c   Code   RO          446    .text.netbuf_data   netbuf.o
    0x000084a4   0x000084a4   0x00000026   Code   RO          436    .text.netbuf_delete  netbuf.o
    0x000084ca   0x000084ca   0x00000002   PAD
    0x000084cc   0x000084cc   0x0000004c   Code   RO          448    .text.netbuf_next   netbuf.o
    0x00008518   0x00008518   0x00000104   Code   RO          627    .text.netconn_accept  api_lib.o
    0x0000861c   0x0000861c   0x000000a4   Code   RO          516    .text.netconn_alloc  api_msg.o
    0x000086c0   0x000086c0   0x0000001c   Code   RO          609    .text.netconn_apimsg  api_lib.o
    0x000086dc   0x000086dc   0x00000064   Code   RO          617    .text.netconn_bind  api_lib.o
    0x00008740   0x00008740   0x0000000a   Code   RO          657    .text.netconn_close  api_lib.o
    0x0000874a   0x0000874a   0x00000002   PAD
    0x0000874c   0x0000874c   0x00000058   Code   RO          659    .text.netconn_close_shutdown  api_lib.o
    0x000087a4   0x000087a4   0x00000020   Code   RO          613    .text.netconn_delete  api_lib.o
    0x000087c4   0x000087c4   0x000000c2   Code   RO          522    .text.netconn_drain  api_msg.o
    0x00008886   0x00008886   0x00000002   PAD
    0x00008888   0x00008888   0x0000001c   Code   RO          629    .text.netconn_err   api_lib.o
    0x000088a4   0x000088a4   0x000000ac   Code   RO          518    .text.netconn_free  api_msg.o
    0x00008950   0x00008950   0x00000058   Code   RO          625    .text.netconn_listen_with_backlog  api_lib.o
    0x000089a8   0x000089a8   0x000000f0   Code   RO          607    .text.netconn_new_with_proto_and_callback  api_lib.o
    0x00008a98   0x00008a98   0x00000026   Code   RO          611    .text.netconn_prepare_delete  api_lib.o
    0x00008abe   0x00008abe   0x00000002   PAD
    0x00008ac0   0x00008ac0   0x000000b8   Code   RO          647    .text.netconn_recv  api_lib.o
    0x00008b78   0x00008b78   0x00000114   Code   RO          643    .text.netconn_recv_data  api_lib.o
    0x00008c8c   0x00008c8c   0x0000008c   Code   RO          637    .text.netconn_recv_data_tcp  api_lib.o
    0x00008d18   0x00008d18   0x00000042   Code   RO          633    .text.netconn_tcp_recvd_msg  api_lib.o
    0x00008d5a   0x00008d5a   0x00000002   PAD
    0x00008d5c   0x00008d5c   0x0000001c   Code   RO          653    .text.netconn_write_partly  api_lib.o
    0x00008d78   0x00008d78   0x00000150   Code   RO          655    .text.netconn_write_vectors_partly  api_lib.o
    0x00008ec8   0x00008ec8   0x000001c8   Code   RO         1037    .text.netif_add     netif.o
    0x00009090   0x00009090   0x00000014   Code   RO         1057    .text.netif_do_ip_addr_changed  netif.o
    0x000090a4   0x000090a4   0x00000014   Code   RO         1053    .text.netif_do_set_gw  netif.o
    0x000090b8   0x000090b8   0x00000056   Code   RO         1045    .text.netif_do_set_ipaddr  netif.o
    0x0000910e   0x0000910e   0x00000002   PAD
    0x00009110   0x00009110   0x00000014   Code   RO         1049    .text.netif_do_set_netmask  netif.o
    0x00009124   0x00009124   0x0000003a   Code   RO         1077    .text.netif_get_by_index  netif.o
    0x0000915e   0x0000915e   0x00000002   PAD
    0x00009160   0x00009160   0x00000002   Code   RO         1031    .text.netif_init    netif.o
    0x00009162   0x00009162   0x00000002   PAD
    0x00009164   0x00009164   0x0000005c   Code   RO         1065    .text.netif_issue_reports  netif.o
    0x000091c0   0x000091c0   0x00000006   Code   RO         1039    .text.netif_null_output_ip4  netif.o
    0x000091c6   0x000091c6   0x00000002   PAD
    0x000091c8   0x000091c8   0x0000006a   Code   RO         1041    .text.netif_set_addr  netif.o
    0x00009232   0x00009232   0x00000002   PAD
    0x00009234   0x00009234   0x00000014   Code   RO         1061    .text.netif_set_default  netif.o
    0x00009248   0x00009248   0x00000058   Code   RO         1063    .text.netif_set_up  netif.o
    0x000092a0   0x000092a0   0x00000030   Code   RO          407    .text.netifapi_do_netif_add  netifapi.o
    0x000092d0   0x000092d0   0x00000018   Code   RO          415    .text.netifapi_do_netif_common  netifapi.o
    0x000092e8   0x000092e8   0x00000042   Code   RO          405    .text.netifapi_netif_add  netifapi.o
    0x0000932a   0x0000932a   0x00000002   PAD
    0x0000932c   0x0000932c   0x0000001a   Code   RO          413    .text.netifapi_netif_common  netifapi.o
    0x00009346   0x00009346   0x00000002   PAD
    0x00009348   0x00009348   0x0000000a   Code   RO          777    .text.pbuf_add_header  pbuf.o
    0x00009352   0x00009352   0x00000002   PAD
    0x00009354   0x00009354   0x0000006e   Code   RO          779    .text.pbuf_add_header_impl  pbuf.o
    0x000093c2   0x000093c2   0x00000002   PAD
    0x000093c4   0x000093c4   0x000001cc   Code   RO          765    .text.pbuf_alloc    pbuf.o
    0x00009590   0x00009590   0x00000054   Code   RO          767    .text.pbuf_alloc_reference  pbuf.o
    0x000095e4   0x000095e4   0x0000003c   Code   RO          773    .text.pbuf_alloced_custom  pbuf.o
    0x00009620   0x00009620   0x000000d4   Code   RO          797    .text.pbuf_cat      pbuf.o
    0x000096f4   0x000096f4   0x00000010   Code   RO          799    .text.pbuf_chain    pbuf.o
    0x00009704   0x00009704   0x00000010   Code   RO          793    .text.pbuf_clen     pbuf.o
    0x00009714   0x00009714   0x0000003c   Code   RO          821    .text.pbuf_clone    pbuf.o
    0x00009750   0x00009750   0x00000044   Code   RO          803    .text.pbuf_copy     pbuf.o
    0x00009794   0x00009794   0x000000e0   Code   RO          807    .text.pbuf_copy_partial  pbuf.o
    0x00009874   0x00009874   0x00000168   Code   RO          805    .text.pbuf_copy_partial_pbuf  pbuf.o
    0x000099dc   0x000099dc   0x000000f8   Code   RO          769    .text.pbuf_free     pbuf.o
    0x00009ad4   0x00009ad4   0x0000000a   Code   RO          789    .text.pbuf_header_force  pbuf.o
    0x00009ade   0x00009ade   0x00000002   PAD
    0x00009ae0   0x00009ae0   0x00000016   Code   RO          787    .text.pbuf_header_impl  pbuf.o
    0x00009af6   0x00009af6   0x00000002   PAD
    0x00009af8   0x00009af8   0x0000001e   Code   RO          771    .text.pbuf_init_alloced_pbuf  pbuf.o
    0x00009b16   0x00009b16   0x00000002   PAD
    0x00009b18   0x00009b18   0x00000104   Code   RO          775    .text.pbuf_realloc  pbuf.o
    0x00009c1c   0x00009c1c   0x00000038   Code   RO          795    .text.pbuf_ref      pbuf.o
    0x00009c54   0x00009c54   0x0000007c   Code   RO          783    .text.pbuf_remove_header  pbuf.o
    0x00009cd0   0x00009cd0   0x00000098   Code   RO          514    .text.pcb_new       api_msg.o
    0x00009d68   0x00009d68   0x00000140   Code   RO         1099    .text.plug_holes    mem.o
    0x00009ea8   0x00009ea8   0x00000074   Code   RO          560    .text.poll_tcp      api_msg.o
    0x00009f1c   0x00009f1c   0x000000a2   Code   RO         2706    .text.prvAddCurrentTaskToDelayedList  tasks.o
    0x00009fbe   0x00009fbe   0x00000002   PAD
    0x00009fc0   0x00009fc0   0x000000ae   Code   RO         2694    .text.prvAddNewTaskToReadyList  tasks.o
    0x0000a06e   0x0000a06e   0x00000002   PAD
    0x0000a070   0x0000a070   0x0000006c   Code   RO         2851    .text.prvCheckForValidListAndQueue  timers.o
    0x0000a0dc   0x0000a0dc   0x0000004e   Code   RO         2816    .text.prvCheckTasksWaitingTermination  tasks.o
    0x0000a12a   0x0000a12a   0x00000002   PAD
    0x0000a12c   0x0000a12c   0x00000026   Code   RO         2587    .text.prvCopyDataFromQueue  queue.o
    0x0000a152   0x0000a152   0x00000002   PAD
    0x0000a154   0x0000a154   0x0000007a   Code   RO         2575    .text.prvCopyDataToQueue  queue.o
    0x0000a1ce   0x0000a1ce   0x00000002   PAD
    0x0000a1d0   0x0000a1d0   0x00000012   Code   RO         2700    .text.prvDeleteTCB  tasks.o
    0x0000a1e2   0x0000a1e2   0x00000002   PAD
    0x0000a1e4   0x0000a1e4   0x00000012   Code   RO         2591    .text.prvGetDisinheritPriorityAfterTimeout  queue.o
    0x0000a1f6   0x0000a1f6   0x00000002   PAD
    0x0000a1f8   0x0000a1f8   0x00000020   Code   RO         2887    .text.prvGetNextExpireTime  timers.o
    0x0000a218   0x0000a218   0x0000002a   Code   RO         2732    .text.prvIdleTask   tasks.o
    0x0000a242   0x0000a242   0x00000002   PAD
    0x0000a244   0x0000a244   0x00000020   Code   RO         2563    .text.prvInitialiseMutex  queue.o
    0x0000a264   0x0000a264   0x00000020   Code   RO         2559    .text.prvInitialiseNewQueue  queue.o
    0x0000a284   0x0000a284   0x000000ae   Code   RO         2692    .text.prvInitialiseNewTask  tasks.o
    0x0000a332   0x0000a332   0x00000002   PAD
    0x0000a334   0x0000a334   0x00000070   Code   RO         2814    .text.prvInitialiseTaskLists  tasks.o
    0x0000a3a4   0x0000a3a4   0x00000040   Code   RO         2899    .text.prvInsertTimerInActiveList  timers.o
    0x0000a3e4   0x0000a3e4   0x00000018   Code   RO         2589    .text.prvIsQueueEmpty  queue.o
    0x0000a3fc   0x0000a3fc   0x0000001c   Code   RO         2577    .text.prvIsQueueFull  queue.o
    0x0000a418   0x0000a418   0x00000028   Code   RO         2928    .text.prvPortStartFirstTask  port.o
    0x0000a440   0x0000a440   0x0000006e   Code   RO         2895    .text.prvProcessExpiredTimer  timers.o
    0x0000a4ae   0x0000a4ae   0x00000002   PAD
    0x0000a4b0   0x0000a4b0   0x00000122   Code   RO         2891    .text.prvProcessReceivedCommands  timers.o
    0x0000a5d2   0x0000a5d2   0x00000002   PAD
    0x0000a5d4   0x0000a5d4   0x00000080   Code   RO         2889    .text.prvProcessTimerOrBlockTask  timers.o
    0x0000a654   0x0000a654   0x00000026   Code   RO         2698    .text.prvResetNextTaskUnblockTime  tasks.o
    0x0000a67a   0x0000a67a   0x00000002   PAD
    0x0000a67c   0x0000a67c   0x0000002a   Code   RO         2893    .text.prvSampleTimeNow  timers.o
    0x0000a6a6   0x0000a6a6   0x00000002   PAD
    0x0000a6a8   0x0000a6a8   0x0000008e   Code   RO         2897    .text.prvSwitchTimerLists  timers.o
    0x0000a736   0x0000a736   0x00000002   PAD
    0x0000a738   0x0000a738   0x00000032   Code   RO         2918    .text.prvTaskExitError  port.o
    0x0000a76a   0x0000a76a   0x00000002   PAD
    0x0000a76c   0x0000a76c   0x00000018   Code   RO         2509    .text.prvTestWaitCondition  event_groups.o
    0x0000a784   0x0000a784   0x00000016   Code   RO         2853    .text.prvTimerTask  timers.o
    0x0000a79a   0x0000a79a   0x00000002   PAD
    0x0000a79c   0x0000a79c   0x00000072   Code   RO         2579    .text.prvUnlockQueue  queue.o
    0x0000a80e   0x0000a80e   0x00000002   PAD
    0x0000a810   0x0000a810   0x0000000e   Code   RO         1093    .text.ptr_to_mem    mem.o
    0x0000a81e   0x0000a81e   0x00000002   PAD
    0x0000a820   0x0000a820   0x00000018   Code   RO         2344    .text.pvPortMalloc  heap_3.o
    0x0000a838   0x0000a838   0x00000018   Code   RO         2798    .text.pvTaskIncrementMutexHeldCount  tasks.o
    0x0000a850   0x0000a850   0x00000028   Code   RO         2916    .text.pxPortInitialiseStack  port.o
    0x0000a878   0x0000a878   0x00000110   Code   RO          566    .text.recv_tcp      api_msg.o
    0x0000a988   0x0000a988   0x000000f4   Code   RO          556    .text.recv_udp      api_msg.o
    0x0000aa7c   0x0000aa7c   0x00000068   Code   RO          558    .text.sent_tcp      api_msg.o
    0x0000aae4   0x0000aae4   0x00000048   Code   RO          532    .text.setup_tcp     api_msg.o
    0x0000ab2c   0x0000ab2c   0x00000190   Code   RO            6    .text.stack_init    lwip_tcpecho_freertos.o
    0x0000acbc   0x0000acbc   0x0000005e   Code   RO          231    .text.sys_arch_mbox_fetch  sys_arch.o
    0x0000ad1a   0x0000ad1a   0x00000002   PAD
    0x0000ad1c   0x0000ad1c   0x00000020   Code   RO          233    .text.sys_arch_mbox_tryfetch  sys_arch.o
    0x0000ad3c   0x0000ad3c   0x00000026   Code   RO          257    .text.sys_arch_protect  sys_arch.o
    0x0000ad62   0x0000ad62   0x00000002   PAD
    0x0000ad64   0x0000ad64   0x00000042   Code   RO          237    .text.sys_arch_sem_wait  sys_arch.o
    0x0000ada6   0x0000ada6   0x00000002   PAD
    0x0000ada8   0x0000ada8   0x00000014   Code   RO          259    .text.sys_arch_unprotect  sys_arch.o
    0x0000adbc   0x0000adbc   0x00000018   Code   RO          217    .text.sys_assert    sys_arch.o
    0x0000add4   0x0000add4   0x00000090   Code   RO          267    .text.sys_check_core_locking  sys_arch.o
    0x0000ae64   0x0000ae64   0x00000052   Code   RO          967    .text.sys_check_timeouts  timeouts.o
    0x0000aeb6   0x0000aeb6   0x00000002   PAD
    0x0000aeb8   0x0000aeb8   0x00000002   Code   RO          251    .text.sys_init      sys_arch.o
    0x0000aeba   0x0000aeba   0x00000002   PAD
    0x0000aebc   0x0000aebc   0x00000030   Code   RO          261    .text.sys_lock_tcpip_core  sys_arch.o
    0x0000aeec   0x0000aeec   0x00000012   Code   RO          265    .text.sys_mark_tcpip_thread  sys_arch.o
    0x0000aefe   0x0000aefe   0x00000002   PAD
    0x0000af00   0x0000af00   0x00000026   Code   RO          223    .text.sys_mbox_free  sys_arch.o
    0x0000af26   0x0000af26   0x00000002   PAD
    0x0000af28   0x0000af28   0x00000020   Code   RO          221    .text.sys_mbox_new  sys_arch.o
    0x0000af48   0x0000af48   0x00000060   Code   RO          227    .text.sys_mbox_trypost  sys_arch.o
    0x0000afa8   0x0000afa8   0x00000014   Code   RO          241    .text.sys_mutex_lock  sys_arch.o
    0x0000afbc   0x0000afbc   0x0000001a   Code   RO          239    .text.sys_mutex_new  sys_arch.o
    0x0000afd6   0x0000afd6   0x00000002   PAD
    0x0000afd8   0x0000afd8   0x00000010   Code   RO          243    .text.sys_mutex_unlock  sys_arch.o
    0x0000afe8   0x0000afe8   0x00000008   Code   RO          253    .text.sys_now       sys_arch.o
    0x0000aff0   0x0000aff0   0x0000000a   Code   RO          249    .text.sys_sem_free  sys_arch.o
    0x0000affa   0x0000affa   0x00000002   PAD
    0x0000affc   0x0000affc   0x00000036   Code   RO          235    .text.sys_sem_new   sys_arch.o
    0x0000b032   0x0000b032   0x00000002   PAD
    0x0000b034   0x0000b034   0x00000010   Code   RO          247    .text.sys_sem_signal  sys_arch.o
    0x0000b044   0x0000b044   0x00000064   Code   RO          255    .text.sys_thread_new  sys_arch.o
    0x0000b0a8   0x0000b0a8   0x00000060   Code   RO          955    .text.sys_timeout   timeouts.o
    0x0000b108   0x0000b108   0x00000090   Code   RO          963    .text.sys_timeout_abs  timeouts.o
    0x0000b198   0x0000b198   0x00000028   Code   RO          959    .text.sys_timeouts_init  timeouts.o
    0x0000b1c0   0x0000b1c0   0x00000028   Code   RO          971    .text.sys_timeouts_sleeptime  timeouts.o
    0x0000b1e8   0x0000b1e8   0x0000002e   Code   RO          263    .text.sys_unlock_tcpip_core  sys_arch.o
    0x0000b216   0x0000b216   0x00000002   PAD
    0x0000b218   0x0000b218   0x00000148   Code   RO         1188    .text.tcp_abandon   tcp.o
    0x0000b360   0x0000b360   0x0000000a   Code   RO         1194    .text.tcp_abort     tcp.o
    0x0000b36a   0x0000b36a   0x00000002   PAD
    0x0000b36c   0x0000b36c   0x0000001a   Code   RO         1254    .text.tcp_accept    tcp.o
    0x0000b386   0x0000b386   0x00000002   PAD
    0x0000b388   0x0000b388   0x00000038   Code   RO         1206    .text.tcp_accept_null  tcp.o
    0x0000b3c0   0x0000b3c0   0x000000c4   Code   RO         1232    .text.tcp_alloc     tcp.o
    0x0000b484   0x0000b484   0x00000012   Code   RO         1246    .text.tcp_arg       tcp.o
    0x0000b496   0x0000b496   0x00000002   PAD
    0x0000b498   0x0000b498   0x00000046   Code   RO         1180    .text.tcp_backlog_accepted  tcp.o
    0x0000b4de   0x0000b4de   0x00000002   PAD
    0x0000b4e0   0x0000b4e0   0x00000046   Code   RO         1178    .text.tcp_backlog_delayed  tcp.o
    0x0000b526   0x0000b526   0x00000002   PAD
    0x0000b528   0x0000b528   0x000000fc   Code   RO         1196    .text.tcp_bind      tcp.o
    0x0000b624   0x0000b624   0x00000054   Code   RO         1182    .text.tcp_close     tcp.o
    0x0000b678   0x0000b678   0x00000160   Code   RO         1184    .text.tcp_close_shutdown  tcp.o
    0x0000b7d8   0x0000b7d8   0x00000072   Code   RO         1220    .text.tcp_close_shutdown_fin  tcp.o
    0x0000b84a   0x0000b84a   0x00000002   PAD
    0x0000b84c   0x0000b84c   0x00000118   Code   RO          851    .text.tcp_create_segment  tcp_out.o
    0x0000b964   0x0000b964   0x0000005c   Code   RO         1216    .text.tcp_eff_send_mss_netif  tcp.o
    0x0000b9c0   0x0000b9c0   0x00000184   Code   RO          857    .text.tcp_enqueue_flags  tcp_out.o
    0x0000bb44   0x0000bb44   0x0000004c   Code   RO         1252    .text.tcp_err       tcp.o
    0x0000bb90   0x0000bb90   0x00000094   Code   RO         1174    .text.tcp_fasttmr   tcp.o
    0x0000bc24   0x0000bc24   0x00000030   Code   RO         1170    .text.tcp_free      tcp.o
    0x0000bc54   0x0000bc54   0x000000f8   Code   RO         1004    .text.tcp_free_acked_segments  tcp_in.o
    0x0000bd4c   0x0000bd4c   0x00000038   Code   RO         1268    .text.tcp_free_listen  tcp.o
    0x0000bd84   0x0000bd84   0x00000044   Code   RO         1000    .text.tcp_get_next_optbyte  tcp_in.o
    0x0000bdc8   0x0000bdc8   0x0000002e   Code   RO         1234    .text.tcp_handle_closepend  tcp.o
    0x0000bdf6   0x0000bdf6   0x00000002   PAD
    0x0000bdf8   0x0000bdf8   0x00000002   Code   RO         1168    .text.tcp_init      tcp.o
    0x0000bdfa   0x0000bdfa   0x00000002   PAD
    0x0000bdfc   0x0000bdfc   0x000005dc   Code   RO          986    .text.tcp_input     tcp_in.o
    0x0000c3d8   0x0000c3d8   0x00000074   Code   RO          994    .text.tcp_input_delayed_close  tcp_in.o
    0x0000c44c   0x0000c44c   0x00000058   Code   RO          893    .text.tcp_keepalive  tcp_out.o
    0x0000c4a4   0x0000c4a4   0x00000060   Code   RO         1240    .text.tcp_kill_prio  tcp.o
    0x0000c504   0x0000c504   0x0000004e   Code   RO         1238    .text.tcp_kill_state  tcp.o
    0x0000c552   0x0000c552   0x00000002   PAD
    0x0000c554   0x0000c554   0x00000044   Code   RO         1236    .text.tcp_kill_timewait  tcp.o
    0x0000c598   0x0000c598   0x00000054   Code   RO         1266    .text.tcp_listen_closed  tcp.o
    0x0000c5ec   0x0000c5ec   0x000001a0   Code   RO          990    .text.tcp_listen_input  tcp_in.o
    0x0000c78c   0x0000c78c   0x0000014c   Code   RO         1204    .text.tcp_listen_with_backlog_and_err  tcp.o
    0x0000c8d8   0x0000c8d8   0x00000058   Code   RO         1258    .text.tcp_netif_ip_addr_changed  tcp.o
    0x0000c930   0x0000c930   0x00000060   Code   RO         1260    .text.tcp_netif_ip_addr_changed_pcblist  tcp.o
    0x0000c990   0x0000c990   0x0000000a   Code   RO         1244    .text.tcp_new_ip_type  tcp.o
    0x0000c99a   0x0000c99a   0x00000002   PAD
    0x0000c99c   0x0000c99c   0x0000006c   Code   RO         1198    .text.tcp_new_port  tcp.o
    0x0000ca08   0x0000ca08   0x00000040   Code   RO         1214    .text.tcp_next_iss  tcp.o
    0x0000ca48   0x0000ca48   0x000002c4   Code   RO          859    .text.tcp_output    tcp_out.o
    0x0000cd0c   0x0000cd0c   0x00000060   Code   RO          889    .text.tcp_output_alloc_header  tcp_out.o
    0x0000cd6c   0x0000cd6c   0x000000a0   Code   RO          897    .text.tcp_output_alloc_header_common  tcp_out.o
    0x0000ce0c   0x0000ce0c   0x00000070   Code   RO          883    .text.tcp_output_control_segment  tcp_out.o
    0x0000ce7c   0x0000ce7c   0x00000098   Code   RO          887    .text.tcp_output_control_segment_netif  tcp_out.o
    0x0000cf14   0x0000cf14   0x0000003c   Code   RO          891    .text.tcp_output_fill_options  tcp_out.o
    0x0000cf50   0x0000cf50   0x00000188   Code   RO          865    .text.tcp_output_segment  tcp_out.o
    0x0000d0d8   0x0000d0d8   0x00000040   Code   RO          869    .text.tcp_output_segment_busy  tcp_out.o
    0x0000d118   0x0000d118   0x000000a0   Code   RO          998    .text.tcp_parseopt  tcp_in.o
    0x0000d1b8   0x0000d1b8   0x000000ec   Code   RO          849    .text.tcp_pbuf_prealloc  tcp_out.o
    0x0000d2a4   0x0000d2a4   0x0000007c   Code   RO         1218    .text.tcp_pcb_purge  tcp.o
    0x0000d320   0x0000d320   0x000000f0   Code   RO         1190    .text.tcp_pcb_remove  tcp.o
    0x0000d410   0x0000d410   0x00000070   Code   RO         1256    .text.tcp_poll      tcp.o
    0x0000d480   0x0000d480   0x00000618   Code   RO          992    .text.tcp_process   tcp_in.o
    0x0000da98   0x0000da98   0x000000b8   Code   RO         1222    .text.tcp_process_refused_data  tcp.o
    0x0000db50   0x0000db50   0x00000520   Code   RO         1002    .text.tcp_receive   tcp_in.o
    0x0000e070   0x0000e070   0x0000004c   Code   RO         1248    .text.tcp_recv      tcp.o
    0x0000e0bc   0x0000e0bc   0x00000060   Code   RO         1226    .text.tcp_recv_null  tcp.o
    0x0000e11c   0x0000e11c   0x000000ac   Code   RO         1210    .text.tcp_recved    tcp.o
    0x0000e1c8   0x0000e1c8   0x00000050   Code   RO         1270    .text.tcp_remove_listener  tcp.o
    0x0000e218   0x0000e218   0x00000098   Code   RO          875    .text.tcp_rexmit    tcp_out.o
    0x0000e2b0   0x0000e2b0   0x00000084   Code   RO          877    .text.tcp_rexmit_fast  tcp_out.o
    0x0000e334   0x0000e334   0x0000003c   Code   RO          873    .text.tcp_rexmit_rto  tcp_out.o
    0x0000e370   0x0000e370   0x00000048   Code   RO          871    .text.tcp_rexmit_rto_commit  tcp_out.o
    0x0000e3b8   0x0000e3b8   0x000000a0   Code   RO          867    .text.tcp_rexmit_rto_prepare  tcp_out.o
    0x0000e458   0x0000e458   0x00000016   Code   RO          863    .text.tcp_route     tcp_out.o
    0x0000e46e   0x0000e46e   0x00000002   PAD
    0x0000e470   0x0000e470   0x00000030   Code   RO          879    .text.tcp_rst       tcp_out.o
    0x0000e4a0   0x0000e4a0   0x0000008c   Code   RO          881    .text.tcp_rst_common  tcp_out.o
    0x0000e52c   0x0000e52c   0x00000034   Code   RO          885    .text.tcp_rst_netif  tcp_out.o
    0x0000e560   0x0000e560   0x00000022   Code   RO         1228    .text.tcp_seg_free  tcp.o
    0x0000e582   0x0000e582   0x00000002   PAD
    0x0000e584   0x0000e584   0x00000016   Code   RO         1192    .text.tcp_segs_free  tcp.o
    0x0000e59a   0x0000e59a   0x00000002   PAD
    0x0000e59c   0x0000e59c   0x00000074   Code   RO          861    .text.tcp_send_empty_ack  tcp_out.o
    0x0000e610   0x0000e610   0x00000068   Code   RO          855    .text.tcp_send_fin  tcp_out.o
    0x0000e678   0x0000e678   0x00000048   Code   RO         1250    .text.tcp_sent      tcp.o
    0x0000e6c0   0x0000e6c0   0x0000009c   Code   RO         1186    .text.tcp_shutdown  tcp.o
    0x0000e75c   0x0000e75c   0x0000047c   Code   RO         1176    .text.tcp_slowtmr   tcp.o
    0x0000ebd8   0x0000ebd8   0x000001d8   Code   RO          853    .text.tcp_split_unsent_seg  tcp_out.o
    0x0000edb0   0x0000edb0   0x00000042   Code   RO          953    .text.tcp_timer_needed  timeouts.o
    0x0000edf2   0x0000edf2   0x00000002   PAD
    0x0000edf4   0x0000edf4   0x000000d4   Code   RO          988    .text.tcp_timewait_input  tcp_in.o
    0x0000eec8   0x0000eec8   0x0000001e   Code   RO         1172    .text.tcp_tmr       tcp.o
    0x0000eee6   0x0000eee6   0x00000002   PAD
    0x0000eee8   0x0000eee8   0x00000012   Code   RO          996    .text.tcp_trigger_input_pcb_close  tcp_in.o
    0x0000eefa   0x0000eefa   0x00000002   PAD
    0x0000eefc   0x0000eefc   0x00000090   Code   RO         1208    .text.tcp_update_rcv_ann_wnd  tcp.o
    0x0000ef8c   0x0000ef8c   0x0000064c   Code   RO          845    .text.tcp_write     tcp_out.o
    0x0000f5d8   0x0000f5d8   0x000000d0   Code   RO          847    .text.tcp_write_checks  tcp_out.o
    0x0000f6a8   0x0000f6a8   0x000000dc   Code   RO          895    .text.tcp_zero_window_probe  tcp_out.o
    0x0000f784   0x0000f784   0x00000034   Code   RO          135    .text.tcpecho_init  tcpecho.o
    0x0000f7b8   0x0000f7b8   0x00000110   Code   RO          137    .text.tcpecho_thread  tcpecho.o
    0x0000f8c8   0x0000f8c8   0x00000018   Code   RO          471    .text.tcpip_api_call  tcpip.o
    0x0000f8e0   0x0000f8e0   0x000000c0   Code   RO          483    .text.tcpip_init    tcpip.o
    0x0000f9a0   0x0000f9a0   0x00000060   Code   RO          461    .text.tcpip_inpkt   tcpip.o
    0x0000fa00   0x0000fa00   0x00000024   Code   RO          463    .text.tcpip_input   tcpip.o
    0x0000fa24   0x0000fa24   0x00000016   Code   RO          469    .text.tcpip_send_msg_wait_sem  tcpip.o
    0x0000fa3a   0x0000fa3a   0x00000002   PAD
    0x0000fa3c   0x0000fa3c   0x0000003e   Code   RO          957    .text.tcpip_tcp_timer  timeouts.o
    0x0000fa7a   0x0000fa7a   0x00000002   PAD
    0x0000fa7c   0x0000fa7c   0x00000048   Code   RO          485    .text.tcpip_thread  tcpip.o
    0x0000fac4   0x0000fac4   0x00000048   Code   RO          495    .text.tcpip_thread_handle_msg  tcpip.o
    0x0000fb0c   0x0000fb0c   0x0000005c   Code   RO          493    .text.tcpip_timeouts_mbox_fetch  tcpip.o
    0x0000fb68   0x0000fb68   0x000000c0   Code   RO         1137    .text.udp_bind      udp.o
    0x0000fc28   0x0000fc28   0x000000b0   Code   RO         1143    .text.udp_connect   udp.o
    0x0000fcd8   0x0000fcd8   0x00000002   Code   RO         1123    .text.udp_init      udp.o
    0x0000fcda   0x0000fcda   0x00000002   PAD
    0x0000fcdc   0x0000fcdc   0x00000214   Code   RO         1125    .text.udp_input     udp.o
    0x0000fef0   0x0000fef0   0x000000d4   Code   RO         1127    .text.udp_input_local_match  udp.o
    0x0000ffc4   0x0000ffc4   0x0000003e   Code   RO         1155    .text.udp_netif_ip_addr_changed  udp.o
    0x00010002   0x00010002   0x00000002   PAD
    0x00010004   0x00010004   0x00000022   Code   RO         1151    .text.udp_new       udp.o
    0x00010026   0x00010026   0x00000002   PAD
    0x00010028   0x00010028   0x0000000c   Code   RO         1153    .text.udp_new_ip_type  udp.o
    0x00010034   0x00010034   0x00000062   Code   RO         1139    .text.udp_new_port  udp.o
    0x00010096   0x00010096   0x00000002   PAD
    0x00010098   0x00010098   0x00000044   Code   RO         1147    .text.udp_recv      udp.o
    0x000100dc   0x000100dc   0x00000064   Code   RO         1149    .text.udp_remove    udp.o
    0x00010140   0x00010140   0x00000118   Code   RO         1133    .text.udp_sendto_if  udp.o
    0x00010258   0x00010258   0x000001f8   Code   RO         1135    .text.udp_sendto_if_src  udp.o
    0x00010450   0x00010450   0x00000024   Code   RO         2545    .text.uxListRemove  list.o
    0x00010474   0x00010474   0x00000026   Code   RO         2599    .text.uxQueueMessagesWaiting  queue.o
    0x0001049a   0x0001049a   0x00000002   PAD
    0x0001049c   0x0001049c   0x0000001a   Code   RO         2796    .text.uxTaskResetEventItemValue  tasks.o
    0x000104b6   0x000104b6   0x00000002   PAD
    0x000104b8   0x000104b8   0x00000008   Code   RO         2521    .text.vEventGroupSetBitsCallback  event_groups.o
    0x000104c0   0x000104c0   0x00000016   Code   RO         2537    .text.vListInitialise  list.o
    0x000104d6   0x000104d6   0x00000002   PAD
    0x000104d8   0x000104d8   0x00000006   Code   RO         2539    .text.vListInitialiseItem  list.o
    0x000104de   0x000104de   0x00000002   PAD
    0x000104e0   0x000104e0   0x0000003a   Code   RO         2543    .text.vListInsert   list.o
    0x0001051a   0x0001051a   0x00000002   PAD
    0x0001051c   0x0001051c   0x0000001c   Code   RO         2541    .text.vListInsertEnd  list.o
    0x00010538   0x00010538   0x00000014   Code   RO         2926    .text.vPortEnableVFP  port.o
    0x0001054c   0x0001054c   0x00000046   Code   RO         2932    .text.vPortEnterCritical  port.o
    0x00010592   0x00010592   0x00000002   PAD
    0x00010594   0x00010594   0x0000002e   Code   RO         2934    .text.vPortExitCritical  port.o
    0x000105c2   0x000105c2   0x00000002   PAD
    0x000105c4   0x000105c4   0x0000001e   Code   RO         2346    .text.vPortFree     heap_3.o
    0x000105e2   0x000105e2   0x00000002   PAD
    0x000105e4   0x000105e4   0x00000034   Code   RO         2924    .text.vPortSetupTimerInterrupt  port.o
    0x00010618   0x00010618   0x00000062   Code   RO         2940    .text.vPortValidateInterruptPriority  port.o
    0x0001067a   0x0001067a   0x00000002   PAD
    0x0001067c   0x0001067c   0x00000028   Code   RO         2619    .text.vQueueAddToRegistry  queue.o
    0x000106a4   0x000106a4   0x00000026   Code   RO         2605    .text.vQueueDelete  queue.o
    0x000106ca   0x000106ca   0x00000002   PAD
    0x000106cc   0x000106cc   0x0000002a   Code   RO         2607    .text.vQueueUnregisterQueue  queue.o
    0x000106f6   0x000106f6   0x00000002   PAD
    0x000106f8   0x000106f8   0x00000044   Code   RO         2623    .text.vQueueWaitForMessageRestricted  queue.o
    0x0001073c   0x0001073c   0x00000054   Code   RO         2710    .text.vTaskDelay    tasks.o
    0x00010790   0x00010790   0x000000f6   Code   RO         2696    .text.vTaskDelete   tasks.o
    0x00010886   0x00010886   0x00000002   PAD
    0x00010888   0x00010888   0x0000001a   Code   RO         2764    .text.vTaskInternalSetTimeOutState  tasks.o
    0x000108a2   0x000108a2   0x00000002   PAD
    0x000108a4   0x000108a4   0x0000000e   Code   RO         2768    .text.vTaskMissedYield  tasks.o
    0x000108b2   0x000108b2   0x00000002   PAD
    0x000108b4   0x000108b4   0x00000032   Code   RO         2752    .text.vTaskPlaceOnEventList  tasks.o
    0x000108e6   0x000108e6   0x00000002   PAD
    0x000108e8   0x000108e8   0x0000003e   Code   RO         2756    .text.vTaskPlaceOnEventListRestricted  tasks.o
    0x00010926   0x00010926   0x00000002   PAD
    0x00010928   0x00010928   0x0000005a   Code   RO         2754    .text.vTaskPlaceOnUnorderedEventList  tasks.o
    0x00010982   0x00010982   0x00000002   PAD
    0x00010984   0x00010984   0x000000ba   Code   RO         2790    .text.vTaskPriorityDisinheritAfterTimeout  tasks.o
    0x00010a3e   0x00010a3e   0x00000002   PAD
    0x00010a40   0x00010a40   0x00000096   Code   RO         2760    .text.vTaskRemoveFromUnorderedEventList  tasks.o
    0x00010ad6   0x00010ad6   0x00000002   PAD
    0x00010ad8   0x00010ad8   0x0000009c   Code   RO         2730    .text.vTaskStartScheduler  tasks.o
    0x00010b74   0x00010b74   0x00000010   Code   RO         2704    .text.vTaskSuspendAll  tasks.o
    0x00010b84   0x00010b84   0x00000086   Code   RO         2722    .text.vTaskSwitchContext  tasks.o
    0x00010c0a   0x00010c0a   0x00000002   PAD
    0x00010c0c   0x00010c0c   0x0000001c   Code   RO         2501    .text.xEventGroupCreate  event_groups.o
    0x00010c28   0x00010c28   0x0000009e   Code   RO         2505    .text.xEventGroupSetBits  event_groups.o
    0x00010cc6   0x00010cc6   0x00000002   PAD
    0x00010cc8   0x00010cc8   0x00000016   Code   RO         2523    .text.xEventGroupSetBitsFromISR  event_groups.o
    0x00010cde   0x00010cde   0x00000002   PAD
    0x00010ce0   0x00010ce0   0x00000120   Code   RO         2507    .text.xEventGroupWaitBits  event_groups.o
    0x00010e00   0x00010e00   0x00000112   Code   RO         2922    .text.xPortStartScheduler  port.o
    0x00010f12   0x00010f12   0x00000002   PAD
    0x00010f14   0x00010f14   0x00000042   Code   RO         2573    .text.xQueueCreateCountingSemaphore  queue.o
    0x00010f56   0x00010f56   0x00000002   PAD
    0x00010f58   0x00010f58   0x00000016   Code   RO         2561    .text.xQueueCreateMutex  queue.o
    0x00010f6e   0x00010f6e   0x00000002   PAD
    0x00010f70   0x00010f70   0x00000070   Code   RO         2557    .text.xQueueGenericCreate  queue.o
    0x00010fe0   0x00010fe0   0x0000007e   Code   RO         2555    .text.xQueueGenericReset  queue.o
    0x0001105e   0x0001105e   0x00000002   PAD
    0x00011060   0x00011060   0x000001a2   Code   RO         2567    .text.xQueueGenericSend  queue.o
    0x00011202   0x00011202   0x00000002   PAD
    0x00011204   0x00011204   0x000000e8   Code   RO         2581    .text.xQueueGenericSendFromISR  queue.o
    0x000112ec   0x000112ec   0x00000184   Code   RO         2585    .text.xQueueReceive  queue.o
    0x00011470   0x00011470   0x000001c6   Code   RO         2571    .text.xQueueSemaphoreTake  queue.o
    0x00011636   0x00011636   0x00000002   PAD
    0x00011638   0x00011638   0x0000008c   Code   RO         2766    .text.xTaskCheckForTimeOut  tasks.o
    0x000116c4   0x000116c4   0x00000060   Code   RO         2690    .text.xTaskCreate   tasks.o
    0x00011724   0x00011724   0x0000000c   Code   RO         2782    .text.xTaskGetCurrentTaskHandle  tasks.o
    0x00011730   0x00011730   0x00000026   Code   RO         2784    .text.xTaskGetSchedulerState  tasks.o
    0x00011756   0x00011756   0x00000002   PAD
    0x00011758   0x00011758   0x0000000c   Code   RO         2738    .text.xTaskGetTickCount  tasks.o
    0x00011764   0x00011764   0x00000148   Code   RO         2736    .text.xTaskIncrementTick  tasks.o
    0x000118ac   0x000118ac   0x000000aa   Code   RO         2788    .text.xTaskPriorityDisinherit  tasks.o
    0x00011956   0x00011956   0x00000002   PAD
    0x00011958   0x00011958   0x000000aa   Code   RO         2786    .text.xTaskPriorityInherit  tasks.o
    0x00011a02   0x00011a02   0x00000002   PAD
    0x00011a04   0x00011a04   0x00000090   Code   RO         2758    .text.xTaskRemoveFromEventList  tasks.o
    0x00011a94   0x00011a94   0x00000118   Code   RO         2708    .text.xTaskResumeAll  tasks.o
    0x00011bac   0x00011bac   0x00000060   Code   RO         2849    .text.xTimerCreateTimerTask  timers.o
    0x00011c0c   0x00011c0c   0x00000068   Code   RO         2859    .text.xTimerGenericCommand  timers.o
    0x00011c74   0x00011c74   0x0000002a   Code   RO         2879    .text.xTimerPendFunctionCallFromISR  timers.o
    0x00011c9e   0x00011c9e   0x00000002   PAD
    0x00011ca0   0x00011ca0   0x00000020   Code   RO         3096    i.__0printf$3       mc_w.l(printf3.o)
    0x00011cc0   0x00011cc0   0x00000050   Code   RO         3268    i.__free$2region    mc_w.l(malloc2.o)
    0x00011d10   0x00011d10   0x0000006c   Code   RO         3269    i.__malloc$2region  mc_w.l(malloc2.o)
    0x00011d7c   0x00011d7c   0x0000000e   Code   RO         3374    i.__scatterload_copy  mc_w.l(handlers.o)
    0x00011d8a   0x00011d8a   0x00000002   Code   RO         3375    i.__scatterload_null  mc_w.l(handlers.o)
    0x00011d8c   0x00011d8c   0x0000000e   Code   RO         3376    i.__scatterload_zeroinit  mc_w.l(handlers.o)
    0x00011d9a   0x00011d9a   0x00000002   PAD
    0x00011d9c   0x00011d9c   0x000001b8   Code   RO         3103    i._printf_core      mc_w.l(printf3.o)
    0x00011f54   0x00011f54   0x00000012   Code   RO         3321    i.fputc             mc_w.l(fputc.o)
    0x00011f66   0x00011f66   0x00000002   PAD
    0x00011f68   0x00011f68   0x0000000c   Data   RO           10    .rodata..L__const.stack_init.enet_config  lwip_tcpecho_freertos.o
    0x00011f74   0x00011f74   0x00000003   Data   RO         1375    .rodata.dhcp_discover_request_options  dhcp.o
    0x00011f77   0x00011f77   0x00000001   PAD
    0x00011f78   0x00011f78   0x00000014   Data   RO           94    .rodata.enet_ops    fsl_enet_mdio.o
    0x00011f8c   0x00011f8c   0x00000006   Data   RO         1548    .rodata.ethbroadcast  ethernet.o
    0x00011f92   0x00011f92   0x00000006   Data   RO         1549    .rodata.ethzero     ethernet.o
    0x00011f98   0x00011f98   0x00000004   Data   RO         1481    .rodata.ip_addr_any  ip4_addr.o
    0x00011f9c   0x00011f9c   0x00000004   Data   RO         1482    .rodata.ip_addr_broadcast  ip4_addr.o
    0x00011fa0   0x00011fa0   0x00000028   Data   RO          973    .rodata.lwip_cyclic_timers  timeouts.o
    0x00011fc8   0x00011fc8   0x0000000b   Data   RO           65    .rodata.mcgConfig_BOARD_BootClockRUN  clock_config.o
    0x00011fd3   0x00011fd3   0x00000001   PAD
    0x00011fd4   0x00011fd4   0x00000010   Data   RO          706    .rodata.memp_FRAG_PBUF  memp.o
    0x00011fe4   0x00011fe4   0x00000010   Data   RO          709    .rodata.memp_NETBUF  memp.o
    0x00011ff4   0x00011ff4   0x00000010   Data   RO          712    .rodata.memp_NETCONN  memp.o
    0x00012004   0x00012004   0x00000010   Data   RO          724    .rodata.memp_PBUF   memp.o
    0x00012014   0x00012014   0x00000010   Data   RO          727    .rodata.memp_PBUF_POOL  memp.o
    0x00012024   0x00012024   0x00000010   Data   RO          703    .rodata.memp_REASSDATA  memp.o
    0x00012034   0x00012034   0x00000010   Data   RO          721    .rodata.memp_SYS_TIMEOUT  memp.o
    0x00012044   0x00012044   0x00000010   Data   RO          715    .rodata.memp_TCPIP_MSG_API  memp.o
    0x00012054   0x00012054   0x00000010   Data   RO          718    .rodata.memp_TCPIP_MSG_INPKT  memp.o
    0x00012064   0x00012064   0x00000010   Data   RO          694    .rodata.memp_TCP_PCB  memp.o
    0x00012074   0x00012074   0x00000010   Data   RO          697    .rodata.memp_TCP_PCB_LISTEN  memp.o
    0x00012084   0x00012084   0x00000010   Data   RO          700    .rodata.memp_TCP_SEG  memp.o
    0x00012094   0x00012094   0x00000010   Data   RO          691    .rodata.memp_UDP_PCB  memp.o
    0x000120a4   0x000120a4   0x00000034   Data   RO          728    .rodata.memp_pools  memp.o
    0x000120d8   0x000120d8   0x00000001   Data   RO          568    .rodata.netconn_aborted  api_msg.o
    0x000120d9   0x000120d9   0x00000001   Data   RO          570    .rodata.netconn_closed  api_msg.o
    0x000120da   0x000120da   0x00000001   Data   RO          569    .rodata.netconn_reset  api_msg.o
    0x000120db   0x000120db   0x00000001   PAD
    0x000120dc   0x000120dc   0x00000008   Data   RO           67    .rodata.oscConfig_BOARD_BootClockRUN  clock_config.o
    0x000120e4   0x000120e4   0x00000020   Data   RO          125    .rodata.phyksz8081_ops  fsl_phyksz8081.o
    0x00012104   0x00012104   0x00000018   Data   RO         2386    .rodata.s_UartAdapterBase  fsl_adapter_uart.o
    0x0001211c   0x0001211c   0x00000004   Data   RO         1718    .rodata.s_enetClock  fsl_enet.o
    0x00012120   0x00012120   0x00000018   Data   RO         2161    .rodata.s_uartClock  fsl_uart.o
    0x00012138   0x00012138   0x00000008   Data   RO           66    .rodata.simConfig_BOARD_BootClockRUN  clock_config.o
    0x00012140   0x00012140   0x00000035   Data   RO           12    .rodata.str1.1      lwip_tcpecho_freertos.o
    0x00012175   0x00012175   0x00000063   Data   RO          126    .rodata.str1.1      fsl_phyksz8081.o
    0x000121d8   0x000121d8   0x00000069   Data   RO          163    .rodata.str1.1      enet_ethernetif.o
    0x00012241   0x00012241   0x0000008e   Data   RO          207    .rodata.str1.1      enet_ethernetif_kinetis.o
    0x000122cf   0x000122cf   0x0000002b   Data   RO          498    .rodata.str1.1      tcpip.o
    0x000122fa   0x000122fa   0x000000e6   Data   RO          571    .rodata.str1.1      api_msg.o
    0x000123e0   0x000123e0   0x0000005d   Data   RO          663    .rodata.str1.1      api_lib.o
    0x0001243d   0x0001243d   0x0000008b   Data   RO          688    .rodata.str1.1      memp.o
    0x000124c8   0x000124c8   0x000000d7   Data   RO          835    .rodata.str1.1      pbuf.o
    0x0001259f   0x0001259f   0x0000028d   Data   RO          899    .rodata.str1.1      tcp_out.o
    0x0001282c   0x0001282c   0x00000123   Data   RO         1014    .rodata.str1.1      tcp_in.o
    0x0001294f   0x0001294f   0x00000059   Data   RO         1114    .rodata.str1.1      mem.o
    0x000129a8   0x000129a8   0x00000061   Data   RO         1158    .rodata.str1.1      udp.o
    0x00012a09   0x00012a09   0x00000186   Data   RO         1278    .rodata.str1.1      tcp.o
    0x00012b8f   0x00012b8f   0x00000042   Data   RO         1373    .rodata.str1.1      dhcp.o
    0x00012bd1   0x00012bd1   0x0000000c   Data   RO         1400    .rodata.str1.1      ip4.o
    0x00012bdd   0x00012bdd   0x0000006d   Data   RO         1457    .rodata.str1.1      etharp.o
    0x00012c4a   0x00012c4a   0x0000019b   Data   RO         1719    .rodata.str1.1      fsl_enet.o
    0x00012de5   0x00012de5   0x0000003d   Data   RO         1865    .rodata.str1.1      fsl_clock.o
    0x00012e22   0x00012e22   0x000000c1   Data   RO         2160    .rodata.str1.1      fsl_uart.o
    0x00012ee3   0x00012ee3   0x00000081   Data   RO         2385    .rodata.str1.1      fsl_adapter_uart.o
    0x00012f64   0x00012f64   0x0000000d   Data   RO         1282    .rodata.tcp_backoff  tcp.o
    0x00012f71   0x00012f71   0x00000003   PAD
    0x00012f74   0x00012f74   0x00000010   Data   RO         1276    .rodata.tcp_pcb_lists  tcp.o
    0x00012f84   0x00012f84   0x00000004   Data   RO         2819    .rodata.uxTopUsedPriority  tasks.o
    0x00012f88   0x00012f88   0x00000020   Data   RO         3373    Region$$Table       anon$$obj.o


    Execution Region RW_m_data (Exec base: 0x1fff0000, Load base: 0x00012fa8, Size: 0x00000000, Max: 0x00010000, ABSOLUTE)

    **** No section assigned to this execution region ****


    Execution Region RW_m_data_2 (Exec base: 0x20000000, Load base: 0x00012fb0, Size: 0x0000df8c, Max: 0x00029400, ABSOLUTE)

    Exec Addr    Load Addr    Size         Type   Attr      Idx    E Section Name        Object

    0x20000000   0x00012fb0   0x00000004   Data   RW         3325    .data               mc_w.l(stdout.o)
    0x20000004   0x00012fb4   0x00000004   Data   RW         3345    .data               mc_w.l(mvars.o)
    0x20000008   0x00012fb8   0x00000004   Data   RW         3346    .data               mc_w.l(mvars.o)
    0x2000000c   0x00012fbc   0x00000004   Data   RW         2362    .data.SystemCoreClock  system_mk64f12.o
    0x20000010   0x00012fc0   0x00000004   Data   RW         1379    .data.dhcp_create_msg.xid  dhcp.o
    0x20000014   0x00012fc4   0x0000000c   Data   RW           11    .data.mdioHandle    lwip_tcpecho_freertos.o
    0x20000020   0x00012fd0   0x0000000c   Data   RW            9    .data.phyHandle     lwip_tcpecho_freertos.o
    0x2000002c   0x00012fdc   0x00000004   Data   RW         1868    .data.s_fastIrcFreq  fsl_clock.o
    0x20000030   0x00012fe0   0x00000004   Data   RW         1867    .data.s_slowIrcFreq  fsl_clock.o
    0x20000034   0x00012fe4   0x00000004   Data   RW         2159    .data.s_uartIsr     fsl_uart.o
    0x20000038   0x00012fe8   0x00000004   Data   RW         1283    .data.tcp_next_iss.iss  tcp.o
    0x2000003c   0x00012fec   0x00000002   Data   RW         1284    .data.tcp_port      tcp.o
    0x2000003e   0x00012fee   0x00000002   Data   RW         1159    .data.udp_port      udp.o
    0x20000040   0x00012ff0   0x00000004   Data   RW         2944    .data.uxCriticalNesting  port.o
    0x20000044   0x00012ff4   0x0000000c   PAD
    0x20000050        -       0x00000004   Zero   RW         1011    .bss.ackno          tcp_in.o
    0x20000054        -       0x000000f0   Zero   RW         1456    .bss.arp_table      etharp.o
    0x20000144        -       0x00000004   Zero   RW          977    .bss.current_timeout_due_time  timeouts.o
    0x20000148        -       0x00000004   Zero   RW         1374    .bss.dhcp_pcb       dhcp.o
    0x2000014c        -       0x00000001   Zero   RW         1378    .bss.dhcp_pcb_refcount  dhcp.o
    0x2000014d        -       0x00000008   Zero   RW         1377    .bss.dhcp_rx_options_given  dhcp.o
    0x20000155   0x00012ff4   0x00000003   PAD
    0x20000158        -       0x00000020   Zero   RW         1376    .bss.dhcp_rx_options_val  dhcp.o
    0x20000178        -       0x000005ee   Zero   RW          208    .bss.enet_get_tx_buffer.ucBuffer  enet_ethernetif_kinetis.o
    0x20000766        -       0x00000001   Zero   RW         1458    .bss.etharp_cached_entry  etharp.o
    0x20000767   0x00012ff4   0x00000001   PAD
    0x20000768        -       0x000001e0   Zero   RW          202    .bss.ethernetif0_init.ethernetif_0  enet_ethernetif_kinetis.o
    0x20000948   0x00012ff4   0x00000008   PAD
    0x20000950        -       0x00000028   Zero   RW          203    .bss.ethernetif0_init.rxBuffDescrip_0  enet_ethernetif_kinetis.o
    0x20000978   0x00012ff4   0x00000008   PAD
    0x20000980        -       0x00003b60   Zero   RW          205    .bss.ethernetif0_init.rxDataBuff_0  enet_ethernetif_kinetis.o
    0x200044e0        -       0x00000018   Zero   RW          204    .bss.ethernetif0_init.txBuffDescrip_0  enet_ethernetif_kinetis.o
    0x200044f8   0x00012ff4   0x00000008   PAD
    0x20004500        -       0x000011d0   Zero   RW          206    .bss.ethernetif0_init.txDataBuff_0  enet_ethernetif_kinetis.o
    0x200056d0        -       0x00000001   Zero   RW         1012    .bss.flags          tcp_in.o
    0x200056d1   0x00012ff4   0x00000003   PAD
    0x200056d4        -       0x00000004   Zero   RW         2326    .bss.g_serialHandle  fsl_debug_console.o
    0x200056d8        -       0x00000004   Zero   RW         1864    .bss.g_xtal0Freq    fsl_clock.o
    0x200056dc        -       0x00000004   Zero   RW         1866    .bss.g_xtal32Freq   fsl_clock.o
    0x200056e0        -       0x00000004   Zero   RW         1020    .bss.inseg.1        tcp_in.o
    0x200056e4        -       0x00000002   Zero   RW         1021    .bss.inseg.2        tcp_in.o
    0x200056e6   0x00012ff4   0x00000002   PAD
    0x200056e8        -       0x00000004   Zero   RW         1022    .bss.inseg.5        tcp_in.o
    0x200056ec        -       0x00000018   Zero   RW          759    .bss.ip_data        ip.o
    0x20005704        -       0x00000002   Zero   RW         1401    .bss.ip_id          ip4.o
    0x20005706        -       0x00000002   Zero   RW         1516    .bss.ip_reass_pbufcount  ip4_frag.o
    0x20005708        -       0x00000004   Zero   RW         1112    .bss.lfree          mem.o
    0x2000570c        -       0x00000004   Zero   RW          501    .bss.lock_tcpip_core  tcpip.o
    0x20005710        -       0x00000001   Zero   RW          271    .bss.lwip_core_lock_count  sys_arch.o
    0x20005711   0x00012ff4   0x00000003   PAD
    0x20005714        -       0x00000004   Zero   RW          272    .bss.lwip_core_lock_holder_thread  sys_arch.o
    0x20005718        -       0x00000004   Zero   RW          273    .bss.lwip_tcpip_thread  sys_arch.o
    0x2000571c        -       0x00000004   Zero   RW         1113    .bss.mem_mutex      mem.o
    0x20005720        -       0x0000016b   Zero   RW          704    .bss.memp_memory_FRAG_PBUF_base  memp.o
    0x2000588b        -       0x00000023   Zero   RW          707    .bss.memp_memory_NETBUF_base  memp.o
    0x200058ae        -       0x000000b3   Zero   RW          710    .bss.memp_memory_NETCONN_base  memp.o
    0x20005961        -       0x00001def   Zero   RW          725    .bss.memp_memory_PBUF_POOL_base  memp.o
    0x20007750        -       0x000000f3   Zero   RW          722    .bss.memp_memory_PBUF_base  memp.o
    0x20007843        -       0x000000a3   Zero   RW          701    .bss.memp_memory_REASSDATA_base  memp.o
    0x200078e6        -       0x000000a3   Zero   RW          719    .bss.memp_memory_SYS_TIMEOUT_base  memp.o
    0x20007989        -       0x00000083   Zero   RW          713    .bss.memp_memory_TCPIP_MSG_API_base  memp.o
    0x20007a0c        -       0x00000083   Zero   RW          716    .bss.memp_memory_TCPIP_MSG_INPKT_base  memp.o
    0x20007a8f        -       0x000000c3   Zero   RW          695    .bss.memp_memory_TCP_PCB_LISTEN_base  memp.o
    0x20007b52        -       0x000005f3   Zero   RW          692    .bss.memp_memory_TCP_PCB_base  memp.o
    0x20008145        -       0x000001bb   Zero   RW          698    .bss.memp_memory_TCP_SEG_base  memp.o
    0x20008300        -       0x000000c3   Zero   RW          689    .bss.memp_memory_UDP_PCB_base  memp.o
    0x200083c3   0x00012ff4   0x00000001   PAD
    0x200083c4        -       0x00000004   Zero   RW          705    .bss.memp_tab_FRAG_PBUF  memp.o
    0x200083c8        -       0x00000004   Zero   RW          708    .bss.memp_tab_NETBUF  memp.o
    0x200083cc        -       0x00000004   Zero   RW          711    .bss.memp_tab_NETCONN  memp.o
    0x200083d0        -       0x00000004   Zero   RW          723    .bss.memp_tab_PBUF  memp.o
    0x200083d4        -       0x00000004   Zero   RW          726    .bss.memp_tab_PBUF_POOL  memp.o
    0x200083d8        -       0x00000004   Zero   RW          702    .bss.memp_tab_REASSDATA  memp.o
    0x200083dc        -       0x00000004   Zero   RW          720    .bss.memp_tab_SYS_TIMEOUT  memp.o
    0x200083e0        -       0x00000004   Zero   RW          714    .bss.memp_tab_TCPIP_MSG_API  memp.o
    0x200083e4        -       0x00000004   Zero   RW          717    .bss.memp_tab_TCPIP_MSG_INPKT  memp.o
    0x200083e8        -       0x00000004   Zero   RW          693    .bss.memp_tab_TCP_PCB  memp.o
    0x200083ec        -       0x00000004   Zero   RW          696    .bss.memp_tab_TCP_PCB_LISTEN  memp.o
    0x200083f0        -       0x00000004   Zero   RW          699    .bss.memp_tab_TCP_SEG  memp.o
    0x200083f4        -       0x00000004   Zero   RW          690    .bss.memp_tab_UDP_PCB  memp.o
    0x200083f8        -       0x00000004   Zero   RW         1082    .bss.netif_default  netif.o
    0x200083fc        -       0x00000004   Zero   RW         1081    .bss.netif_list     netif.o
    0x20008400        -       0x00000001   Zero   RW         1080    .bss.netif_num      netif.o
    0x20008401   0x00012ff4   0x00000003   PAD
    0x20008404        -       0x00000004   Zero   RW          976    .bss.next_timeout   timeouts.o
    0x20008408        -       0x00000004   Zero   RW         2905    .bss.prvSampleTimeNow.xLastTime  timers.o
    0x2000840c        -       0x00000004   Zero   RW         2818    .bss.pxCurrentTCB   tasks.o
    0x20008410        -       0x00000004   Zero   RW         2903    .bss.pxCurrentTimerList  timers.o
    0x20008414        -       0x00000004   Zero   RW         2829    .bss.pxDelayedTaskList  tasks.o
    0x20008418        -       0x00000004   Zero   RW         2830    .bss.pxOverflowDelayedTaskList  tasks.o
    0x2000841c        -       0x00000004   Zero   RW         2904    .bss.pxOverflowTimerList  timers.o
    0x20008420        -       0x00000168   Zero   RW         2820    .bss.pxReadyTasksLists  tasks.o
    0x20008588        -       0x00000004   Zero   RW         1110    .bss.ram            mem.o
    0x2000858c        -       0x00000004   Zero   RW         1111    .bss.ram_end        mem.o
    0x20008590        -       0x00005813   Zero   RW         1109    .bss.ram_heap       mem.o
    0x2000dda3   0x00012ff4   0x00000001   PAD
    0x2000dda4        -       0x00000004   Zero   RW         1515    .bss.reassdatagrams  ip4_frag.o
    0x2000dda8        -       0x00000002   Zero   RW         1017    .bss.recv_acked     tcp_in.o
    0x2000ddaa   0x00012ff4   0x00000002   PAD
    0x2000ddac        -       0x00000004   Zero   RW         1015    .bss.recv_data      tcp_in.o
    0x2000ddb0        -       0x00000001   Zero   RW         1016    .bss.recv_flags     tcp_in.o
    0x2000ddb1   0x00012ff4   0x00000003   PAD
    0x2000ddb4        -       0x00000004   Zero   RW         1720    .bss.s_ENETHandle.0  fsl_enet.o
    0x2000ddb8        -       0x00000001   Zero   RW         2325    .bss.s_debugConsoleReadWaitSemaphore  fsl_debug_console.o
    0x2000ddb9   0x00012ff4   0x00000003   PAD
    0x2000ddbc        -       0x00000020   Zero   RW         2324    .bss.s_debugConsoleState  fsl_debug_console.o
    0x2000dddc        -       0x00000004   Zero   RW         1723    .bss.s_enetErrIsr.0  fsl_enet.o
    0x2000dde0        -       0x00000004   Zero   RW         1721    .bss.s_enetRxIsr.0  fsl_enet.o
    0x2000dde4        -       0x00000004   Zero   RW         1722    .bss.s_enetTxIsr.0  fsl_enet.o
    0x2000dde8        -       0x00000018   Zero   RW         2162    .bss.s_uartHandle   fsl_uart.o
    0x2000de00        -       0x00000004   Zero   RW         1010    .bss.seqno          tcp_in.o
    0x2000de04        -       0x00000034   Zero   RW            8    .bss.stack_init.netif  lwip_tcpecho_freertos.o
    0x2000de38        -       0x00000004   Zero   RW         1274    .bss.tcp_active_pcbs  tcp.o
    0x2000de3c        -       0x00000001   Zero   RW         1279    .bss.tcp_active_pcbs_changed  tcp.o
    0x2000de3d   0x00012ff4   0x00000003   PAD
    0x2000de40        -       0x00000004   Zero   RW         1273    .bss.tcp_bound_pcbs  tcp.o
    0x2000de44        -       0x00000004   Zero   RW         1018    .bss.tcp_input_pcb  tcp_in.o
    0x2000de48        -       0x00000004   Zero   RW         1272    .bss.tcp_listen_pcbs  tcp.o
    0x2000de4c        -       0x00000002   Zero   RW         1019    .bss.tcp_optidx     tcp_in.o
    0x2000de4e   0x00012ff4   0x00000002   PAD
    0x2000de50        -       0x00000004   Zero   RW         1280    .bss.tcp_ticks      tcp.o
    0x2000de54        -       0x00000001   Zero   RW         1277    .bss.tcp_timer      tcp.o
    0x2000de55        -       0x00000001   Zero   RW         1281    .bss.tcp_timer_ctr  tcp.o
    0x2000de56   0x00012ff4   0x00000002   PAD
    0x2000de58        -       0x00000004   Zero   RW         1275    .bss.tcp_tw_pcbs    tcp.o
    0x2000de5c        -       0x00000004   Zero   RW         1006    .bss.tcphdr         tcp_in.o
    0x2000de60        -       0x00000002   Zero   RW         1009    .bss.tcphdr_opt1len  tcp_in.o
    0x2000de62   0x00012ff4   0x00000002   PAD
    0x2000de64        -       0x00000004   Zero   RW         1008    .bss.tcphdr_opt2    tcp_in.o
    0x2000de68        -       0x00000002   Zero   RW         1007    .bss.tcphdr_optlen  tcp_in.o
    0x2000de6a   0x00012ff4   0x00000002   PAD
    0x2000de6c        -       0x00000004   Zero   RW          499    .bss.tcpip_init_done  tcpip.o
    0x2000de70        -       0x00000004   Zero   RW          500    .bss.tcpip_init_done_arg  tcpip.o
    0x2000de74        -       0x00000004   Zero   RW          497    .bss.tcpip_mbox     tcpip.o
    0x2000de78        -       0x00000001   Zero   RW          975    .bss.tcpip_tcp_timer_active  timeouts.o
    0x2000de79   0x00012ff4   0x00000001   PAD
    0x2000de7a        -       0x00000002   Zero   RW         1013    .bss.tcplen         tcp_in.o
    0x2000de7c        -       0x00000001   Zero   RW         2942    .bss.ucMaxSysCallPriority  port.o
    0x2000de7d   0x00012ff4   0x00000003   PAD
    0x2000de80        -       0x00000004   Zero   RW         1157    .bss.udp_pcbs       udp.o
    0x2000de84        -       0x00000004   Zero   RW         2943    .bss.ulMaxPRIGROUPValue  port.o
    0x2000de88        -       0x00000004   Zero   RW         2825    .bss.uxCurrentNumberOfTasks  tasks.o
    0x2000de8c        -       0x00000004   Zero   RW         2824    .bss.uxDeletedTasksWaitingCleanUp  tasks.o
    0x2000de90        -       0x00000004   Zero   RW         2827    .bss.uxSchedulerSuspended  tasks.o
    0x2000de94        -       0x00000004   Zero   RW         2822    .bss.uxTaskNumber   tasks.o
    0x2000de98        -       0x00000004   Zero   RW         2821    .bss.uxTopReadyPriority  tasks.o
    0x2000de9c        -       0x00000014   Zero   RW         2906    .bss.xActiveTimerList1  timers.o
    0x2000deb0        -       0x00000014   Zero   RW         2907    .bss.xActiveTimerList2  timers.o
    0x2000dec4        -       0x00000014   Zero   RW         2839    .bss.xDelayedTaskList1  tasks.o
    0x2000ded8        -       0x00000014   Zero   RW         2840    .bss.xDelayedTaskList2  tasks.o
    0x2000deec        -       0x00000004   Zero   RW         2834    .bss.xIdleTaskHandle  tasks.o
    0x2000def0        -       0x00000004   Zero   RW         2835    .bss.xNextTaskUnblockTime  tasks.o
    0x2000def4        -       0x00000004   Zero   RW         2837    .bss.xNumOfOverflows  tasks.o
    0x2000def8        -       0x00000004   Zero   RW         2836    .bss.xPendedTicks   tasks.o
    0x2000defc        -       0x00000014   Zero   RW         2833    .bss.xPendingReadyList  tasks.o
    0x2000df10        -       0x00000040   Zero   RW         2625    .bss.xQueueRegistry  queue.o
    0x2000df50        -       0x00000004   Zero   RW         2826    .bss.xSchedulerRunning  tasks.o
    0x2000df54        -       0x00000014   Zero   RW         2831    .bss.xSuspendedTaskList  tasks.o
    0x2000df68        -       0x00000014   Zero   RW         2823    .bss.xTasksWaitingTermination  tasks.o
    0x2000df7c        -       0x00000004   Zero   RW         2828    .bss.xTickCount     tasks.o
    0x2000df80        -       0x00000004   Zero   RW         2901    .bss.xTimerQueue    timers.o
    0x2000df84        -       0x00000004   Zero   RW         2902    .bss.xTimerTaskHandle  timers.o
    0x2000df88        -       0x00000004   Zero   RW         2832    .bss.xYieldPending  tasks.o


    Execution Region ARM_LIB_HEAP (Exec base: 0x2000df8c, Load base: 0x00013000, Size: 0x00006400, Max: 0x00006400, ABSOLUTE)

    Exec Addr    Load Addr    Size         Type   Attr      Idx    E Section Name        Object

    0x2000df8c        -       0x00006400   Zero   RW            1    ARM_LIB_HEAP.bss    anon$$obj.o


    Execution Region ARM_LIB_STACK (Exec base: 0x2002f800, Load base: 0x00013000, Size: 0x00000800, Max: 0x00000800, ABSOLUTE)

    Exec Addr    Load Addr    Size         Type   Attr      Idx    E Section Name        Object

    0x2002f800        -       0x00000800   Zero   RW            2    ARM_LIB_STACK.bss   anon$$obj.o


==============================================================================

Image component sizes


      Code (inc. data)   RO Data    RW Data    ZI Data      Debug   Object Name

      1942        400         93          0          0      19156   api_lib.o
      4594        888        233          0          0      22123   api_msg.o
        22          0          0          0          0        936   board.o
       150          0         27          0          0       5065   clock_config.o
         8          0          0          0          0       3487   def.o
      4952        676         69          4         45      21721   dhcp.o
       620        124        105          0          0      10031   enet_ethernetif.o
      1282        220        142          0      21822      21730   enet_ethernetif_kinetis.o
      2306        292        109          0        241      11331   etharp.o
       312         52         12          0          0       3470   ethernet.o
       528          0          0          0          0       8542   event_groups.o
       348          8        153          0          0       6192   fsl_adapter_uart.o
        60         44          0          0          0        701   fsl_assert.o
      1744        120         61          8          8      24981   fsl_clock.o
       242          0          0          0          0       8624   fsl_component_serial_manager.o
        56          0          0          0          0       4290   fsl_component_serial_port_uart.o
       374          0          0          0         37       8951   fsl_debug_console.o
      4756        296        415          0         16      45931   fsl_enet.o
       296         76         20          0          0       8514   fsl_enet_mdio.o
       936        120        131          0          0       7938   fsl_phyksz8081.o
      1872         18          0          0          0      15261   fsl_str.o
       982         96        217          4         24      26268   fsl_uart.o
        54          0          0          0          0       1011   heap_3.o
       652        148          0          0          0       5270   icmp.o
       374          0          0          0          0       5683   inet_chksum.o
        32          0          0          0          0        503   init.o
         0          0          0          0         24       2300   ip.o
       962         48         12          0          2       6909   ip4.o
        52          0          8          0          0       5434   ip4_addr.o
      2470        444          0          0          6      11800   ip4_frag.o
       150          0          0          0          0       2254   list.o
       536        180         65         24         52       5113   lwip_tcpecho_freertos.o
      1760        448         89          0      22563       5485   mem.o
       402        128        399          0      11479       5424   memp.o
       270        116          0          0          0       4586   netbuf.o
       974        196          0          0          9       8907   netif.o
       164          0          0          0          0       6429   netifapi.o
      2430        696        215          0          0      18880   pbuf.o
       360         64          0          0          0       4583   pin_mux.o
       872         16          0          4          5       3965   port.o
      2452          0          0          0         64      20208   queue.o
       476        232       1040          0          0       2305   startup_mk64f12.o
       948        124          0          0          9       8918   sys_arch.o
        54          0          0          4          0       3582   system_mk64f12.o
      3452          8          4          0        520      30463   tasks.o
      5758       1276        419          6         23      24142   tcp.o
      5610        608        291          0         46      13101   tcp_in.o
      6306       1436        653          0          0      23524   tcp_out.o
       324         68          0          0          0       4022   tcpecho.o
       606         88         43          0         16       8195   tcpip.o
       580        120         40          0          9       4632   timeouts.o
      1180         26          0          0         60      12502   timers.o
      2272        524         97          2          4      10879   udp.o

    ----------------------------------------------------------------------
     71324      10424       5200         56      84808     556252   Object Totals
         0          0         32          0      27648          0   (incl. Generated)
       410          0          6          0         76          0   (incl. Padding)

    ----------------------------------------------------------------------

      Code (inc. data)   RO Data    RW Data    ZI Data      Debug   Library Member Name

         0          0          0          0          0          0   entry.o
         0          0          0          0          0          0   entry10a.o
         0          0          0          0          0          0   entry11a.o
         8          4          0          0          0          0   entry4.o
         4          0          0          0          0          0   entry5.o
         0          0          0          0          0          0   entry7b.o
         0          0          0          0          0          0   entry8b.o
         8          4          0          0          0          0   entry9a.o
        18          0          0          0          0         80   fputc.o
        30          0          0          0          0          0   handlers.o
        36          8          0          0          0         68   init.o
         0          0          0          0          0          0   iusesemip.o
        98          0          0          0          0         84   ldiv.o
        30          0          0          0          0         68   llshl.o
        32          0          0          0          0         68   llushr.o
       188         20          0          0          0        160   malloc2.o
        26          0          0          0          0         80   memcmp.o
        66          0          0          0          0         76   memmove.o
        36          0          0          0          0        108   memseta.o
         0          0          0          8          0          0   mvars.o
       472         14          0          0          0        184   printf3.o
         0          0          0          0          0          0   semi.o
         0          0          0          4          0          0   stdout.o
        14          0          0          0          0         68   strlen.o
        44          0          0          0          0         80   uidiv.o
        98          0          0          0          0         92   uldiv.o

    ----------------------------------------------------------------------
      1212         50          0         12          0       1216   Library Totals
         4          0          0          0          0          0   (incl. Padding)

    ----------------------------------------------------------------------

      Code (inc. data)   RO Data    RW Data    ZI Data      Debug   Library Name

      1208         50          0         12          0       1216   mc_w.l

    ----------------------------------------------------------------------
      1212         50          0         12          0       1216   Library Totals

    ----------------------------------------------------------------------

==============================================================================


      Code (inc. data)   RO Data    RW Data    ZI Data      Debug   

     72536      10474       5200         68      84808     556100   Grand Totals
     72536      10474       5200         68      84808     556100   ELF Image Totals
     72536      10474       5200         68          0          0   ROM Totals

==============================================================================

    Total RO  Size (Code + RO Data)                77736 (  75.91kB)
    Total RW  Size (RW Data + ZI Data)             84876 (  82.89kB)
    Total ROM Size (Code + RO Data + RW Data)      77804 (  75.98kB)

==============================================================================

