<!doctype html public "-//w3c//dtd html 4.0 transitional//en">
<html><head>
<title>Static Call Graph - [.\debug\lwip_tcpecho_freertos.axf]</title></head>
<body><HR>
<H1>Static Call Graph for image .\debug\lwip_tcpecho_freertos.axf</H1><HR>
<BR><P>#&#060CALLGRAPH&#062# ARM Linker, 6160001: Last Updated: Wed Apr 13 14:04:18 2022
<BR><P>
<H3>Maximum Stack Usage =       1064 bytes + Unknown(Functions without stacksize, Cycles, Untraceable Function Pointers)</H3><H3>
Call chain for Maximum Stack Depth:</H3>
netifapi_do_netif_add &rArr; netif_add &rArr; netif_set_addr &rArr; netif_do_set_ipaddr &rArr; netif_do_ip_addr_changed &rArr; tcp_netif_ip_addr_changed &rArr; tcp_netif_ip_addr_changed_pcblist &rArr; tcp_abort &rArr; tcp_abandon &rArr; tcp_pcb_remove &rArr; tcp_output &rArr; tcp_send_empty_ack &rArr; tcp_output_control_segment &rArr; tcp_output_control_segment_netif &rArr; ip4_output_if &rArr; ip4_output_if_src &rArr; ip4_frag &rArr; pbuf_alloc &rArr; pbuf_free &rArr; mem_free &rArr; plug_holes &rArr; sys_assert &rArr; DbgConsole_Printf &rArr; DbgConsole_Vprintf &rArr; StrFormatPrintf &rArr; ConvertRadixNumToString &rArr; __aeabi_ldivmod &rArr; __aeabi_uldivmod
<P>
<H3>
Functions with no stack information
</H3><UL>
 <LI><a href="#[0]">Reset_Handler</a>
 <LI><a href="#[31]">ADC0_IRQHandler</a>
 <LI><a href="#[53]">ADC1_IRQHandler</a>
 <LI><a href="#[4]">BusFault_Handler</a>
 <LI><a href="#[8a]">CAN0_DriverIRQHandler</a>
 <LI><a href="#[32]">CMP0_IRQHandler</a>
 <LI><a href="#[33]">CMP1_IRQHandler</a>
 <LI><a href="#[50]">CMP2_IRQHandler</a>
 <LI><a href="#[37]">CMT_IRQHandler</a>
 <LI><a href="#[42]">DAC0_IRQHandler</a>
 <LI><a href="#[52]">DAC1_IRQHandler</a>
 <LI><a href="#[64]">DMA0_DriverIRQHandler</a>
 <LI><a href="#[6e]">DMA10_DriverIRQHandler</a>
 <LI><a href="#[6f]">DMA11_DriverIRQHandler</a>
 <LI><a href="#[70]">DMA12_DriverIRQHandler</a>
 <LI><a href="#[71]">DMA13_DriverIRQHandler</a>
 <LI><a href="#[72]">DMA14_DriverIRQHandler</a>
 <LI><a href="#[73]">DMA15_DriverIRQHandler</a>
 <LI><a href="#[65]">DMA1_DriverIRQHandler</a>
 <LI><a href="#[66]">DMA2_DriverIRQHandler</a>
 <LI><a href="#[67]">DMA3_DriverIRQHandler</a>
 <LI><a href="#[68]">DMA4_DriverIRQHandler</a>
 <LI><a href="#[69]">DMA5_DriverIRQHandler</a>
 <LI><a href="#[6a]">DMA6_DriverIRQHandler</a>
 <LI><a href="#[6b]">DMA7_DriverIRQHandler</a>
 <LI><a href="#[6c]">DMA8_DriverIRQHandler</a>
 <LI><a href="#[6d]">DMA9_DriverIRQHandler</a>
 <LI><a href="#[74]">DMA_Error_DriverIRQHandler</a>
 <LI><a href="#[7]">DebugMon_Handler</a>
 <LI><a href="#[60]">DefaultISR</a>
 <LI><a href="#[1c]">FTFE_IRQHandler</a>
 <LI><a href="#[34]">FTM0_IRQHandler</a>
 <LI><a href="#[35]">FTM1_IRQHandler</a>
 <LI><a href="#[36]">FTM2_IRQHandler</a>
 <LI><a href="#[51]">FTM3_IRQHandler</a>
 <LI><a href="#[75]">I2C0_DriverIRQHandler</a>
 <LI><a href="#[76]">I2C1_DriverIRQHandler</a>
 <LI><a href="#[89]">I2C2_DriverIRQHandler</a>
 <LI><a href="#[7a]">I2S0_Rx_DriverIRQHandler</a>
 <LI><a href="#[79]">I2S0_Tx_DriverIRQHandler</a>
 <LI><a href="#[1f]">LLWU_IRQHandler</a>
 <LI><a href="#[44]">LPTMR0_IRQHandler</a>
 <LI><a href="#[1e]">LVD_LVW_IRQHandler</a>
 <LI><a href="#[43]">MCG_IRQHandler</a>
 <LI><a href="#[1b]">MCM_IRQHandler</a>
 <LI><a href="#[3]">MemManage_Handler</a>
 <LI><a href="#[3e]">PDB0_IRQHandler</a>
 <LI><a href="#[3a]">PIT0_IRQHandler</a>
 <LI><a href="#[3b]">PIT1_IRQHandler</a>
 <LI><a href="#[3c]">PIT2_IRQHandler</a>
 <LI><a href="#[3d]">PIT3_IRQHandler</a>
 <LI><a href="#[45]">PORTA_IRQHandler</a>
 <LI><a href="#[46]">PORTB_IRQHandler</a>
 <LI><a href="#[47]">PORTC_IRQHandler</a>
 <LI><a href="#[48]">PORTD_IRQHandler</a>
 <LI><a href="#[49]">PORTE_IRQHandler</a>
 <LI><a href="#[21]">RNG_IRQHandler</a>
 <LI><a href="#[38]">RTC_IRQHandler</a>
 <LI><a href="#[39]">RTC_Seconds_IRQHandler</a>
 <LI><a href="#[1d]">Read_Collision_IRQHandler</a>
 <LI><a href="#[41]">Reserved71_IRQHandler</a>
 <LI><a href="#[8b]">SDHC_DriverIRQHandler</a>
 <LI><a href="#[77]">SPI0_DriverIRQHandler</a>
 <LI><a href="#[78]">SPI1_DriverIRQHandler</a>
 <LI><a href="#[84]">SPI2_DriverIRQHandler</a>
 <LI><a href="#[4a]">SWI_IRQHandler</a>
 <LI><a href="#[7d]">UART0_ERR_DriverIRQHandler</a>
 <LI><a href="#[7b]">UART0_LON_DriverIRQHandler</a>
 <LI><a href="#[7f]">UART1_ERR_DriverIRQHandler</a>
 <LI><a href="#[81]">UART2_ERR_DriverIRQHandler</a>
 <LI><a href="#[83]">UART3_ERR_DriverIRQHandler</a>
 <LI><a href="#[86]">UART4_ERR_DriverIRQHandler</a>
 <LI><a href="#[88]">UART5_ERR_DriverIRQHandler</a>
 <LI><a href="#[3f]">USB0_IRQHandler</a>
 <LI><a href="#[40]">USBDCD_IRQHandler</a>
 <LI><a href="#[5]">UsageFault_Handler</a>
 <LI><a href="#[20]">WDOG_EWM_IRQHandler</a>
 <LI><a href="#[1]">NMI_Handler</a>
 <LI><a href="#[2]">HardFault_Handler</a>
 <LI><a href="#[a]">DMA0_IRQHandler</a>
 <LI><a href="#[b]">DMA1_IRQHandler</a>
 <LI><a href="#[c]">DMA2_IRQHandler</a>
 <LI><a href="#[d]">DMA3_IRQHandler</a>
 <LI><a href="#[e]">DMA4_IRQHandler</a>
 <LI><a href="#[f]">DMA5_IRQHandler</a>
 <LI><a href="#[10]">DMA6_IRQHandler</a>
 <LI><a href="#[11]">DMA7_IRQHandler</a>
 <LI><a href="#[12]">DMA8_IRQHandler</a>
 <LI><a href="#[13]">DMA9_IRQHandler</a>
 <LI><a href="#[14]">DMA10_IRQHandler</a>
 <LI><a href="#[15]">DMA11_IRQHandler</a>
 <LI><a href="#[16]">DMA12_IRQHandler</a>
 <LI><a href="#[17]">DMA13_IRQHandler</a>
 <LI><a href="#[18]">DMA14_IRQHandler</a>
 <LI><a href="#[19]">DMA15_IRQHandler</a>
 <LI><a href="#[1a]">DMA_Error_IRQHandler</a>
 <LI><a href="#[22]">I2C0_IRQHandler</a>
 <LI><a href="#[23]">I2C1_IRQHandler</a>
 <LI><a href="#[24]">SPI0_IRQHandler</a>
 <LI><a href="#[25]">SPI1_IRQHandler</a>
 <LI><a href="#[26]">I2S0_Tx_IRQHandler</a>
 <LI><a href="#[27]">I2S0_Rx_IRQHandler</a>
 <LI><a href="#[28]">UART0_LON_IRQHandler</a>
 <LI><a href="#[29]">UART0_RX_TX_IRQHandler</a>
 <LI><a href="#[2a]">UART0_ERR_IRQHandler</a>
 <LI><a href="#[2b]">UART1_RX_TX_IRQHandler</a>
 <LI><a href="#[2c]">UART1_ERR_IRQHandler</a>
 <LI><a href="#[2d]">UART2_RX_TX_IRQHandler</a>
 <LI><a href="#[2e]">UART2_ERR_IRQHandler</a>
 <LI><a href="#[2f]">UART3_RX_TX_IRQHandler</a>
 <LI><a href="#[30]">UART3_ERR_IRQHandler</a>
 <LI><a href="#[4b]">SPI2_IRQHandler</a>
 <LI><a href="#[4c]">UART4_RX_TX_IRQHandler</a>
 <LI><a href="#[4d]">UART4_ERR_IRQHandler</a>
 <LI><a href="#[4e]">UART5_RX_TX_IRQHandler</a>
 <LI><a href="#[4f]">UART5_ERR_IRQHandler</a>
 <LI><a href="#[54]">I2C2_IRQHandler</a>
 <LI><a href="#[55]">CAN0_ORed_Message_buffer_IRQHandler</a>
 <LI><a href="#[56]">CAN0_Bus_Off_IRQHandler</a>
 <LI><a href="#[57]">CAN0_Error_IRQHandler</a>
 <LI><a href="#[58]">CAN0_Tx_Warning_IRQHandler</a>
 <LI><a href="#[59]">CAN0_Rx_Warning_IRQHandler</a>
 <LI><a href="#[5a]">CAN0_Wake_Up_IRQHandler</a>
 <LI><a href="#[5b]">SDHC_IRQHandler</a>
 <LI><a href="#[5c]">ENET_1588_Timer_IRQHandler</a>
 <LI><a href="#[5d]">ENET_Transmit_IRQHandler</a>
 <LI><a href="#[5e]">ENET_Receive_IRQHandler</a>
 <LI><a href="#[5f]">ENET_Error_IRQHandler</a>
</UL>
</UL>
<P>
<H3>
Mutually Recursive functions
</H3> <LI><a href="#[13b]">HAL_UartSendBlocking</a>&nbsp;&nbsp;&nbsp;&rArr;&nbsp;&nbsp;&nbsp;<a href="#[ec]">__aeabi_assert</a><BR>
 <LI><a href="#[1ea]">netconn_drain</a>&nbsp;&nbsp;&nbsp;&rArr;&nbsp;&nbsp;&nbsp;<a href="#[1ea]">netconn_drain</a><BR>
</UL>
<P>
<H3>
Function Pointers
</H3><UL>
 <LI><a href="#[31]">ADC0_IRQHandler</a> from startup_mk64f12.o(.text) referenced from startup_mk64f12.o(.isr_vector)
 <LI><a href="#[53]">ADC1_IRQHandler</a> from startup_mk64f12.o(.text) referenced from startup_mk64f12.o(.isr_vector)
 <LI><a href="#[4]">BusFault_Handler</a> from startup_mk64f12.o(.text) referenced from startup_mk64f12.o(.isr_vector)
 <LI><a href="#[56]">CAN0_Bus_Off_IRQHandler</a> from startup_mk64f12.o(.text) referenced from startup_mk64f12.o(.isr_vector)
 <LI><a href="#[8a]">CAN0_DriverIRQHandler</a> from startup_mk64f12.o(.text) referenced 6 times from startup_mk64f12.o(.text)
 <LI><a href="#[57]">CAN0_Error_IRQHandler</a> from startup_mk64f12.o(.text) referenced from startup_mk64f12.o(.isr_vector)
 <LI><a href="#[55]">CAN0_ORed_Message_buffer_IRQHandler</a> from startup_mk64f12.o(.text) referenced from startup_mk64f12.o(.isr_vector)
 <LI><a href="#[59]">CAN0_Rx_Warning_IRQHandler</a> from startup_mk64f12.o(.text) referenced from startup_mk64f12.o(.isr_vector)
 <LI><a href="#[58]">CAN0_Tx_Warning_IRQHandler</a> from startup_mk64f12.o(.text) referenced from startup_mk64f12.o(.isr_vector)
 <LI><a href="#[5a]">CAN0_Wake_Up_IRQHandler</a> from startup_mk64f12.o(.text) referenced from startup_mk64f12.o(.isr_vector)
 <LI><a href="#[32]">CMP0_IRQHandler</a> from startup_mk64f12.o(.text) referenced from startup_mk64f12.o(.isr_vector)
 <LI><a href="#[33]">CMP1_IRQHandler</a> from startup_mk64f12.o(.text) referenced from startup_mk64f12.o(.isr_vector)
 <LI><a href="#[50]">CMP2_IRQHandler</a> from startup_mk64f12.o(.text) referenced from startup_mk64f12.o(.isr_vector)
 <LI><a href="#[37]">CMT_IRQHandler</a> from startup_mk64f12.o(.text) referenced from startup_mk64f12.o(.isr_vector)
 <LI><a href="#[42]">DAC0_IRQHandler</a> from startup_mk64f12.o(.text) referenced from startup_mk64f12.o(.isr_vector)
 <LI><a href="#[52]">DAC1_IRQHandler</a> from startup_mk64f12.o(.text) referenced from startup_mk64f12.o(.isr_vector)
 <LI><a href="#[64]">DMA0_DriverIRQHandler</a> from startup_mk64f12.o(.text) referenced from startup_mk64f12.o(.text)
 <LI><a href="#[a]">DMA0_IRQHandler</a> from startup_mk64f12.o(.text) referenced from startup_mk64f12.o(.isr_vector)
 <LI><a href="#[6e]">DMA10_DriverIRQHandler</a> from startup_mk64f12.o(.text) referenced from startup_mk64f12.o(.text)
 <LI><a href="#[14]">DMA10_IRQHandler</a> from startup_mk64f12.o(.text) referenced from startup_mk64f12.o(.isr_vector)
 <LI><a href="#[6f]">DMA11_DriverIRQHandler</a> from startup_mk64f12.o(.text) referenced from startup_mk64f12.o(.text)
 <LI><a href="#[15]">DMA11_IRQHandler</a> from startup_mk64f12.o(.text) referenced from startup_mk64f12.o(.isr_vector)
 <LI><a href="#[70]">DMA12_DriverIRQHandler</a> from startup_mk64f12.o(.text) referenced from startup_mk64f12.o(.text)
 <LI><a href="#[16]">DMA12_IRQHandler</a> from startup_mk64f12.o(.text) referenced from startup_mk64f12.o(.isr_vector)
 <LI><a href="#[71]">DMA13_DriverIRQHandler</a> from startup_mk64f12.o(.text) referenced from startup_mk64f12.o(.text)
 <LI><a href="#[17]">DMA13_IRQHandler</a> from startup_mk64f12.o(.text) referenced from startup_mk64f12.o(.isr_vector)
 <LI><a href="#[72]">DMA14_DriverIRQHandler</a> from startup_mk64f12.o(.text) referenced from startup_mk64f12.o(.text)
 <LI><a href="#[18]">DMA14_IRQHandler</a> from startup_mk64f12.o(.text) referenced from startup_mk64f12.o(.isr_vector)
 <LI><a href="#[73]">DMA15_DriverIRQHandler</a> from startup_mk64f12.o(.text) referenced from startup_mk64f12.o(.text)
 <LI><a href="#[19]">DMA15_IRQHandler</a> from startup_mk64f12.o(.text) referenced from startup_mk64f12.o(.isr_vector)
 <LI><a href="#[65]">DMA1_DriverIRQHandler</a> from startup_mk64f12.o(.text) referenced from startup_mk64f12.o(.text)
 <LI><a href="#[b]">DMA1_IRQHandler</a> from startup_mk64f12.o(.text) referenced from startup_mk64f12.o(.isr_vector)
 <LI><a href="#[66]">DMA2_DriverIRQHandler</a> from startup_mk64f12.o(.text) referenced from startup_mk64f12.o(.text)
 <LI><a href="#[c]">DMA2_IRQHandler</a> from startup_mk64f12.o(.text) referenced from startup_mk64f12.o(.isr_vector)
 <LI><a href="#[67]">DMA3_DriverIRQHandler</a> from startup_mk64f12.o(.text) referenced from startup_mk64f12.o(.text)
 <LI><a href="#[d]">DMA3_IRQHandler</a> from startup_mk64f12.o(.text) referenced from startup_mk64f12.o(.isr_vector)
 <LI><a href="#[68]">DMA4_DriverIRQHandler</a> from startup_mk64f12.o(.text) referenced from startup_mk64f12.o(.text)
 <LI><a href="#[e]">DMA4_IRQHandler</a> from startup_mk64f12.o(.text) referenced from startup_mk64f12.o(.isr_vector)
 <LI><a href="#[69]">DMA5_DriverIRQHandler</a> from startup_mk64f12.o(.text) referenced from startup_mk64f12.o(.text)
 <LI><a href="#[f]">DMA5_IRQHandler</a> from startup_mk64f12.o(.text) referenced from startup_mk64f12.o(.isr_vector)
 <LI><a href="#[6a]">DMA6_DriverIRQHandler</a> from startup_mk64f12.o(.text) referenced from startup_mk64f12.o(.text)
 <LI><a href="#[10]">DMA6_IRQHandler</a> from startup_mk64f12.o(.text) referenced from startup_mk64f12.o(.isr_vector)
 <LI><a href="#[6b]">DMA7_DriverIRQHandler</a> from startup_mk64f12.o(.text) referenced from startup_mk64f12.o(.text)
 <LI><a href="#[11]">DMA7_IRQHandler</a> from startup_mk64f12.o(.text) referenced from startup_mk64f12.o(.isr_vector)
 <LI><a href="#[6c]">DMA8_DriverIRQHandler</a> from startup_mk64f12.o(.text) referenced from startup_mk64f12.o(.text)
 <LI><a href="#[12]">DMA8_IRQHandler</a> from startup_mk64f12.o(.text) referenced from startup_mk64f12.o(.isr_vector)
 <LI><a href="#[6d]">DMA9_DriverIRQHandler</a> from startup_mk64f12.o(.text) referenced from startup_mk64f12.o(.text)
 <LI><a href="#[13]">DMA9_IRQHandler</a> from startup_mk64f12.o(.text) referenced from startup_mk64f12.o(.isr_vector)
 <LI><a href="#[74]">DMA_Error_DriverIRQHandler</a> from startup_mk64f12.o(.text) referenced from startup_mk64f12.o(.text)
 <LI><a href="#[1a]">DMA_Error_IRQHandler</a> from startup_mk64f12.o(.text) referenced from startup_mk64f12.o(.isr_vector)
 <LI><a href="#[90]">DbgConsole_PrintCallback</a> from fsl_debug_console.o(.text.DbgConsole_PrintCallback) referenced 2 times from fsl_debug_console.o(.text.DbgConsole_Vprintf)
 <LI><a href="#[7]">DebugMon_Handler</a> from startup_mk64f12.o(.text) referenced from startup_mk64f12.o(.isr_vector)
 <LI><a href="#[60]">DefaultISR</a> from startup_mk64f12.o(.text) referenced from fsl_uart.o(.data.s_uartIsr)
 <LI><a href="#[60]">DefaultISR</a> from startup_mk64f12.o(.text) referenced 153 times from startup_mk64f12.o(.isr_vector)
 <LI><a href="#[8c]">ENET_1588_Timer_DriverIRQHandler</a> from fsl_enet.o(.text.ENET_1588_Timer_DriverIRQHandler) referenced from startup_mk64f12.o(.text)
 <LI><a href="#[5c]">ENET_1588_Timer_IRQHandler</a> from startup_mk64f12.o(.text) referenced from startup_mk64f12.o(.isr_vector)
 <LI><a href="#[93]">ENET_ErrorIRQHandler</a> from fsl_enet.o(.text.ENET_ErrorIRQHandler) referenced 2 times from fsl_enet.o(.text.ENET_SetHandler)
 <LI><a href="#[8f]">ENET_Error_DriverIRQHandler</a> from fsl_enet.o(.text.ENET_Error_DriverIRQHandler) referenced from startup_mk64f12.o(.text)
 <LI><a href="#[5f]">ENET_Error_IRQHandler</a> from startup_mk64f12.o(.text) referenced from startup_mk64f12.o(.isr_vector)
 <LI><a href="#[be]">ENET_MDIO_Init</a> from fsl_enet_mdio.o(.text.ENET_MDIO_Init) referenced from fsl_enet_mdio.o(.rodata.enet_ops)
 <LI><a href="#[c0]">ENET_MDIO_Read</a> from fsl_enet_mdio.o(.text.ENET_MDIO_Read) referenced from fsl_enet_mdio.o(.rodata.enet_ops)
 <LI><a href="#[bf]">ENET_MDIO_Write</a> from fsl_enet_mdio.o(.text.ENET_MDIO_Write) referenced from fsl_enet_mdio.o(.rodata.enet_ops)
 <LI><a href="#[92]">ENET_ReceiveIRQHandler</a> from fsl_enet.o(.text.ENET_ReceiveIRQHandler) referenced 2 times from fsl_enet.o(.text.ENET_SetHandler)
 <LI><a href="#[8e]">ENET_Receive_DriverIRQHandler</a> from fsl_enet.o(.text.ENET_Receive_DriverIRQHandler) referenced from startup_mk64f12.o(.text)
 <LI><a href="#[5e]">ENET_Receive_IRQHandler</a> from startup_mk64f12.o(.text) referenced from startup_mk64f12.o(.isr_vector)
 <LI><a href="#[91]">ENET_TransmitIRQHandler</a> from fsl_enet.o(.text.ENET_TransmitIRQHandler) referenced 2 times from fsl_enet.o(.text.ENET_SetHandler)
 <LI><a href="#[8d]">ENET_Transmit_DriverIRQHandler</a> from fsl_enet.o(.text.ENET_Transmit_DriverIRQHandler) referenced from startup_mk64f12.o(.text)
 <LI><a href="#[5d]">ENET_Transmit_IRQHandler</a> from startup_mk64f12.o(.text) referenced from startup_mk64f12.o(.isr_vector)
 <LI><a href="#[1c]">FTFE_IRQHandler</a> from startup_mk64f12.o(.text) referenced from startup_mk64f12.o(.isr_vector)
 <LI><a href="#[34]">FTM0_IRQHandler</a> from startup_mk64f12.o(.text) referenced from startup_mk64f12.o(.isr_vector)
 <LI><a href="#[35]">FTM1_IRQHandler</a> from startup_mk64f12.o(.text) referenced from startup_mk64f12.o(.isr_vector)
 <LI><a href="#[36]">FTM2_IRQHandler</a> from startup_mk64f12.o(.text) referenced from startup_mk64f12.o(.isr_vector)
 <LI><a href="#[51]">FTM3_IRQHandler</a> from startup_mk64f12.o(.text) referenced from startup_mk64f12.o(.isr_vector)
 <LI><a href="#[2]">HardFault_Handler</a> from startup_mk64f12.o(.text) referenced from startup_mk64f12.o(.isr_vector)
 <LI><a href="#[2]">HardFault_Handler</a> from startup_mk64f12.o(.text) referenced from startup_mk64f12.o(.text)
 <LI><a href="#[75]">I2C0_DriverIRQHandler</a> from startup_mk64f12.o(.text) referenced from startup_mk64f12.o(.text)
 <LI><a href="#[22]">I2C0_IRQHandler</a> from startup_mk64f12.o(.text) referenced from startup_mk64f12.o(.isr_vector)
 <LI><a href="#[76]">I2C1_DriverIRQHandler</a> from startup_mk64f12.o(.text) referenced from startup_mk64f12.o(.text)
 <LI><a href="#[23]">I2C1_IRQHandler</a> from startup_mk64f12.o(.text) referenced from startup_mk64f12.o(.isr_vector)
 <LI><a href="#[89]">I2C2_DriverIRQHandler</a> from startup_mk64f12.o(.text) referenced from startup_mk64f12.o(.text)
 <LI><a href="#[54]">I2C2_IRQHandler</a> from startup_mk64f12.o(.text) referenced from startup_mk64f12.o(.isr_vector)
 <LI><a href="#[7a]">I2S0_Rx_DriverIRQHandler</a> from startup_mk64f12.o(.text) referenced from startup_mk64f12.o(.text)
 <LI><a href="#[27]">I2S0_Rx_IRQHandler</a> from startup_mk64f12.o(.text) referenced from startup_mk64f12.o(.isr_vector)
 <LI><a href="#[79]">I2S0_Tx_DriverIRQHandler</a> from startup_mk64f12.o(.text) referenced from startup_mk64f12.o(.text)
 <LI><a href="#[26]">I2S0_Tx_IRQHandler</a> from startup_mk64f12.o(.text) referenced from startup_mk64f12.o(.isr_vector)
 <LI><a href="#[1f]">LLWU_IRQHandler</a> from startup_mk64f12.o(.text) referenced from startup_mk64f12.o(.isr_vector)
 <LI><a href="#[44]">LPTMR0_IRQHandler</a> from startup_mk64f12.o(.text) referenced from startup_mk64f12.o(.isr_vector)
 <LI><a href="#[1e]">LVD_LVW_IRQHandler</a> from startup_mk64f12.o(.text) referenced from startup_mk64f12.o(.isr_vector)
 <LI><a href="#[43]">MCG_IRQHandler</a> from startup_mk64f12.o(.text) referenced from startup_mk64f12.o(.isr_vector)
 <LI><a href="#[1b]">MCM_IRQHandler</a> from startup_mk64f12.o(.text) referenced from startup_mk64f12.o(.isr_vector)
 <LI><a href="#[3]">MemManage_Handler</a> from startup_mk64f12.o(.text) referenced from startup_mk64f12.o(.isr_vector)
 <LI><a href="#[1]">NMI_Handler</a> from startup_mk64f12.o(.text) referenced from startup_mk64f12.o(.isr_vector)
 <LI><a href="#[1]">NMI_Handler</a> from startup_mk64f12.o(.text) referenced from startup_mk64f12.o(.text)
 <LI><a href="#[3e]">PDB0_IRQHandler</a> from startup_mk64f12.o(.text) referenced from startup_mk64f12.o(.isr_vector)
 <LI><a href="#[cd]">PHY_KSZ8081_EnableLoopback</a> from fsl_phyksz8081.o(.text.PHY_KSZ8081_EnableLoopback) referenced from fsl_phyksz8081.o(.rodata.phyksz8081_ops)
 <LI><a href="#[c9]">PHY_KSZ8081_GetAutoNegotiationStatus</a> from fsl_phyksz8081.o(.text.PHY_KSZ8081_GetAutoNegotiationStatus) referenced from fsl_phyksz8081.o(.rodata.phyksz8081_ops)
 <LI><a href="#[cb]">PHY_KSZ8081_GetLinkSpeedDuplex</a> from fsl_phyksz8081.o(.text.PHY_KSZ8081_GetLinkSpeedDuplex) referenced from fsl_phyksz8081.o(.rodata.phyksz8081_ops)
 <LI><a href="#[ca]">PHY_KSZ8081_GetLinkStatus</a> from fsl_phyksz8081.o(.text.PHY_KSZ8081_GetLinkStatus) referenced from fsl_phyksz8081.o(.rodata.phyksz8081_ops)
 <LI><a href="#[c6]">PHY_KSZ8081_Init</a> from fsl_phyksz8081.o(.text.PHY_KSZ8081_Init) referenced from fsl_phyksz8081.o(.rodata.phyksz8081_ops)
 <LI><a href="#[c8]">PHY_KSZ8081_Read</a> from fsl_phyksz8081.o(.text.PHY_KSZ8081_Read) referenced from fsl_phyksz8081.o(.rodata.phyksz8081_ops)
 <LI><a href="#[cc]">PHY_KSZ8081_SetLinkSpeedDuplex</a> from fsl_phyksz8081.o(.text.PHY_KSZ8081_SetLinkSpeedDuplex) referenced from fsl_phyksz8081.o(.rodata.phyksz8081_ops)
 <LI><a href="#[c7]">PHY_KSZ8081_Write</a> from fsl_phyksz8081.o(.text.PHY_KSZ8081_Write) referenced from fsl_phyksz8081.o(.rodata.phyksz8081_ops)
 <LI><a href="#[3a]">PIT0_IRQHandler</a> from startup_mk64f12.o(.text) referenced from startup_mk64f12.o(.isr_vector)
 <LI><a href="#[3b]">PIT1_IRQHandler</a> from startup_mk64f12.o(.text) referenced from startup_mk64f12.o(.isr_vector)
 <LI><a href="#[3c]">PIT2_IRQHandler</a> from startup_mk64f12.o(.text) referenced from startup_mk64f12.o(.isr_vector)
 <LI><a href="#[3d]">PIT3_IRQHandler</a> from startup_mk64f12.o(.text) referenced from startup_mk64f12.o(.isr_vector)
 <LI><a href="#[45]">PORTA_IRQHandler</a> from startup_mk64f12.o(.text) referenced from startup_mk64f12.o(.isr_vector)
 <LI><a href="#[46]">PORTB_IRQHandler</a> from startup_mk64f12.o(.text) referenced from startup_mk64f12.o(.isr_vector)
 <LI><a href="#[47]">PORTC_IRQHandler</a> from startup_mk64f12.o(.text) referenced from startup_mk64f12.o(.isr_vector)
 <LI><a href="#[48]">PORTD_IRQHandler</a> from startup_mk64f12.o(.text) referenced from startup_mk64f12.o(.isr_vector)
 <LI><a href="#[49]">PORTE_IRQHandler</a> from startup_mk64f12.o(.text) referenced from startup_mk64f12.o(.isr_vector)
 <LI><a href="#[8]">PendSV_Handler</a> from port.o(.text.PendSV_Handler) referenced from startup_mk64f12.o(.isr_vector)
 <LI><a href="#[8]">PendSV_Handler</a> from port.o(.text.PendSV_Handler) referenced from startup_mk64f12.o(.text)
 <LI><a href="#[21]">RNG_IRQHandler</a> from startup_mk64f12.o(.text) referenced from startup_mk64f12.o(.isr_vector)
 <LI><a href="#[38]">RTC_IRQHandler</a> from startup_mk64f12.o(.text) referenced from startup_mk64f12.o(.isr_vector)
 <LI><a href="#[39]">RTC_Seconds_IRQHandler</a> from startup_mk64f12.o(.text) referenced from startup_mk64f12.o(.isr_vector)
 <LI><a href="#[1d]">Read_Collision_IRQHandler</a> from startup_mk64f12.o(.text) referenced from startup_mk64f12.o(.isr_vector)
 <LI><a href="#[41]">Reserved71_IRQHandler</a> from startup_mk64f12.o(.text) referenced from startup_mk64f12.o(.isr_vector)
 <LI><a href="#[0]">Reset_Handler</a> from startup_mk64f12.o(.text) referenced from startup_mk64f12.o(.isr_vector)
 <LI><a href="#[8b]">SDHC_DriverIRQHandler</a> from startup_mk64f12.o(.text) referenced from startup_mk64f12.o(.text)
 <LI><a href="#[5b]">SDHC_IRQHandler</a> from startup_mk64f12.o(.text) referenced from startup_mk64f12.o(.isr_vector)
 <LI><a href="#[77]">SPI0_DriverIRQHandler</a> from startup_mk64f12.o(.text) referenced from startup_mk64f12.o(.text)
 <LI><a href="#[24]">SPI0_IRQHandler</a> from startup_mk64f12.o(.text) referenced from startup_mk64f12.o(.isr_vector)
 <LI><a href="#[78]">SPI1_DriverIRQHandler</a> from startup_mk64f12.o(.text) referenced from startup_mk64f12.o(.text)
 <LI><a href="#[25]">SPI1_IRQHandler</a> from startup_mk64f12.o(.text) referenced from startup_mk64f12.o(.isr_vector)
 <LI><a href="#[84]">SPI2_DriverIRQHandler</a> from startup_mk64f12.o(.text) referenced from startup_mk64f12.o(.text)
 <LI><a href="#[4b]">SPI2_IRQHandler</a> from startup_mk64f12.o(.text) referenced from startup_mk64f12.o(.isr_vector)
 <LI><a href="#[6]">SVC_Handler</a> from port.o(.text.SVC_Handler) referenced from startup_mk64f12.o(.isr_vector)
 <LI><a href="#[6]">SVC_Handler</a> from port.o(.text.SVC_Handler) referenced from startup_mk64f12.o(.text)
 <LI><a href="#[4a]">SWI_IRQHandler</a> from startup_mk64f12.o(.text) referenced from startup_mk64f12.o(.isr_vector)
 <LI><a href="#[9]">SysTick_Handler</a> from port.o(.text.SysTick_Handler) referenced from startup_mk64f12.o(.isr_vector)
 <LI><a href="#[9]">SysTick_Handler</a> from port.o(.text.SysTick_Handler) referenced from startup_mk64f12.o(.text)
 <LI><a href="#[62]">SystemInit</a> from system_mk64f12.o(.text.SystemInit) referenced from startup_mk64f12.o(.text)
 <LI><a href="#[7d]">UART0_ERR_DriverIRQHandler</a> from startup_mk64f12.o(.text) referenced from startup_mk64f12.o(.text)
 <LI><a href="#[2a]">UART0_ERR_IRQHandler</a> from startup_mk64f12.o(.text) referenced from startup_mk64f12.o(.isr_vector)
 <LI><a href="#[7b]">UART0_LON_DriverIRQHandler</a> from startup_mk64f12.o(.text) referenced from startup_mk64f12.o(.text)
 <LI><a href="#[28]">UART0_LON_IRQHandler</a> from startup_mk64f12.o(.text) referenced from startup_mk64f12.o(.isr_vector)
 <LI><a href="#[7c]">UART0_RX_TX_DriverIRQHandler</a> from fsl_uart.o(.text.UART0_RX_TX_DriverIRQHandler) referenced from startup_mk64f12.o(.text)
 <LI><a href="#[29]">UART0_RX_TX_IRQHandler</a> from startup_mk64f12.o(.text) referenced from startup_mk64f12.o(.isr_vector)
 <LI><a href="#[7f]">UART1_ERR_DriverIRQHandler</a> from startup_mk64f12.o(.text) referenced from startup_mk64f12.o(.text)
 <LI><a href="#[2c]">UART1_ERR_IRQHandler</a> from startup_mk64f12.o(.text) referenced from startup_mk64f12.o(.isr_vector)
 <LI><a href="#[7e]">UART1_RX_TX_DriverIRQHandler</a> from fsl_uart.o(.text.UART1_RX_TX_DriverIRQHandler) referenced from startup_mk64f12.o(.text)
 <LI><a href="#[2b]">UART1_RX_TX_IRQHandler</a> from startup_mk64f12.o(.text) referenced from startup_mk64f12.o(.isr_vector)
 <LI><a href="#[81]">UART2_ERR_DriverIRQHandler</a> from startup_mk64f12.o(.text) referenced from startup_mk64f12.o(.text)
 <LI><a href="#[2e]">UART2_ERR_IRQHandler</a> from startup_mk64f12.o(.text) referenced from startup_mk64f12.o(.isr_vector)
 <LI><a href="#[80]">UART2_RX_TX_DriverIRQHandler</a> from fsl_uart.o(.text.UART2_RX_TX_DriverIRQHandler) referenced from startup_mk64f12.o(.text)
 <LI><a href="#[2d]">UART2_RX_TX_IRQHandler</a> from startup_mk64f12.o(.text) referenced from startup_mk64f12.o(.isr_vector)
 <LI><a href="#[83]">UART3_ERR_DriverIRQHandler</a> from startup_mk64f12.o(.text) referenced from startup_mk64f12.o(.text)
 <LI><a href="#[30]">UART3_ERR_IRQHandler</a> from startup_mk64f12.o(.text) referenced from startup_mk64f12.o(.isr_vector)
 <LI><a href="#[82]">UART3_RX_TX_DriverIRQHandler</a> from fsl_uart.o(.text.UART3_RX_TX_DriverIRQHandler) referenced from startup_mk64f12.o(.text)
 <LI><a href="#[2f]">UART3_RX_TX_IRQHandler</a> from startup_mk64f12.o(.text) referenced from startup_mk64f12.o(.isr_vector)
 <LI><a href="#[86]">UART4_ERR_DriverIRQHandler</a> from startup_mk64f12.o(.text) referenced from startup_mk64f12.o(.text)
 <LI><a href="#[4d]">UART4_ERR_IRQHandler</a> from startup_mk64f12.o(.text) referenced from startup_mk64f12.o(.isr_vector)
 <LI><a href="#[85]">UART4_RX_TX_DriverIRQHandler</a> from fsl_uart.o(.text.UART4_RX_TX_DriverIRQHandler) referenced from startup_mk64f12.o(.text)
 <LI><a href="#[4c]">UART4_RX_TX_IRQHandler</a> from startup_mk64f12.o(.text) referenced from startup_mk64f12.o(.isr_vector)
 <LI><a href="#[88]">UART5_ERR_DriverIRQHandler</a> from startup_mk64f12.o(.text) referenced from startup_mk64f12.o(.text)
 <LI><a href="#[4f]">UART5_ERR_IRQHandler</a> from startup_mk64f12.o(.text) referenced from startup_mk64f12.o(.isr_vector)
 <LI><a href="#[87]">UART5_RX_TX_DriverIRQHandler</a> from fsl_uart.o(.text.UART5_RX_TX_DriverIRQHandler) referenced from startup_mk64f12.o(.text)
 <LI><a href="#[4e]">UART5_RX_TX_IRQHandler</a> from startup_mk64f12.o(.text) referenced from startup_mk64f12.o(.isr_vector)
 <LI><a href="#[3f]">USB0_IRQHandler</a> from startup_mk64f12.o(.text) referenced from startup_mk64f12.o(.isr_vector)
 <LI><a href="#[40]">USBDCD_IRQHandler</a> from startup_mk64f12.o(.text) referenced from startup_mk64f12.o(.isr_vector)
 <LI><a href="#[5]">UsageFault_Handler</a> from startup_mk64f12.o(.text) referenced from startup_mk64f12.o(.isr_vector)
 <LI><a href="#[20]">WDOG_EWM_IRQHandler</a> from startup_mk64f12.o(.text) referenced from startup_mk64f12.o(.isr_vector)
 <LI><a href="#[63]">__main</a> from entry.o(.ARM.Collect$$$$00000000) referenced from startup_mk64f12.o(.text)
 <LI><a href="#[a0]">accept_function</a> from api_msg.o(.text.accept_function) referenced 2 times from api_msg.o(.text.lwip_netconn_do_listen)
 <LI><a href="#[c4]">dhcp_coarse_tmr</a> from dhcp.o(.text.dhcp_coarse_tmr) referenced from timeouts.o(.rodata.lwip_cyclic_timers)
 <LI><a href="#[c5]">dhcp_fine_tmr</a> from dhcp.o(.text.dhcp_fine_tmr) referenced from timeouts.o(.rodata.lwip_cyclic_timers)
 <LI><a href="#[94]">dhcp_recv</a> from dhcp.o(.text.dhcp_recv) referenced 2 times from dhcp.o(.text.dhcp_inc_pcb_refcount)
 <LI><a href="#[9f]">err_tcp</a> from api_msg.o(.text.err_tcp) referenced 2 times from api_msg.o(.text.lwip_netconn_do_close_internal)
 <LI><a href="#[9f]">err_tcp</a> from api_msg.o(.text.err_tcp) referenced 2 times from api_msg.o(.text.setup_tcp)
 <LI><a href="#[99]">etharp_output</a> from etharp.o(.text.etharp_output) referenced 2 times from enet_ethernetif.o(.text.ethernetif_init)
 <LI><a href="#[c3]">etharp_tmr</a> from etharp.o(.text.etharp_tmr) referenced from timeouts.o(.rodata.lwip_cyclic_timers)
 <LI><a href="#[97]">ethernet_callback</a> from enet_ethernetif_kinetis.o(.text.ethernet_callback) referenced 2 times from enet_ethernetif_kinetis.o(.text.ethernetif_enet_init)
 <LI><a href="#[b9]">ethernet_input</a> from ethernet.o(.text.ethernet_input) referenced 2 times from tcpip.o(.text.tcpip_input)
 <LI><a href="#[b0]">ethernetif0_init</a> from enet_ethernetif_kinetis.o(.text.ethernetif0_init) referenced 2 times from lwip_tcpecho_freertos.o(.text.stack_init)
 <LI><a href="#[9a]">ethernetif_linkoutput</a> from enet_ethernetif_kinetis.o(.text.ethernetif_linkoutput) referenced 2 times from enet_ethernetif.o(.text.ethernetif_init)
 <LI><a href="#[95]">ethernetif_rx_alloc</a> from enet_ethernetif_kinetis.o(.text.ethernetif_rx_alloc) referenced 2 times from enet_ethernetif_kinetis.o(.text.ethernetif_enet_init)
 <LI><a href="#[96]">ethernetif_rx_free</a> from enet_ethernetif_kinetis.o(.text.ethernetif_rx_free) referenced 2 times from enet_ethernetif_kinetis.o(.text.ethernetif_enet_init)
 <LI><a href="#[98]">ethernetif_rx_release</a> from enet_ethernetif_kinetis.o(.text.ethernetif_rx_release) referenced 2 times from enet_ethernetif_kinetis.o(.text.ethernetif_enet_init)
 <LI><a href="#[ba]">ip4_input</a> from ip4.o(.text.ip4_input) referenced 2 times from tcpip.o(.text.tcpip_input)
 <LI><a href="#[c2]">ip_reass_tmr</a> from ip4_frag.o(.text.ip_reass_tmr) referenced from timeouts.o(.rodata.lwip_cyclic_timers)
 <LI><a href="#[9b]">ipfrag_free_pbuf_custom</a> from ip4_frag.o(.text.ipfrag_free_pbuf_custom) referenced 2 times from ip4_frag.o(.text.ip4_frag)
 <LI><a href="#[9c]">lwip_cyclic_timer</a> from timeouts.o(.text.lwip_cyclic_timer) referenced 2 times from timeouts.o(.text.lwip_cyclic_timer)
 <LI><a href="#[9c]">lwip_cyclic_timer</a> from timeouts.o(.text.lwip_cyclic_timer) referenced 2 times from timeouts.o(.text.sys_timeouts_init)
 <LI><a href="#[a2]">lwip_netconn_do_accepted</a> from api_msg.o(.text.lwip_netconn_do_accepted) referenced 2 times from api_lib.o(.text.netconn_accept)
 <LI><a href="#[a3]">lwip_netconn_do_bind</a> from api_msg.o(.text.lwip_netconn_do_bind) referenced 2 times from api_lib.o(.text.netconn_bind)
 <LI><a href="#[a4]">lwip_netconn_do_close</a> from api_msg.o(.text.lwip_netconn_do_close) referenced 2 times from api_lib.o(.text.netconn_close_shutdown)
 <LI><a href="#[a7]">lwip_netconn_do_delconn</a> from api_msg.o(.text.lwip_netconn_do_delconn) referenced 2 times from api_lib.o(.text.netconn_prepare_delete)
 <LI><a href="#[a5]">lwip_netconn_do_listen</a> from api_msg.o(.text.lwip_netconn_do_listen) referenced 2 times from api_lib.o(.text.netconn_listen_with_backlog)
 <LI><a href="#[a6]">lwip_netconn_do_newconn</a> from api_msg.o(.text.lwip_netconn_do_newconn) referenced 2 times from api_lib.o(.text.netconn_new_with_proto_and_callback)
 <LI><a href="#[a8]">lwip_netconn_do_recv</a> from api_msg.o(.text.lwip_netconn_do_recv) referenced 2 times from api_lib.o(.text.netconn_tcp_recvd_msg)
 <LI><a href="#[a9]">lwip_netconn_do_write</a> from api_msg.o(.text.lwip_netconn_do_write) referenced 2 times from api_lib.o(.text.netconn_write_vectors_partly)
 <LI><a href="#[61]">main</a> from lwip_tcpecho_freertos.o(.text.main) referenced from entry9a.o(.ARM.Collect$$$$0000000B)
 <LI><a href="#[aa]">netif_null_output_ip4</a> from netif.o(.text.netif_null_output_ip4) referenced 2 times from netif.o(.text.netif_add)
 <LI><a href="#[b2]">netif_set_default</a> from netif.o(.text.netif_set_default) referenced 2 times from lwip_tcpecho_freertos.o(.text.stack_init)
 <LI><a href="#[b3]">netif_set_up</a> from netif.o(.text.netif_set_up) referenced 2 times from lwip_tcpecho_freertos.o(.text.stack_init)
 <LI><a href="#[ab]">netifapi_do_netif_add</a> from netifapi.o(.text.netifapi_do_netif_add) referenced 2 times from netifapi.o(.text.netifapi_netif_add)
 <LI><a href="#[ac]">netifapi_do_netif_common</a> from netifapi.o(.text.netifapi_do_netif_common) referenced 2 times from netifapi.o(.text.netifapi_netif_common)
 <LI><a href="#[9e]">poll_tcp</a> from api_msg.o(.text.poll_tcp) referenced 2 times from api_msg.o(.text.lwip_netconn_do_close_internal)
 <LI><a href="#[9e]">poll_tcp</a> from api_msg.o(.text.poll_tcp) referenced 2 times from api_msg.o(.text.setup_tcp)
 <LI><a href="#[bb]">prvIdleTask</a> from tasks.o(.text.prvIdleTask) referenced 2 times from tasks.o(.text.vTaskStartScheduler)
 <LI><a href="#[ae]">prvTaskExitError</a> from port.o(.text.prvTaskExitError) referenced 2 times from port.o(.text.pxPortInitialiseStack)
 <LI><a href="#[bd]">prvTimerTask</a> from timers.o(.text.prvTimerTask) referenced 2 times from timers.o(.text.xTimerCreateTimerTask)
 <LI><a href="#[af]">recv_tcp</a> from api_msg.o(.text.recv_tcp) referenced 2 times from api_msg.o(.text.setup_tcp)
 <LI><a href="#[ad]">recv_udp</a> from api_msg.o(.text.recv_udp) referenced 2 times from api_msg.o(.text.pcb_new)
 <LI><a href="#[9d]">sent_tcp</a> from api_msg.o(.text.sent_tcp) referenced 2 times from api_msg.o(.text.lwip_netconn_do_close_internal)
 <LI><a href="#[9d]">sent_tcp</a> from api_msg.o(.text.sent_tcp) referenced 2 times from api_msg.o(.text.setup_tcp)
 <LI><a href="#[a1]">stack_init</a> from lwip_tcpecho_freertos.o(.text.stack_init) referenced 2 times from lwip_tcpecho_freertos.o(.text.main)
 <LI><a href="#[b5]">tcp_accept_null</a> from tcp.o(.text.tcp_accept_null) referenced 2 times from tcp.o(.text.tcp_listen_with_backlog_and_err)
 <LI><a href="#[b4]">tcp_recv_null</a> from tcp.o(.text.tcp_recv_null) referenced 2 times from tcp.o(.text.tcp_alloc)
 <LI><a href="#[c1]">tcp_tmr</a> from tcp.o(.text.tcp_tmr) referenced from timeouts.o(.rodata.lwip_cyclic_timers)
 <LI><a href="#[b7]">tcpecho_thread</a> from tcpecho.o(.text.tcpecho_thread) referenced 2 times from tcpecho.o(.text.tcpecho_init)
 <LI><a href="#[b1]">tcpip_input</a> from tcpip.o(.text.tcpip_input) referenced 2 times from lwip_tcpecho_freertos.o(.text.stack_init)
 <LI><a href="#[b6]">tcpip_tcp_timer</a> from timeouts.o(.text.tcpip_tcp_timer) referenced 2 times from timeouts.o(.text.tcp_timer_needed)
 <LI><a href="#[b6]">tcpip_tcp_timer</a> from timeouts.o(.text.tcpip_tcp_timer) referenced 2 times from timeouts.o(.text.tcpip_tcp_timer)
 <LI><a href="#[b8]">tcpip_thread</a> from tcpip.o(.text.tcpip_thread) referenced 2 times from tcpip.o(.text.tcpip_init)
 <LI><a href="#[bc]">vEventGroupSetBitsCallback</a> from event_groups.o(.text.vEventGroupSetBitsCallback) referenced 2 times from event_groups.o(.text.xEventGroupSetBitsFromISR)
</UL>
<P>
<H3>
Global Symbols
</H3>
<P><STRONG><a name="[63]"></a>__main</STRONG> (Thumb, 0 bytes, Stack size unknown bytes, entry.o(.ARM.Collect$$$$00000000))
<BR>[Address Reference Count : 1]<UL><LI> startup_mk64f12.o(.text)
</UL>
<P><STRONG><a name="[2c5]"></a>_main_stk</STRONG> (Thumb, 0 bytes, Stack size unknown bytes, entry4.o(.ARM.Collect$$$$00000003))

<P><STRONG><a name="[cf]"></a>_main_scatterload</STRONG> (Thumb, 0 bytes, Stack size unknown bytes, entry5.o(.ARM.Collect$$$$00000004))
<BR><BR>[Calls]<UL><LI><a href="#[d0]">&gt;&gt;</a>&nbsp;&nbsp;&nbsp;__scatterload
</UL>

<P><STRONG><a name="[d8]"></a>__main_after_scatterload</STRONG> (Thumb, 0 bytes, Stack size unknown bytes, entry5.o(.ARM.Collect$$$$00000004))
<BR><BR>[Called By]<UL><LI><a href="#[d0]">&gt;&gt;</a>&nbsp;&nbsp;&nbsp;__scatterload
</UL>

<P><STRONG><a name="[2c6]"></a>_main_clock</STRONG> (Thumb, 0 bytes, Stack size unknown bytes, entry7b.o(.ARM.Collect$$$$00000008))

<P><STRONG><a name="[2c7]"></a>_main_cpp_init</STRONG> (Thumb, 0 bytes, Stack size unknown bytes, entry8b.o(.ARM.Collect$$$$0000000A))

<P><STRONG><a name="[2c8]"></a>_main_init</STRONG> (Thumb, 0 bytes, Stack size unknown bytes, entry9a.o(.ARM.Collect$$$$0000000B))

<P><STRONG><a name="[2c9]"></a>__rt_final_cpp</STRONG> (Thumb, 0 bytes, Stack size unknown bytes, entry10a.o(.ARM.Collect$$$$0000000D))

<P><STRONG><a name="[2ca]"></a>__rt_final_exit</STRONG> (Thumb, 0 bytes, Stack size unknown bytes, entry11a.o(.ARM.Collect$$$$0000000F))

<P><STRONG><a name="[0]"></a>Reset_Handler</STRONG> (Thumb, 40 bytes, Stack size unknown bytes, startup_mk64f12.o(.text))
<BR>[Address Reference Count : 1]<UL><LI> startup_mk64f12.o(.isr_vector)
</UL>
<P><STRONG><a name="[31]"></a>ADC0_IRQHandler</STRONG> (Thumb, 4 bytes, Stack size unknown bytes, startup_mk64f12.o(.text))
<BR><BR>[Calls]<UL><LI><a href="#[60]">&gt;&gt;</a>&nbsp;&nbsp;&nbsp;DefaultISR
</UL>
<BR>[Address Reference Count : 1]<UL><LI> startup_mk64f12.o(.isr_vector)
</UL>
<P><STRONG><a name="[53]"></a>ADC1_IRQHandler</STRONG> (Thumb, 4 bytes, Stack size unknown bytes, startup_mk64f12.o(.text))
<BR>[Address Reference Count : 1]<UL><LI> startup_mk64f12.o(.isr_vector)
</UL>
<P><STRONG><a name="[4]"></a>BusFault_Handler</STRONG> (Thumb, 4 bytes, Stack size unknown bytes, startup_mk64f12.o(.text))
<BR>[Address Reference Count : 1]<UL><LI> startup_mk64f12.o(.isr_vector)
</UL>
<P><STRONG><a name="[8a]"></a>CAN0_DriverIRQHandler</STRONG> (Thumb, 4 bytes, Stack size unknown bytes, startup_mk64f12.o(.text))
<BR>[Address Reference Count : 1]<UL><LI> startup_mk64f12.o(.text)
</UL>
<P><STRONG><a name="[32]"></a>CMP0_IRQHandler</STRONG> (Thumb, 4 bytes, Stack size unknown bytes, startup_mk64f12.o(.text))
<BR>[Address Reference Count : 1]<UL><LI> startup_mk64f12.o(.isr_vector)
</UL>
<P><STRONG><a name="[33]"></a>CMP1_IRQHandler</STRONG> (Thumb, 4 bytes, Stack size unknown bytes, startup_mk64f12.o(.text))
<BR>[Address Reference Count : 1]<UL><LI> startup_mk64f12.o(.isr_vector)
</UL>
<P><STRONG><a name="[50]"></a>CMP2_IRQHandler</STRONG> (Thumb, 4 bytes, Stack size unknown bytes, startup_mk64f12.o(.text))
<BR>[Address Reference Count : 1]<UL><LI> startup_mk64f12.o(.isr_vector)
</UL>
<P><STRONG><a name="[37]"></a>CMT_IRQHandler</STRONG> (Thumb, 4 bytes, Stack size unknown bytes, startup_mk64f12.o(.text))
<BR>[Address Reference Count : 1]<UL><LI> startup_mk64f12.o(.isr_vector)
</UL>
<P><STRONG><a name="[42]"></a>DAC0_IRQHandler</STRONG> (Thumb, 4 bytes, Stack size unknown bytes, startup_mk64f12.o(.text))
<BR>[Address Reference Count : 1]<UL><LI> startup_mk64f12.o(.isr_vector)
</UL>
<P><STRONG><a name="[52]"></a>DAC1_IRQHandler</STRONG> (Thumb, 4 bytes, Stack size unknown bytes, startup_mk64f12.o(.text))
<BR>[Address Reference Count : 1]<UL><LI> startup_mk64f12.o(.isr_vector)
</UL>
<P><STRONG><a name="[64]"></a>DMA0_DriverIRQHandler</STRONG> (Thumb, 4 bytes, Stack size unknown bytes, startup_mk64f12.o(.text))
<BR>[Address Reference Count : 1]<UL><LI> startup_mk64f12.o(.text)
</UL>
<P><STRONG><a name="[6e]"></a>DMA10_DriverIRQHandler</STRONG> (Thumb, 4 bytes, Stack size unknown bytes, startup_mk64f12.o(.text))
<BR>[Address Reference Count : 1]<UL><LI> startup_mk64f12.o(.text)
</UL>
<P><STRONG><a name="[6f]"></a>DMA11_DriverIRQHandler</STRONG> (Thumb, 4 bytes, Stack size unknown bytes, startup_mk64f12.o(.text))
<BR>[Address Reference Count : 1]<UL><LI> startup_mk64f12.o(.text)
</UL>
<P><STRONG><a name="[70]"></a>DMA12_DriverIRQHandler</STRONG> (Thumb, 4 bytes, Stack size unknown bytes, startup_mk64f12.o(.text))
<BR>[Address Reference Count : 1]<UL><LI> startup_mk64f12.o(.text)
</UL>
<P><STRONG><a name="[71]"></a>DMA13_DriverIRQHandler</STRONG> (Thumb, 4 bytes, Stack size unknown bytes, startup_mk64f12.o(.text))
<BR>[Address Reference Count : 1]<UL><LI> startup_mk64f12.o(.text)
</UL>
<P><STRONG><a name="[72]"></a>DMA14_DriverIRQHandler</STRONG> (Thumb, 4 bytes, Stack size unknown bytes, startup_mk64f12.o(.text))
<BR>[Address Reference Count : 1]<UL><LI> startup_mk64f12.o(.text)
</UL>
<P><STRONG><a name="[73]"></a>DMA15_DriverIRQHandler</STRONG> (Thumb, 4 bytes, Stack size unknown bytes, startup_mk64f12.o(.text))
<BR>[Address Reference Count : 1]<UL><LI> startup_mk64f12.o(.text)
</UL>
<P><STRONG><a name="[65]"></a>DMA1_DriverIRQHandler</STRONG> (Thumb, 4 bytes, Stack size unknown bytes, startup_mk64f12.o(.text))
<BR>[Address Reference Count : 1]<UL><LI> startup_mk64f12.o(.text)
</UL>
<P><STRONG><a name="[66]"></a>DMA2_DriverIRQHandler</STRONG> (Thumb, 4 bytes, Stack size unknown bytes, startup_mk64f12.o(.text))
<BR>[Address Reference Count : 1]<UL><LI> startup_mk64f12.o(.text)
</UL>
<P><STRONG><a name="[67]"></a>DMA3_DriverIRQHandler</STRONG> (Thumb, 4 bytes, Stack size unknown bytes, startup_mk64f12.o(.text))
<BR>[Address Reference Count : 1]<UL><LI> startup_mk64f12.o(.text)
</UL>
<P><STRONG><a name="[68]"></a>DMA4_DriverIRQHandler</STRONG> (Thumb, 4 bytes, Stack size unknown bytes, startup_mk64f12.o(.text))
<BR>[Address Reference Count : 1]<UL><LI> startup_mk64f12.o(.text)
</UL>
<P><STRONG><a name="[69]"></a>DMA5_DriverIRQHandler</STRONG> (Thumb, 4 bytes, Stack size unknown bytes, startup_mk64f12.o(.text))
<BR>[Address Reference Count : 1]<UL><LI> startup_mk64f12.o(.text)
</UL>
<P><STRONG><a name="[6a]"></a>DMA6_DriverIRQHandler</STRONG> (Thumb, 4 bytes, Stack size unknown bytes, startup_mk64f12.o(.text))
<BR>[Address Reference Count : 1]<UL><LI> startup_mk64f12.o(.text)
</UL>
<P><STRONG><a name="[6b]"></a>DMA7_DriverIRQHandler</STRONG> (Thumb, 4 bytes, Stack size unknown bytes, startup_mk64f12.o(.text))
<BR>[Address Reference Count : 1]<UL><LI> startup_mk64f12.o(.text)
</UL>
<P><STRONG><a name="[6c]"></a>DMA8_DriverIRQHandler</STRONG> (Thumb, 4 bytes, Stack size unknown bytes, startup_mk64f12.o(.text))
<BR>[Address Reference Count : 1]<UL><LI> startup_mk64f12.o(.text)
</UL>
<P><STRONG><a name="[6d]"></a>DMA9_DriverIRQHandler</STRONG> (Thumb, 4 bytes, Stack size unknown bytes, startup_mk64f12.o(.text))
<BR>[Address Reference Count : 1]<UL><LI> startup_mk64f12.o(.text)
</UL>
<P><STRONG><a name="[74]"></a>DMA_Error_DriverIRQHandler</STRONG> (Thumb, 4 bytes, Stack size unknown bytes, startup_mk64f12.o(.text))
<BR>[Address Reference Count : 1]<UL><LI> startup_mk64f12.o(.text)
</UL>
<P><STRONG><a name="[7]"></a>DebugMon_Handler</STRONG> (Thumb, 4 bytes, Stack size unknown bytes, startup_mk64f12.o(.text))
<BR>[Address Reference Count : 1]<UL><LI> startup_mk64f12.o(.isr_vector)
</UL>
<P><STRONG><a name="[60]"></a>DefaultISR</STRONG> (Thumb, 4 bytes, Stack size unknown bytes, startup_mk64f12.o(.text))
<BR><BR>[Called By]<UL><LI><a href="#[31]">&gt;&gt;</a>&nbsp;&nbsp;&nbsp;ADC0_IRQHandler
</UL>
<BR>[Address Reference Count : 2]<UL><LI> startup_mk64f12.o(.isr_vector)
<LI> fsl_uart.o(.data.s_uartIsr)
</UL>
<P><STRONG><a name="[1c]"></a>FTFE_IRQHandler</STRONG> (Thumb, 4 bytes, Stack size unknown bytes, startup_mk64f12.o(.text))
<BR>[Address Reference Count : 1]<UL><LI> startup_mk64f12.o(.isr_vector)
</UL>
<P><STRONG><a name="[34]"></a>FTM0_IRQHandler</STRONG> (Thumb, 4 bytes, Stack size unknown bytes, startup_mk64f12.o(.text))
<BR>[Address Reference Count : 1]<UL><LI> startup_mk64f12.o(.isr_vector)
</UL>
<P><STRONG><a name="[35]"></a>FTM1_IRQHandler</STRONG> (Thumb, 4 bytes, Stack size unknown bytes, startup_mk64f12.o(.text))
<BR>[Address Reference Count : 1]<UL><LI> startup_mk64f12.o(.isr_vector)
</UL>
<P><STRONG><a name="[36]"></a>FTM2_IRQHandler</STRONG> (Thumb, 4 bytes, Stack size unknown bytes, startup_mk64f12.o(.text))
<BR>[Address Reference Count : 1]<UL><LI> startup_mk64f12.o(.isr_vector)
</UL>
<P><STRONG><a name="[51]"></a>FTM3_IRQHandler</STRONG> (Thumb, 4 bytes, Stack size unknown bytes, startup_mk64f12.o(.text))
<BR>[Address Reference Count : 1]<UL><LI> startup_mk64f12.o(.isr_vector)
</UL>
<P><STRONG><a name="[75]"></a>I2C0_DriverIRQHandler</STRONG> (Thumb, 4 bytes, Stack size unknown bytes, startup_mk64f12.o(.text))
<BR>[Address Reference Count : 1]<UL><LI> startup_mk64f12.o(.text)
</UL>
<P><STRONG><a name="[76]"></a>I2C1_DriverIRQHandler</STRONG> (Thumb, 4 bytes, Stack size unknown bytes, startup_mk64f12.o(.text))
<BR>[Address Reference Count : 1]<UL><LI> startup_mk64f12.o(.text)
</UL>
<P><STRONG><a name="[89]"></a>I2C2_DriverIRQHandler</STRONG> (Thumb, 4 bytes, Stack size unknown bytes, startup_mk64f12.o(.text))
<BR>[Address Reference Count : 1]<UL><LI> startup_mk64f12.o(.text)
</UL>
<P><STRONG><a name="[7a]"></a>I2S0_Rx_DriverIRQHandler</STRONG> (Thumb, 4 bytes, Stack size unknown bytes, startup_mk64f12.o(.text))
<BR>[Address Reference Count : 1]<UL><LI> startup_mk64f12.o(.text)
</UL>
<P><STRONG><a name="[79]"></a>I2S0_Tx_DriverIRQHandler</STRONG> (Thumb, 4 bytes, Stack size unknown bytes, startup_mk64f12.o(.text))
<BR>[Address Reference Count : 1]<UL><LI> startup_mk64f12.o(.text)
</UL>
<P><STRONG><a name="[1f]"></a>LLWU_IRQHandler</STRONG> (Thumb, 4 bytes, Stack size unknown bytes, startup_mk64f12.o(.text))
<BR>[Address Reference Count : 1]<UL><LI> startup_mk64f12.o(.isr_vector)
</UL>
<P><STRONG><a name="[44]"></a>LPTMR0_IRQHandler</STRONG> (Thumb, 4 bytes, Stack size unknown bytes, startup_mk64f12.o(.text))
<BR>[Address Reference Count : 1]<UL><LI> startup_mk64f12.o(.isr_vector)
</UL>
<P><STRONG><a name="[1e]"></a>LVD_LVW_IRQHandler</STRONG> (Thumb, 4 bytes, Stack size unknown bytes, startup_mk64f12.o(.text))
<BR>[Address Reference Count : 1]<UL><LI> startup_mk64f12.o(.isr_vector)
</UL>
<P><STRONG><a name="[43]"></a>MCG_IRQHandler</STRONG> (Thumb, 4 bytes, Stack size unknown bytes, startup_mk64f12.o(.text))
<BR>[Address Reference Count : 1]<UL><LI> startup_mk64f12.o(.isr_vector)
</UL>
<P><STRONG><a name="[1b]"></a>MCM_IRQHandler</STRONG> (Thumb, 4 bytes, Stack size unknown bytes, startup_mk64f12.o(.text))
<BR>[Address Reference Count : 1]<UL><LI> startup_mk64f12.o(.isr_vector)
</UL>
<P><STRONG><a name="[3]"></a>MemManage_Handler</STRONG> (Thumb, 4 bytes, Stack size unknown bytes, startup_mk64f12.o(.text))
<BR>[Address Reference Count : 1]<UL><LI> startup_mk64f12.o(.isr_vector)
</UL>
<P><STRONG><a name="[3e]"></a>PDB0_IRQHandler</STRONG> (Thumb, 4 bytes, Stack size unknown bytes, startup_mk64f12.o(.text))
<BR>[Address Reference Count : 1]<UL><LI> startup_mk64f12.o(.isr_vector)
</UL>
<P><STRONG><a name="[3a]"></a>PIT0_IRQHandler</STRONG> (Thumb, 4 bytes, Stack size unknown bytes, startup_mk64f12.o(.text))
<BR>[Address Reference Count : 1]<UL><LI> startup_mk64f12.o(.isr_vector)
</UL>
<P><STRONG><a name="[3b]"></a>PIT1_IRQHandler</STRONG> (Thumb, 4 bytes, Stack size unknown bytes, startup_mk64f12.o(.text))
<BR>[Address Reference Count : 1]<UL><LI> startup_mk64f12.o(.isr_vector)
</UL>
<P><STRONG><a name="[3c]"></a>PIT2_IRQHandler</STRONG> (Thumb, 4 bytes, Stack size unknown bytes, startup_mk64f12.o(.text))
<BR>[Address Reference Count : 1]<UL><LI> startup_mk64f12.o(.isr_vector)
</UL>
<P><STRONG><a name="[3d]"></a>PIT3_IRQHandler</STRONG> (Thumb, 4 bytes, Stack size unknown bytes, startup_mk64f12.o(.text))
<BR>[Address Reference Count : 1]<UL><LI> startup_mk64f12.o(.isr_vector)
</UL>
<P><STRONG><a name="[45]"></a>PORTA_IRQHandler</STRONG> (Thumb, 4 bytes, Stack size unknown bytes, startup_mk64f12.o(.text))
<BR>[Address Reference Count : 1]<UL><LI> startup_mk64f12.o(.isr_vector)
</UL>
<P><STRONG><a name="[46]"></a>PORTB_IRQHandler</STRONG> (Thumb, 4 bytes, Stack size unknown bytes, startup_mk64f12.o(.text))
<BR>[Address Reference Count : 1]<UL><LI> startup_mk64f12.o(.isr_vector)
</UL>
<P><STRONG><a name="[47]"></a>PORTC_IRQHandler</STRONG> (Thumb, 4 bytes, Stack size unknown bytes, startup_mk64f12.o(.text))
<BR>[Address Reference Count : 1]<UL><LI> startup_mk64f12.o(.isr_vector)
</UL>
<P><STRONG><a name="[48]"></a>PORTD_IRQHandler</STRONG> (Thumb, 4 bytes, Stack size unknown bytes, startup_mk64f12.o(.text))
<BR>[Address Reference Count : 1]<UL><LI> startup_mk64f12.o(.isr_vector)
</UL>
<P><STRONG><a name="[49]"></a>PORTE_IRQHandler</STRONG> (Thumb, 4 bytes, Stack size unknown bytes, startup_mk64f12.o(.text))
<BR>[Address Reference Count : 1]<UL><LI> startup_mk64f12.o(.isr_vector)
</UL>
<P><STRONG><a name="[21]"></a>RNG_IRQHandler</STRONG> (Thumb, 4 bytes, Stack size unknown bytes, startup_mk64f12.o(.text))
<BR>[Address Reference Count : 1]<UL><LI> startup_mk64f12.o(.isr_vector)
</UL>
<P><STRONG><a name="[38]"></a>RTC_IRQHandler</STRONG> (Thumb, 4 bytes, Stack size unknown bytes, startup_mk64f12.o(.text))
<BR>[Address Reference Count : 1]<UL><LI> startup_mk64f12.o(.isr_vector)
</UL>
<P><STRONG><a name="[39]"></a>RTC_Seconds_IRQHandler</STRONG> (Thumb, 4 bytes, Stack size unknown bytes, startup_mk64f12.o(.text))
<BR>[Address Reference Count : 1]<UL><LI> startup_mk64f12.o(.isr_vector)
</UL>
<P><STRONG><a name="[1d]"></a>Read_Collision_IRQHandler</STRONG> (Thumb, 4 bytes, Stack size unknown bytes, startup_mk64f12.o(.text))
<BR>[Address Reference Count : 1]<UL><LI> startup_mk64f12.o(.isr_vector)
</UL>
<P><STRONG><a name="[41]"></a>Reserved71_IRQHandler</STRONG> (Thumb, 4 bytes, Stack size unknown bytes, startup_mk64f12.o(.text))
<BR>[Address Reference Count : 1]<UL><LI> startup_mk64f12.o(.isr_vector)
</UL>
<P><STRONG><a name="[8b]"></a>SDHC_DriverIRQHandler</STRONG> (Thumb, 4 bytes, Stack size unknown bytes, startup_mk64f12.o(.text))
<BR>[Address Reference Count : 1]<UL><LI> startup_mk64f12.o(.text)
</UL>
<P><STRONG><a name="[77]"></a>SPI0_DriverIRQHandler</STRONG> (Thumb, 4 bytes, Stack size unknown bytes, startup_mk64f12.o(.text))
<BR>[Address Reference Count : 1]<UL><LI> startup_mk64f12.o(.text)
</UL>
<P><STRONG><a name="[78]"></a>SPI1_DriverIRQHandler</STRONG> (Thumb, 4 bytes, Stack size unknown bytes, startup_mk64f12.o(.text))
<BR>[Address Reference Count : 1]<UL><LI> startup_mk64f12.o(.text)
</UL>
<P><STRONG><a name="[84]"></a>SPI2_DriverIRQHandler</STRONG> (Thumb, 4 bytes, Stack size unknown bytes, startup_mk64f12.o(.text))
<BR>[Address Reference Count : 1]<UL><LI> startup_mk64f12.o(.text)
</UL>
<P><STRONG><a name="[4a]"></a>SWI_IRQHandler</STRONG> (Thumb, 4 bytes, Stack size unknown bytes, startup_mk64f12.o(.text))
<BR>[Address Reference Count : 1]<UL><LI> startup_mk64f12.o(.isr_vector)
</UL>
<P><STRONG><a name="[7d]"></a>UART0_ERR_DriverIRQHandler</STRONG> (Thumb, 4 bytes, Stack size unknown bytes, startup_mk64f12.o(.text))
<BR>[Address Reference Count : 1]<UL><LI> startup_mk64f12.o(.text)
</UL>
<P><STRONG><a name="[7b]"></a>UART0_LON_DriverIRQHandler</STRONG> (Thumb, 4 bytes, Stack size unknown bytes, startup_mk64f12.o(.text))
<BR>[Address Reference Count : 1]<UL><LI> startup_mk64f12.o(.text)
</UL>
<P><STRONG><a name="[7f]"></a>UART1_ERR_DriverIRQHandler</STRONG> (Thumb, 4 bytes, Stack size unknown bytes, startup_mk64f12.o(.text))
<BR>[Address Reference Count : 1]<UL><LI> startup_mk64f12.o(.text)
</UL>
<P><STRONG><a name="[81]"></a>UART2_ERR_DriverIRQHandler</STRONG> (Thumb, 4 bytes, Stack size unknown bytes, startup_mk64f12.o(.text))
<BR>[Address Reference Count : 1]<UL><LI> startup_mk64f12.o(.text)
</UL>
<P><STRONG><a name="[83]"></a>UART3_ERR_DriverIRQHandler</STRONG> (Thumb, 4 bytes, Stack size unknown bytes, startup_mk64f12.o(.text))
<BR>[Address Reference Count : 1]<UL><LI> startup_mk64f12.o(.text)
</UL>
<P><STRONG><a name="[86]"></a>UART4_ERR_DriverIRQHandler</STRONG> (Thumb, 4 bytes, Stack size unknown bytes, startup_mk64f12.o(.text))
<BR>[Address Reference Count : 1]<UL><LI> startup_mk64f12.o(.text)
</UL>
<P><STRONG><a name="[88]"></a>UART5_ERR_DriverIRQHandler</STRONG> (Thumb, 4 bytes, Stack size unknown bytes, startup_mk64f12.o(.text))
<BR>[Address Reference Count : 1]<UL><LI> startup_mk64f12.o(.text)
</UL>
<P><STRONG><a name="[3f]"></a>USB0_IRQHandler</STRONG> (Thumb, 4 bytes, Stack size unknown bytes, startup_mk64f12.o(.text))
<BR>[Address Reference Count : 1]<UL><LI> startup_mk64f12.o(.isr_vector)
</UL>
<P><STRONG><a name="[40]"></a>USBDCD_IRQHandler</STRONG> (Thumb, 4 bytes, Stack size unknown bytes, startup_mk64f12.o(.text))
<BR>[Address Reference Count : 1]<UL><LI> startup_mk64f12.o(.isr_vector)
</UL>
<P><STRONG><a name="[5]"></a>UsageFault_Handler</STRONG> (Thumb, 4 bytes, Stack size unknown bytes, startup_mk64f12.o(.text))
<BR>[Address Reference Count : 1]<UL><LI> startup_mk64f12.o(.isr_vector)
</UL>
<P><STRONG><a name="[20]"></a>WDOG_EWM_IRQHandler</STRONG> (Thumb, 4 bytes, Stack size unknown bytes, startup_mk64f12.o(.text))
<BR>[Address Reference Count : 1]<UL><LI> startup_mk64f12.o(.isr_vector)
</UL>
<P><STRONG><a name="[1]"></a>NMI_Handler</STRONG> (Thumb, 4 bytes, Stack size unknown bytes, startup_mk64f12.o(.text))
<BR>[Address Reference Count : 2]<UL><LI> startup_mk64f12.o(.text)
<LI> startup_mk64f12.o(.isr_vector)
</UL>
<P><STRONG><a name="[2]"></a>HardFault_Handler</STRONG> (Thumb, 4 bytes, Stack size unknown bytes, startup_mk64f12.o(.text))
<BR>[Address Reference Count : 2]<UL><LI> startup_mk64f12.o(.text)
<LI> startup_mk64f12.o(.isr_vector)
</UL>
<P><STRONG><a name="[a]"></a>DMA0_IRQHandler</STRONG> (Thumb, 4 bytes, Stack size unknown bytes, startup_mk64f12.o(.text))
<BR>[Address Reference Count : 1]<UL><LI> startup_mk64f12.o(.isr_vector)
</UL>
<P><STRONG><a name="[b]"></a>DMA1_IRQHandler</STRONG> (Thumb, 4 bytes, Stack size unknown bytes, startup_mk64f12.o(.text))
<BR>[Address Reference Count : 1]<UL><LI> startup_mk64f12.o(.isr_vector)
</UL>
<P><STRONG><a name="[c]"></a>DMA2_IRQHandler</STRONG> (Thumb, 4 bytes, Stack size unknown bytes, startup_mk64f12.o(.text))
<BR>[Address Reference Count : 1]<UL><LI> startup_mk64f12.o(.isr_vector)
</UL>
<P><STRONG><a name="[d]"></a>DMA3_IRQHandler</STRONG> (Thumb, 4 bytes, Stack size unknown bytes, startup_mk64f12.o(.text))
<BR>[Address Reference Count : 1]<UL><LI> startup_mk64f12.o(.isr_vector)
</UL>
<P><STRONG><a name="[e]"></a>DMA4_IRQHandler</STRONG> (Thumb, 4 bytes, Stack size unknown bytes, startup_mk64f12.o(.text))
<BR>[Address Reference Count : 1]<UL><LI> startup_mk64f12.o(.isr_vector)
</UL>
<P><STRONG><a name="[f]"></a>DMA5_IRQHandler</STRONG> (Thumb, 4 bytes, Stack size unknown bytes, startup_mk64f12.o(.text))
<BR>[Address Reference Count : 1]<UL><LI> startup_mk64f12.o(.isr_vector)
</UL>
<P><STRONG><a name="[10]"></a>DMA6_IRQHandler</STRONG> (Thumb, 4 bytes, Stack size unknown bytes, startup_mk64f12.o(.text))
<BR>[Address Reference Count : 1]<UL><LI> startup_mk64f12.o(.isr_vector)
</UL>
<P><STRONG><a name="[11]"></a>DMA7_IRQHandler</STRONG> (Thumb, 4 bytes, Stack size unknown bytes, startup_mk64f12.o(.text))
<BR>[Address Reference Count : 1]<UL><LI> startup_mk64f12.o(.isr_vector)
</UL>
<P><STRONG><a name="[12]"></a>DMA8_IRQHandler</STRONG> (Thumb, 4 bytes, Stack size unknown bytes, startup_mk64f12.o(.text))
<BR>[Address Reference Count : 1]<UL><LI> startup_mk64f12.o(.isr_vector)
</UL>
<P><STRONG><a name="[13]"></a>DMA9_IRQHandler</STRONG> (Thumb, 4 bytes, Stack size unknown bytes, startup_mk64f12.o(.text))
<BR>[Address Reference Count : 1]<UL><LI> startup_mk64f12.o(.isr_vector)
</UL>
<P><STRONG><a name="[14]"></a>DMA10_IRQHandler</STRONG> (Thumb, 4 bytes, Stack size unknown bytes, startup_mk64f12.o(.text))
<BR>[Address Reference Count : 1]<UL><LI> startup_mk64f12.o(.isr_vector)
</UL>
<P><STRONG><a name="[15]"></a>DMA11_IRQHandler</STRONG> (Thumb, 4 bytes, Stack size unknown bytes, startup_mk64f12.o(.text))
<BR>[Address Reference Count : 1]<UL><LI> startup_mk64f12.o(.isr_vector)
</UL>
<P><STRONG><a name="[16]"></a>DMA12_IRQHandler</STRONG> (Thumb, 4 bytes, Stack size unknown bytes, startup_mk64f12.o(.text))
<BR>[Address Reference Count : 1]<UL><LI> startup_mk64f12.o(.isr_vector)
</UL>
<P><STRONG><a name="[17]"></a>DMA13_IRQHandler</STRONG> (Thumb, 4 bytes, Stack size unknown bytes, startup_mk64f12.o(.text))
<BR>[Address Reference Count : 1]<UL><LI> startup_mk64f12.o(.isr_vector)
</UL>
<P><STRONG><a name="[18]"></a>DMA14_IRQHandler</STRONG> (Thumb, 4 bytes, Stack size unknown bytes, startup_mk64f12.o(.text))
<BR>[Address Reference Count : 1]<UL><LI> startup_mk64f12.o(.isr_vector)
</UL>
<P><STRONG><a name="[19]"></a>DMA15_IRQHandler</STRONG> (Thumb, 4 bytes, Stack size unknown bytes, startup_mk64f12.o(.text))
<BR>[Address Reference Count : 1]<UL><LI> startup_mk64f12.o(.isr_vector)
</UL>
<P><STRONG><a name="[1a]"></a>DMA_Error_IRQHandler</STRONG> (Thumb, 4 bytes, Stack size unknown bytes, startup_mk64f12.o(.text))
<BR>[Address Reference Count : 1]<UL><LI> startup_mk64f12.o(.isr_vector)
</UL>
<P><STRONG><a name="[22]"></a>I2C0_IRQHandler</STRONG> (Thumb, 4 bytes, Stack size unknown bytes, startup_mk64f12.o(.text))
<BR>[Address Reference Count : 1]<UL><LI> startup_mk64f12.o(.isr_vector)
</UL>
<P><STRONG><a name="[23]"></a>I2C1_IRQHandler</STRONG> (Thumb, 4 bytes, Stack size unknown bytes, startup_mk64f12.o(.text))
<BR>[Address Reference Count : 1]<UL><LI> startup_mk64f12.o(.isr_vector)
</UL>
<P><STRONG><a name="[24]"></a>SPI0_IRQHandler</STRONG> (Thumb, 4 bytes, Stack size unknown bytes, startup_mk64f12.o(.text))
<BR>[Address Reference Count : 1]<UL><LI> startup_mk64f12.o(.isr_vector)
</UL>
<P><STRONG><a name="[25]"></a>SPI1_IRQHandler</STRONG> (Thumb, 4 bytes, Stack size unknown bytes, startup_mk64f12.o(.text))
<BR>[Address Reference Count : 1]<UL><LI> startup_mk64f12.o(.isr_vector)
</UL>
<P><STRONG><a name="[26]"></a>I2S0_Tx_IRQHandler</STRONG> (Thumb, 4 bytes, Stack size unknown bytes, startup_mk64f12.o(.text))
<BR>[Address Reference Count : 1]<UL><LI> startup_mk64f12.o(.isr_vector)
</UL>
<P><STRONG><a name="[27]"></a>I2S0_Rx_IRQHandler</STRONG> (Thumb, 4 bytes, Stack size unknown bytes, startup_mk64f12.o(.text))
<BR>[Address Reference Count : 1]<UL><LI> startup_mk64f12.o(.isr_vector)
</UL>
<P><STRONG><a name="[28]"></a>UART0_LON_IRQHandler</STRONG> (Thumb, 4 bytes, Stack size unknown bytes, startup_mk64f12.o(.text))
<BR>[Address Reference Count : 1]<UL><LI> startup_mk64f12.o(.isr_vector)
</UL>
<P><STRONG><a name="[29]"></a>UART0_RX_TX_IRQHandler</STRONG> (Thumb, 4 bytes, Stack size unknown bytes, startup_mk64f12.o(.text))
<BR>[Address Reference Count : 1]<UL><LI> startup_mk64f12.o(.isr_vector)
</UL>
<P><STRONG><a name="[2a]"></a>UART0_ERR_IRQHandler</STRONG> (Thumb, 4 bytes, Stack size unknown bytes, startup_mk64f12.o(.text))
<BR>[Address Reference Count : 1]<UL><LI> startup_mk64f12.o(.isr_vector)
</UL>
<P><STRONG><a name="[2b]"></a>UART1_RX_TX_IRQHandler</STRONG> (Thumb, 4 bytes, Stack size unknown bytes, startup_mk64f12.o(.text))
<BR>[Address Reference Count : 1]<UL><LI> startup_mk64f12.o(.isr_vector)
</UL>
<P><STRONG><a name="[2c]"></a>UART1_ERR_IRQHandler</STRONG> (Thumb, 4 bytes, Stack size unknown bytes, startup_mk64f12.o(.text))
<BR>[Address Reference Count : 1]<UL><LI> startup_mk64f12.o(.isr_vector)
</UL>
<P><STRONG><a name="[2d]"></a>UART2_RX_TX_IRQHandler</STRONG> (Thumb, 4 bytes, Stack size unknown bytes, startup_mk64f12.o(.text))
<BR>[Address Reference Count : 1]<UL><LI> startup_mk64f12.o(.isr_vector)
</UL>
<P><STRONG><a name="[2e]"></a>UART2_ERR_IRQHandler</STRONG> (Thumb, 4 bytes, Stack size unknown bytes, startup_mk64f12.o(.text))
<BR>[Address Reference Count : 1]<UL><LI> startup_mk64f12.o(.isr_vector)
</UL>
<P><STRONG><a name="[2f]"></a>UART3_RX_TX_IRQHandler</STRONG> (Thumb, 4 bytes, Stack size unknown bytes, startup_mk64f12.o(.text))
<BR>[Address Reference Count : 1]<UL><LI> startup_mk64f12.o(.isr_vector)
</UL>
<P><STRONG><a name="[30]"></a>UART3_ERR_IRQHandler</STRONG> (Thumb, 4 bytes, Stack size unknown bytes, startup_mk64f12.o(.text))
<BR>[Address Reference Count : 1]<UL><LI> startup_mk64f12.o(.isr_vector)
</UL>
<P><STRONG><a name="[4b]"></a>SPI2_IRQHandler</STRONG> (Thumb, 4 bytes, Stack size unknown bytes, startup_mk64f12.o(.text))
<BR>[Address Reference Count : 1]<UL><LI> startup_mk64f12.o(.isr_vector)
</UL>
<P><STRONG><a name="[4c]"></a>UART4_RX_TX_IRQHandler</STRONG> (Thumb, 4 bytes, Stack size unknown bytes, startup_mk64f12.o(.text))
<BR>[Address Reference Count : 1]<UL><LI> startup_mk64f12.o(.isr_vector)
</UL>
<P><STRONG><a name="[4d]"></a>UART4_ERR_IRQHandler</STRONG> (Thumb, 4 bytes, Stack size unknown bytes, startup_mk64f12.o(.text))
<BR>[Address Reference Count : 1]<UL><LI> startup_mk64f12.o(.isr_vector)
</UL>
<P><STRONG><a name="[4e]"></a>UART5_RX_TX_IRQHandler</STRONG> (Thumb, 4 bytes, Stack size unknown bytes, startup_mk64f12.o(.text))
<BR>[Address Reference Count : 1]<UL><LI> startup_mk64f12.o(.isr_vector)
</UL>
<P><STRONG><a name="[4f]"></a>UART5_ERR_IRQHandler</STRONG> (Thumb, 4 bytes, Stack size unknown bytes, startup_mk64f12.o(.text))
<BR>[Address Reference Count : 1]<UL><LI> startup_mk64f12.o(.isr_vector)
</UL>
<P><STRONG><a name="[54]"></a>I2C2_IRQHandler</STRONG> (Thumb, 4 bytes, Stack size unknown bytes, startup_mk64f12.o(.text))
<BR>[Address Reference Count : 1]<UL><LI> startup_mk64f12.o(.isr_vector)
</UL>
<P><STRONG><a name="[55]"></a>CAN0_ORed_Message_buffer_IRQHandler</STRONG> (Thumb, 4 bytes, Stack size unknown bytes, startup_mk64f12.o(.text))
<BR>[Address Reference Count : 1]<UL><LI> startup_mk64f12.o(.isr_vector)
</UL>
<P><STRONG><a name="[56]"></a>CAN0_Bus_Off_IRQHandler</STRONG> (Thumb, 4 bytes, Stack size unknown bytes, startup_mk64f12.o(.text))
<BR>[Address Reference Count : 1]<UL><LI> startup_mk64f12.o(.isr_vector)
</UL>
<P><STRONG><a name="[57]"></a>CAN0_Error_IRQHandler</STRONG> (Thumb, 4 bytes, Stack size unknown bytes, startup_mk64f12.o(.text))
<BR>[Address Reference Count : 1]<UL><LI> startup_mk64f12.o(.isr_vector)
</UL>
<P><STRONG><a name="[58]"></a>CAN0_Tx_Warning_IRQHandler</STRONG> (Thumb, 4 bytes, Stack size unknown bytes, startup_mk64f12.o(.text))
<BR>[Address Reference Count : 1]<UL><LI> startup_mk64f12.o(.isr_vector)
</UL>
<P><STRONG><a name="[59]"></a>CAN0_Rx_Warning_IRQHandler</STRONG> (Thumb, 4 bytes, Stack size unknown bytes, startup_mk64f12.o(.text))
<BR>[Address Reference Count : 1]<UL><LI> startup_mk64f12.o(.isr_vector)
</UL>
<P><STRONG><a name="[5a]"></a>CAN0_Wake_Up_IRQHandler</STRONG> (Thumb, 4 bytes, Stack size unknown bytes, startup_mk64f12.o(.text))
<BR>[Address Reference Count : 1]<UL><LI> startup_mk64f12.o(.isr_vector)
</UL>
<P><STRONG><a name="[5b]"></a>SDHC_IRQHandler</STRONG> (Thumb, 4 bytes, Stack size unknown bytes, startup_mk64f12.o(.text))
<BR>[Address Reference Count : 1]<UL><LI> startup_mk64f12.o(.isr_vector)
</UL>
<P><STRONG><a name="[5c]"></a>ENET_1588_Timer_IRQHandler</STRONG> (Thumb, 4 bytes, Stack size unknown bytes, startup_mk64f12.o(.text))
<BR>[Address Reference Count : 1]<UL><LI> startup_mk64f12.o(.isr_vector)
</UL>
<P><STRONG><a name="[5d]"></a>ENET_Transmit_IRQHandler</STRONG> (Thumb, 4 bytes, Stack size unknown bytes, startup_mk64f12.o(.text))
<BR>[Address Reference Count : 1]<UL><LI> startup_mk64f12.o(.isr_vector)
</UL>
<P><STRONG><a name="[5e]"></a>ENET_Receive_IRQHandler</STRONG> (Thumb, 4 bytes, Stack size unknown bytes, startup_mk64f12.o(.text))
<BR>[Address Reference Count : 1]<UL><LI> startup_mk64f12.o(.isr_vector)
</UL>
<P><STRONG><a name="[5f]"></a>ENET_Error_IRQHandler</STRONG> (Thumb, 4 bytes, Stack size unknown bytes, startup_mk64f12.o(.text))
<BR>[Address Reference Count : 1]<UL><LI> startup_mk64f12.o(.isr_vector)
</UL>
<P><STRONG><a name="[d1]"></a>__aeabi_uldivmod</STRONG> (Thumb, 98 bytes, Stack size 40 bytes, uldiv.o(.text))
<BR><BR>[Stack]<UL><LI>Max Depth = 40<LI>Call Chain = __aeabi_uldivmod
</UL>
<BR>[Calls]<UL><LI><a href="#[d2]">&gt;&gt;</a>&nbsp;&nbsp;&nbsp;__aeabi_llsr
<LI><a href="#[d3]">&gt;&gt;</a>&nbsp;&nbsp;&nbsp;__aeabi_llsl
</UL>
<BR>[Called By]<UL><LI><a href="#[101]">&gt;&gt;</a>&nbsp;&nbsp;&nbsp;ConvertRadixNumToString
<LI><a href="#[d4]">&gt;&gt;</a>&nbsp;&nbsp;&nbsp;__aeabi_ldivmod
</UL>

<P><STRONG><a name="[d4]"></a>__aeabi_ldivmod</STRONG> (Thumb, 98 bytes, Stack size 24 bytes, ldiv.o(.text))
<BR><BR>[Stack]<UL><LI>Max Depth = 64<LI>Call Chain = __aeabi_ldivmod &rArr; __aeabi_uldivmod
</UL>
<BR>[Calls]<UL><LI><a href="#[d1]">&gt;&gt;</a>&nbsp;&nbsp;&nbsp;__aeabi_uldivmod
</UL>
<BR>[Called By]<UL><LI><a href="#[101]">&gt;&gt;</a>&nbsp;&nbsp;&nbsp;ConvertRadixNumToString
</UL>

<P><STRONG><a name="[2cb]"></a>____aeabi_memcpy4$ret$move</STRONG> (Thumb, 0 bytes, Stack size 8 bytes, memmove.o(.text), UNUSED)

<P><STRONG><a name="[2cc]"></a>____aeabi_memcpy8$ret$move</STRONG> (Thumb, 0 bytes, Stack size 8 bytes, memmove.o(.text), UNUSED)

<P><STRONG><a name="[2cd]"></a>___aeabi_memmove$ret</STRONG> (Thumb, 0 bytes, Stack size 8 bytes, memmove.o(.text), UNUSED)

<P><STRONG><a name="[2ce]"></a>___aeabi_memmove4$ret</STRONG> (Thumb, 0 bytes, Stack size 8 bytes, memmove.o(.text), UNUSED)

<P><STRONG><a name="[2cf]"></a>___aeabi_memmove8$ret</STRONG> (Thumb, 0 bytes, Stack size 8 bytes, memmove.o(.text), UNUSED)

<P><STRONG><a name="[2d0]"></a>__aeabi_memcpy</STRONG> (Thumb, 66 bytes, Stack size 8 bytes, memmove.o(.text), UNUSED)

<P><STRONG><a name="[129]"></a>memcpy</STRONG> (Thumb, 0 bytes, Stack size 8 bytes, memmove.o(.text))
<BR><BR>[Stack]<UL><LI>Max Depth = 8<LI>Call Chain = memcpy
</UL>
<BR>[Called By]<UL><LI><a href="#[1c5]">&gt;&gt;</a>&nbsp;&nbsp;&nbsp;pbuf_copy_partial_pbuf
<LI><a href="#[1f9]">&gt;&gt;</a>&nbsp;&nbsp;&nbsp;tcp_write
<LI><a href="#[18a]">&gt;&gt;</a>&nbsp;&nbsp;&nbsp;pbuf_copy_partial
<LI><a href="#[127]">&gt;&gt;</a>&nbsp;&nbsp;&nbsp;ENET_SendFrame
<LI><a href="#[9a]">&gt;&gt;</a>&nbsp;&nbsp;&nbsp;ethernetif_linkoutput
<LI><a href="#[1b0]">&gt;&gt;</a>&nbsp;&nbsp;&nbsp;ethernetif_init
<LI><a href="#[1dd]">&gt;&gt;</a>&nbsp;&nbsp;&nbsp;ip_reass_free_complete_datagram
<LI><a href="#[1d7]">&gt;&gt;</a>&nbsp;&nbsp;&nbsp;ip_reass_enqueue_new_datagram
<LI><a href="#[19f]">&gt;&gt;</a>&nbsp;&nbsp;&nbsp;ethernet_output
<LI><a href="#[19b]">&gt;&gt;</a>&nbsp;&nbsp;&nbsp;etharp_input
<LI><a href="#[19c]">&gt;&gt;</a>&nbsp;&nbsp;&nbsp;etharp_update_arp_entry
<LI><a href="#[19d]">&gt;&gt;</a>&nbsp;&nbsp;&nbsp;etharp_raw
<LI><a href="#[1d0]">&gt;&gt;</a>&nbsp;&nbsp;&nbsp;ip4_reass
<LI><a href="#[1cb]">&gt;&gt;</a>&nbsp;&nbsp;&nbsp;ip4_frag
<LI><a href="#[1c0]">&gt;&gt;</a>&nbsp;&nbsp;&nbsp;icmp_input
<LI><a href="#[241]">&gt;&gt;</a>&nbsp;&nbsp;&nbsp;prvCopyDataToQueue
<LI><a href="#[240]">&gt;&gt;</a>&nbsp;&nbsp;&nbsp;prvCopyDataFromQueue
<LI><a href="#[10a]">&gt;&gt;</a>&nbsp;&nbsp;&nbsp;StrFormatPrintf
</UL>

<P><STRONG><a name="[2d1]"></a>memmove</STRONG> (Thumb, 0 bytes, Stack size 8 bytes, memmove.o(.text), UNUSED)

<P><STRONG><a name="[d6]"></a>__aeabi_memset</STRONG> (Thumb, 14 bytes, Stack size 0 bytes, memseta.o(.text))
<BR><BR>[Called By]<UL><LI><a href="#[d7]">&gt;&gt;</a>&nbsp;&nbsp;&nbsp;memset
<LI><a href="#[d5]">&gt;&gt;</a>&nbsp;&nbsp;&nbsp;__aeabi_memclr
</UL>

<P><STRONG><a name="[2d2]"></a>__aeabi_memset4</STRONG> (Thumb, 0 bytes, Stack size 0 bytes, memseta.o(.text), UNUSED)

<P><STRONG><a name="[2d3]"></a>__aeabi_memset8</STRONG> (Thumb, 0 bytes, Stack size 0 bytes, memseta.o(.text), UNUSED)

<P><STRONG><a name="[d5]"></a>__aeabi_memclr</STRONG> (Thumb, 4 bytes, Stack size 0 bytes, memseta.o(.text), UNUSED)
<BR><BR>[Calls]<UL><LI><a href="#[d6]">&gt;&gt;</a>&nbsp;&nbsp;&nbsp;__aeabi_memset
</UL>

<P><STRONG><a name="[109]"></a>__aeabi_memclr4</STRONG> (Thumb, 0 bytes, Stack size 0 bytes, memseta.o(.text))
<BR><BR>[Called By]<UL><LI><a href="#[107]">&gt;&gt;</a>&nbsp;&nbsp;&nbsp;DbgConsole_Vprintf
</UL>

<P><STRONG><a name="[2d4]"></a>__aeabi_memclr8</STRONG> (Thumb, 0 bytes, Stack size 0 bytes, memseta.o(.text), UNUSED)

<P><STRONG><a name="[d7]"></a>memset</STRONG> (Thumb, 18 bytes, Stack size 8 bytes, memseta.o(.text))
<BR><BR>[Stack]<UL><LI>Max Depth = 8<LI>Call Chain = memset
</UL>
<BR>[Calls]<UL><LI><a href="#[d6]">&gt;&gt;</a>&nbsp;&nbsp;&nbsp;__aeabi_memset
</UL>
<BR>[Called By]<UL><LI><a href="#[21f]">&gt;&gt;</a>&nbsp;&nbsp;&nbsp;netif_add
<LI><a href="#[111]">&gt;&gt;</a>&nbsp;&nbsp;&nbsp;ENET_GetDefaultConfig
<LI><a href="#[e6]">&gt;&gt;</a>&nbsp;&nbsp;&nbsp;DbgConsole_Init
<LI><a href="#[12c]">&gt;&gt;</a>&nbsp;&nbsp;&nbsp;ENET_SetHandler
<LI><a href="#[114]">&gt;&gt;</a>&nbsp;&nbsp;&nbsp;ENET_GetRxFrameErr
<LI><a href="#[1d7]">&gt;&gt;</a>&nbsp;&nbsp;&nbsp;ip_reass_enqueue_new_datagram
<LI><a href="#[16e]">&gt;&gt;</a>&nbsp;&nbsp;&nbsp;dhcp_start
<LI><a href="#[189]">&gt;&gt;</a>&nbsp;&nbsp;&nbsp;dhcp_parse_reply
<LI><a href="#[171]">&gt;&gt;</a>&nbsp;&nbsp;&nbsp;dhcp_create_msg
<LI><a href="#[183]">&gt;&gt;</a>&nbsp;&nbsp;&nbsp;udp_new
<LI><a href="#[273]">&gt;&gt;</a>&nbsp;&nbsp;&nbsp;tcp_alloc
<LI><a href="#[103]">&gt;&gt;</a>&nbsp;&nbsp;&nbsp;SerialManager_OpenWriteHandle
<LI><a href="#[104]">&gt;&gt;</a>&nbsp;&nbsp;&nbsp;SerialManager_OpenReadHandle
<LI><a href="#[102]">&gt;&gt;</a>&nbsp;&nbsp;&nbsp;SerialManager_Init
<LI><a href="#[138]">&gt;&gt;</a>&nbsp;&nbsp;&nbsp;UART_GetDefaultConfig
<LI><a href="#[248]">&gt;&gt;</a>&nbsp;&nbsp;&nbsp;prvInitialiseNewTask
</UL>

<P><STRONG><a name="[151]"></a>strlen</STRONG> (Thumb, 14 bytes, Stack size 0 bytes, strlen.o(.text))
<BR><BR>[Called By]<UL><LI><a href="#[10a]">&gt;&gt;</a>&nbsp;&nbsp;&nbsp;StrFormatPrintf
</UL>

<P><STRONG><a name="[1ac]"></a>memcmp</STRONG> (Thumb, 26 bytes, Stack size 12 bytes, memcmp.o(.text))
<BR><BR>[Stack]<UL><LI>Max Depth = 12<LI>Call Chain = memcmp
</UL>
<BR>[Called By]<UL><LI><a href="#[b9]">&gt;&gt;</a>&nbsp;&nbsp;&nbsp;ethernet_input
</UL>

<P><STRONG><a name="[d3]"></a>__aeabi_llsl</STRONG> (Thumb, 30 bytes, Stack size 0 bytes, llshl.o(.text))
<BR><BR>[Called By]<UL><LI><a href="#[d1]">&gt;&gt;</a>&nbsp;&nbsp;&nbsp;__aeabi_uldivmod
</UL>

<P><STRONG><a name="[2d5]"></a>_ll_shift_l</STRONG> (Thumb, 0 bytes, Stack size 0 bytes, llshl.o(.text), UNUSED)

<P><STRONG><a name="[d2]"></a>__aeabi_llsr</STRONG> (Thumb, 32 bytes, Stack size 0 bytes, llushr.o(.text))
<BR><BR>[Called By]<UL><LI><a href="#[d1]">&gt;&gt;</a>&nbsp;&nbsp;&nbsp;__aeabi_uldivmod
</UL>

<P><STRONG><a name="[2d6]"></a>_ll_ushift_r</STRONG> (Thumb, 0 bytes, Stack size 0 bytes, llushr.o(.text), UNUSED)

<P><STRONG><a name="[d0]"></a>__scatterload</STRONG> (Thumb, 28 bytes, Stack size 0 bytes, init.o(.text))
<BR><BR>[Calls]<UL><LI><a href="#[d8]">&gt;&gt;</a>&nbsp;&nbsp;&nbsp;__main_after_scatterload
</UL>
<BR>[Called By]<UL><LI><a href="#[cf]">&gt;&gt;</a>&nbsp;&nbsp;&nbsp;_main_scatterload
</UL>

<P><STRONG><a name="[2d7]"></a>__scatterload_rt2</STRONG> (Thumb, 0 bytes, Stack size 0 bytes, init.o(.text), UNUSED)

<P><STRONG><a name="[d9]"></a>BOARD_BootClockRUN</STRONG> (Thumb, 88 bytes, Stack size 8 bytes, clock_config.o(.text.BOARD_BootClockRUN))
<BR><BR>[Stack]<UL><LI>Max Depth = 448<LI>Call Chain = BOARD_BootClockRUN &rArr; CLOCK_BootToPeeMode &rArr; CLOCK_SetPbeMode &rArr; __aeabi_assert &rArr; DbgConsole_Printf &rArr; DbgConsole_Vprintf &rArr; StrFormatPrintf &rArr; ConvertRadixNumToString &rArr; __aeabi_ldivmod &rArr; __aeabi_uldivmod
</UL>
<BR>[Calls]<UL><LI><a href="#[e0]">&gt;&gt;</a>&nbsp;&nbsp;&nbsp;CLOCK_SetSimConfig
<LI><a href="#[dd]">&gt;&gt;</a>&nbsp;&nbsp;&nbsp;CLOCK_SetInternalRefClkConfig
<LI><a href="#[db]">&gt;&gt;</a>&nbsp;&nbsp;&nbsp;CLOCK_InitOsc0
<LI><a href="#[df]">&gt;&gt;</a>&nbsp;&nbsp;&nbsp;CLOCK_BootToPeeMode
<LI><a href="#[dc]">&gt;&gt;</a>&nbsp;&nbsp;&nbsp;CLOCK_SetXtal0Freq
<LI><a href="#[da]">&gt;&gt;</a>&nbsp;&nbsp;&nbsp;CLOCK_SetSimSafeDivs
<LI><a href="#[de]">&gt;&gt;</a>&nbsp;&nbsp;&nbsp;CLOCK_CONFIG_SetFllExtRefDiv
</UL>
<BR>[Called By]<UL><LI><a href="#[e1]">&gt;&gt;</a>&nbsp;&nbsp;&nbsp;BOARD_InitBootClocks
</UL>

<P><STRONG><a name="[e1]"></a>BOARD_InitBootClocks</STRONG> (Thumb, 8 bytes, Stack size 8 bytes, clock_config.o(.text.BOARD_InitBootClocks))
<BR><BR>[Stack]<UL><LI>Max Depth = 456<LI>Call Chain = BOARD_InitBootClocks &rArr; BOARD_BootClockRUN &rArr; CLOCK_BootToPeeMode &rArr; CLOCK_SetPbeMode &rArr; __aeabi_assert &rArr; DbgConsole_Printf &rArr; DbgConsole_Vprintf &rArr; StrFormatPrintf &rArr; ConvertRadixNumToString &rArr; __aeabi_ldivmod &rArr; __aeabi_uldivmod
</UL>
<BR>[Calls]<UL><LI><a href="#[d9]">&gt;&gt;</a>&nbsp;&nbsp;&nbsp;BOARD_BootClockRUN
</UL>
<BR>[Called By]<UL><LI><a href="#[61]">&gt;&gt;</a>&nbsp;&nbsp;&nbsp;main
</UL>

<P><STRONG><a name="[e2]"></a>BOARD_InitBootPins</STRONG> (Thumb, 8 bytes, Stack size 8 bytes, pin_mux.o(.text.BOARD_InitBootPins))
<BR><BR>[Stack]<UL><LI>Max Depth = 448<LI>Call Chain = BOARD_InitBootPins &rArr; BOARD_InitPins &rArr; PORT_SetPinConfig &rArr; __aeabi_assert &rArr; DbgConsole_Printf &rArr; DbgConsole_Vprintf &rArr; StrFormatPrintf &rArr; ConvertRadixNumToString &rArr; __aeabi_ldivmod &rArr; __aeabi_uldivmod
</UL>
<BR>[Calls]<UL><LI><a href="#[e3]">&gt;&gt;</a>&nbsp;&nbsp;&nbsp;BOARD_InitPins
</UL>
<BR>[Called By]<UL><LI><a href="#[61]">&gt;&gt;</a>&nbsp;&nbsp;&nbsp;main
</UL>

<P><STRONG><a name="[e4]"></a>BOARD_InitDebugConsole</STRONG> (Thumb, 22 bytes, Stack size 8 bytes, board.o(.text.BOARD_InitDebugConsole))
<BR><BR>[Stack]<UL><LI>Max Depth = 544<LI>Call Chain = BOARD_InitDebugConsole &rArr; DbgConsole_Init &rArr; SerialManager_Init &rArr; Serial_UartInit &rArr; HAL_UartInit &rArr; UART_Init &rArr; __aeabi_assert &rArr; DbgConsole_Printf &rArr; DbgConsole_Vprintf &rArr; StrFormatPrintf &rArr; ConvertRadixNumToString &rArr; __aeabi_ldivmod &rArr; __aeabi_uldivmod
</UL>
<BR>[Calls]<UL><LI><a href="#[e6]">&gt;&gt;</a>&nbsp;&nbsp;&nbsp;DbgConsole_Init
<LI><a href="#[e5]">&gt;&gt;</a>&nbsp;&nbsp;&nbsp;CLOCK_GetCoreSysClkFreq
</UL>
<BR>[Called By]<UL><LI><a href="#[61]">&gt;&gt;</a>&nbsp;&nbsp;&nbsp;main
</UL>

<P><STRONG><a name="[e3]"></a>BOARD_InitPins</STRONG> (Thumb, 214 bytes, Stack size 24 bytes, pin_mux.o(.text.BOARD_InitPins))
<BR><BR>[Stack]<UL><LI>Max Depth = 440<LI>Call Chain = BOARD_InitPins &rArr; PORT_SetPinConfig &rArr; __aeabi_assert &rArr; DbgConsole_Printf &rArr; DbgConsole_Vprintf &rArr; StrFormatPrintf &rArr; ConvertRadixNumToString &rArr; __aeabi_ldivmod &rArr; __aeabi_uldivmod
</UL>
<BR>[Calls]<UL><LI><a href="#[e8]">&gt;&gt;</a>&nbsp;&nbsp;&nbsp;PORT_SetPinMux
<LI><a href="#[e9]">&gt;&gt;</a>&nbsp;&nbsp;&nbsp;PORT_SetPinConfig
<LI><a href="#[e7]">&gt;&gt;</a>&nbsp;&nbsp;&nbsp;CLOCK_EnableClock
</UL>
<BR>[Called By]<UL><LI><a href="#[e2]">&gt;&gt;</a>&nbsp;&nbsp;&nbsp;BOARD_InitBootPins
</UL>

<P><STRONG><a name="[df]"></a>CLOCK_BootToPeeMode</STRONG> (Thumb, 74 bytes, Stack size 16 bytes, fsl_clock.o(.text.CLOCK_BootToPeeMode))
<BR><BR>[Stack]<UL><LI>Max Depth = 440<LI>Call Chain = CLOCK_BootToPeeMode &rArr; CLOCK_SetPbeMode &rArr; __aeabi_assert &rArr; DbgConsole_Printf &rArr; DbgConsole_Vprintf &rArr; StrFormatPrintf &rArr; ConvertRadixNumToString &rArr; __aeabi_ldivmod &rArr; __aeabi_uldivmod
</UL>
<BR>[Calls]<UL><LI><a href="#[ec]">&gt;&gt;</a>&nbsp;&nbsp;&nbsp;__aeabi_assert
<LI><a href="#[eb]">&gt;&gt;</a>&nbsp;&nbsp;&nbsp;CLOCK_SetPbeMode
<LI><a href="#[ea]">&gt;&gt;</a>&nbsp;&nbsp;&nbsp;CLOCK_SetExternalRefClkConfig
</UL>
<BR>[Called By]<UL><LI><a href="#[d9]">&gt;&gt;</a>&nbsp;&nbsp;&nbsp;BOARD_BootClockRUN
</UL>

<P><STRONG><a name="[ed]"></a>CLOCK_EnablePll0</STRONG> (Thumb, 80 bytes, Stack size 0 bytes, fsl_clock.o(.text.CLOCK_EnablePll0))
<BR><BR>[Stack]<UL><LI>Max Depth = 416<LI>Call Chain = CLOCK_EnablePll0 &rArr; __aeabi_assert &rArr; DbgConsole_Printf &rArr; DbgConsole_Vprintf &rArr; StrFormatPrintf &rArr; ConvertRadixNumToString &rArr; __aeabi_ldivmod &rArr; __aeabi_uldivmod
</UL>
<BR>[Calls]<UL><LI><a href="#[ec]">&gt;&gt;</a>&nbsp;&nbsp;&nbsp;__aeabi_assert
</UL>
<BR>[Called By]<UL><LI><a href="#[eb]">&gt;&gt;</a>&nbsp;&nbsp;&nbsp;CLOCK_SetPbeMode
</UL>

<P><STRONG><a name="[e5]"></a>CLOCK_GetCoreSysClkFreq</STRONG> (Thumb, 28 bytes, Stack size 8 bytes, fsl_clock.o(.text.CLOCK_GetCoreSysClkFreq))
<BR><BR>[Stack]<UL><LI>Max Depth = 456<LI>Call Chain = CLOCK_GetCoreSysClkFreq &rArr; CLOCK_GetOutClkFreq &rArr; CLOCK_GetFllFreq &rArr; CLOCK_GetFllRefClkFreq &rArr; CLOCK_GetFllExtRefClkFreq &rArr; CLOCK_GetMcgExtClkFreq &rArr; __aeabi_assert &rArr; DbgConsole_Printf &rArr; DbgConsole_Vprintf &rArr; StrFormatPrintf &rArr; ConvertRadixNumToString &rArr; __aeabi_ldivmod &rArr; __aeabi_uldivmod
</UL>
<BR>[Calls]<UL><LI><a href="#[ee]">&gt;&gt;</a>&nbsp;&nbsp;&nbsp;CLOCK_GetOutClkFreq
</UL>
<BR>[Called By]<UL><LI><a href="#[e4]">&gt;&gt;</a>&nbsp;&nbsp;&nbsp;BOARD_InitDebugConsole
</UL>

<P><STRONG><a name="[ef]"></a>CLOCK_GetEr32kClkFreq</STRONG> (Thumb, 92 bytes, Stack size 8 bytes, fsl_clock.o(.text.CLOCK_GetEr32kClkFreq))
<BR><BR>[Stack]<UL><LI>Max Depth = 424<LI>Call Chain = CLOCK_GetEr32kClkFreq &rArr; __aeabi_assert &rArr; DbgConsole_Printf &rArr; DbgConsole_Vprintf &rArr; StrFormatPrintf &rArr; ConvertRadixNumToString &rArr; __aeabi_ldivmod &rArr; __aeabi_uldivmod
</UL>
<BR>[Calls]<UL><LI><a href="#[ec]">&gt;&gt;</a>&nbsp;&nbsp;&nbsp;__aeabi_assert
<LI><a href="#[f0]">&gt;&gt;</a>&nbsp;&nbsp;&nbsp;CLOCK_GetOsc0ErClkFreq
</UL>
<BR>[Called By]<UL><LI><a href="#[f6]">&gt;&gt;</a>&nbsp;&nbsp;&nbsp;CLOCK_GetFreq
</UL>

<P><STRONG><a name="[f1]"></a>CLOCK_GetFixedFreqClkFreq</STRONG> (Thumb, 30 bytes, Stack size 8 bytes, fsl_clock.o(.text.CLOCK_GetFixedFreqClkFreq))
<BR><BR>[Stack]<UL><LI>Max Depth = 456<LI>Call Chain = CLOCK_GetFixedFreqClkFreq &rArr; CLOCK_GetOutClkFreq &rArr; CLOCK_GetFllFreq &rArr; CLOCK_GetFllRefClkFreq &rArr; CLOCK_GetFllExtRefClkFreq &rArr; CLOCK_GetMcgExtClkFreq &rArr; __aeabi_assert &rArr; DbgConsole_Printf &rArr; DbgConsole_Vprintf &rArr; StrFormatPrintf &rArr; ConvertRadixNumToString &rArr; __aeabi_ldivmod &rArr; __aeabi_uldivmod
</UL>
<BR>[Calls]<UL><LI><a href="#[f2]">&gt;&gt;</a>&nbsp;&nbsp;&nbsp;CLOCK_GetFllRefClkFreq
<LI><a href="#[ee]">&gt;&gt;</a>&nbsp;&nbsp;&nbsp;CLOCK_GetOutClkFreq
</UL>
<BR>[Called By]<UL><LI><a href="#[f6]">&gt;&gt;</a>&nbsp;&nbsp;&nbsp;CLOCK_GetFreq
</UL>

<P><STRONG><a name="[f5]"></a>CLOCK_GetFllFreq</STRONG> (Thumb, 64 bytes, Stack size 8 bytes, fsl_clock.o(.text.CLOCK_GetFllFreq))
<BR><BR>[Stack]<UL><LI>Max Depth = 440<LI>Call Chain = CLOCK_GetFllFreq &rArr; CLOCK_GetFllRefClkFreq &rArr; CLOCK_GetFllExtRefClkFreq &rArr; CLOCK_GetMcgExtClkFreq &rArr; __aeabi_assert &rArr; DbgConsole_Printf &rArr; DbgConsole_Vprintf &rArr; StrFormatPrintf &rArr; ConvertRadixNumToString &rArr; __aeabi_ldivmod &rArr; __aeabi_uldivmod
</UL>
<BR>[Calls]<UL><LI><a href="#[f2]">&gt;&gt;</a>&nbsp;&nbsp;&nbsp;CLOCK_GetFllRefClkFreq
</UL>
<BR>[Called By]<UL><LI><a href="#[f6]">&gt;&gt;</a>&nbsp;&nbsp;&nbsp;CLOCK_GetFreq
<LI><a href="#[f7]">&gt;&gt;</a>&nbsp;&nbsp;&nbsp;CLOCK_GetPllFllSelClkFreq
<LI><a href="#[ee]">&gt;&gt;</a>&nbsp;&nbsp;&nbsp;CLOCK_GetOutClkFreq
</UL>

<P><STRONG><a name="[f6]"></a>CLOCK_GetFreq</STRONG> (Thumb, 184 bytes, Stack size 8 bytes, fsl_clock.o(.text.CLOCK_GetFreq))
<BR><BR>[Stack]<UL><LI>Max Depth = 464<LI>Call Chain = CLOCK_GetFreq &rArr; CLOCK_GetFixedFreqClkFreq &rArr; CLOCK_GetOutClkFreq &rArr; CLOCK_GetFllFreq &rArr; CLOCK_GetFllRefClkFreq &rArr; CLOCK_GetFllExtRefClkFreq &rArr; CLOCK_GetMcgExtClkFreq &rArr; __aeabi_assert &rArr; DbgConsole_Printf &rArr; DbgConsole_Vprintf &rArr; StrFormatPrintf &rArr; ConvertRadixNumToString &rArr; __aeabi_ldivmod &rArr; __aeabi_uldivmod
</UL>
<BR>[Calls]<UL><LI><a href="#[f7]">&gt;&gt;</a>&nbsp;&nbsp;&nbsp;CLOCK_GetPllFllSelClkFreq
<LI><a href="#[f9]">&gt;&gt;</a>&nbsp;&nbsp;&nbsp;CLOCK_GetPll0Freq
<LI><a href="#[ee]">&gt;&gt;</a>&nbsp;&nbsp;&nbsp;CLOCK_GetOutClkFreq
<LI><a href="#[f0]">&gt;&gt;</a>&nbsp;&nbsp;&nbsp;CLOCK_GetOsc0ErClkFreq
<LI><a href="#[f8]">&gt;&gt;</a>&nbsp;&nbsp;&nbsp;CLOCK_GetInternalRefClkFreq
<LI><a href="#[f5]">&gt;&gt;</a>&nbsp;&nbsp;&nbsp;CLOCK_GetFllFreq
<LI><a href="#[f1]">&gt;&gt;</a>&nbsp;&nbsp;&nbsp;CLOCK_GetFixedFreqClkFreq
<LI><a href="#[ef]">&gt;&gt;</a>&nbsp;&nbsp;&nbsp;CLOCK_GetEr32kClkFreq
</UL>
<BR>[Called By]<UL><LI><a href="#[a1]">&gt;&gt;</a>&nbsp;&nbsp;&nbsp;stack_init
</UL>

<P><STRONG><a name="[f8]"></a>CLOCK_GetInternalRefClkFreq</STRONG> (Thumb, 24 bytes, Stack size 8 bytes, fsl_clock.o(.text.CLOCK_GetInternalRefClkFreq))
<BR><BR>[Stack]<UL><LI>Max Depth = 8<LI>Call Chain = CLOCK_GetInternalRefClkFreq
</UL>
[...]
<BR><BR>[Stack]<UL><LI>Max Depth = 8<LI>Call Chain = PrintGetWidth
</UL>
<BR>[Called By]<UL><LI><a href="#[10a]">&gt;&gt;</a>&nbsp;&nbsp;&nbsp;StrFormatPrintf
</UL>

<P><STRONG><a name="[14a]"></a>PrintIsdi</STRONG> (Thumb, 16 bytes, Stack size 0 bytes, fsl_str.o(.text.PrintIsdi))
<BR><BR>[Called By]<UL><LI><a href="#[10a]">&gt;&gt;</a>&nbsp;&nbsp;&nbsp;StrFormatPrintf
</UL>

<P><STRONG><a name="[14b]"></a>PrintIsfF</STRONG> (Thumb, 14 bytes, Stack size 0 bytes, fsl_str.o(.text.PrintIsfF))
<BR><BR>[Called By]<UL><LI><a href="#[10a]">&gt;&gt;</a>&nbsp;&nbsp;&nbsp;StrFormatPrintf
</UL>

<P><STRONG><a name="[14f]"></a>PrintIsobpu</STRONG> (Thumb, 36 bytes, Stack size 0 bytes, fsl_str.o(.text.PrintIsobpu))
<BR><BR>[Called By]<UL><LI><a href="#[10a]">&gt;&gt;</a>&nbsp;&nbsp;&nbsp;StrFormatPrintf
</UL>

<P><STRONG><a name="[14c]"></a>PrintIsxX</STRONG> (Thumb, 14 bytes, Stack size 0 bytes, fsl_str.o(.text.PrintIsxX))
<BR><BR>[Called By]<UL><LI><a href="#[10a]">&gt;&gt;</a>&nbsp;&nbsp;&nbsp;StrFormatPrintf
</UL>

<P><STRONG><a name="[14e]"></a>PrintOutputdifFobpu</STRONG> (Thumb, 154 bytes, Stack size 40 bytes, fsl_str.o(.text.PrintOutputdifFobpu))
<BR><BR>[Stack]<UL><LI>Max Depth = 40<LI>Call Chain = PrintOutputdifFobpu
</UL>
<BR>[Called By]<UL><LI><a href="#[10a]">&gt;&gt;</a>&nbsp;&nbsp;&nbsp;StrFormatPrintf
</UL>

<P><STRONG><a name="[150]"></a>PrintOutputxX</STRONG> (Thumb, 256 bytes, Stack size 48 bytes, fsl_str.o(.text.PrintOutputxX))
<BR><BR>[Stack]<UL><LI>Max Depth = 48<LI>Call Chain = PrintOutputxX
</UL>
<BR>[Called By]<UL><LI><a href="#[10a]">&gt;&gt;</a>&nbsp;&nbsp;&nbsp;StrFormatPrintf
</UL>

<P><STRONG><a name="[90]"></a>DbgConsole_PrintCallback</STRONG> (Thumb, 68 bytes, Stack size 24 bytes, fsl_debug_console.o(.text.DbgConsole_PrintCallback))
<BR><BR>[Stack]<UL><LI>Max Depth = 72<LI>Call Chain = DbgConsole_PrintCallback &rArr; DbgConsole_SendDataReliable &rArr; SerialManager_WriteBlocking &rArr; SerialManager_Write &rArr; SerialManager_StartWriting &rArr; Serial_UartWrite &rArr; HAL_UartSendBlocking &rArr;  __aeabi_assert (Cycle)
</UL>
<BR>[Calls]<UL><LI><a href="#[105]">&gt;&gt;</a>&nbsp;&nbsp;&nbsp;DbgConsole_SendDataReliable
</UL>
<BR>[Address Reference Count : 1]<UL><LI> fsl_debug_console.o(.text.DbgConsole_Vprintf)
</UL>
<P><STRONG><a name="[13a]"></a>HAL_UartGetStatus</STRONG> (Thumb, 10 bytes, Stack size 0 bytes, fsl_adapter_uart.o(.text.HAL_UartGetStatus))
<BR><BR>[Called By]<UL><LI><a href="#[137]">&gt;&gt;</a>&nbsp;&nbsp;&nbsp;HAL_UartInit
</UL>

<P><STRONG><a name="[141]"></a>DisableGlobalIRQ</STRONG> (Thumb, 12 bytes, Stack size 0 bytes, fsl_component_serial_manager.o(.text.DisableGlobalIRQ))
<BR><BR>[Called By]<UL><LI><a href="#[103]">&gt;&gt;</a>&nbsp;&nbsp;&nbsp;SerialManager_OpenWriteHandle
<LI><a href="#[104]">&gt;&gt;</a>&nbsp;&nbsp;&nbsp;SerialManager_OpenReadHandle
</UL>

<P><STRONG><a name="[142]"></a>EnableGlobalIRQ</STRONG> (Thumb, 6 bytes, Stack size 0 bytes, fsl_component_serial_manager.o(.text.EnableGlobalIRQ))
<BR><BR>[Called By]<UL><LI><a href="#[103]">&gt;&gt;</a>&nbsp;&nbsp;&nbsp;SerialManager_OpenWriteHandle
<LI><a href="#[104]">&gt;&gt;</a>&nbsp;&nbsp;&nbsp;SerialManager_OpenReadHandle
</UL>

<P><STRONG><a name="[143]"></a>SerialManager_StartWriting</STRONG> (Thumb, 20 bytes, Stack size 8 bytes, fsl_component_serial_manager.o(.text.SerialManager_StartWriting))
<BR><BR>[Stack]<UL><LI>Max Depth = 24<LI>Call Chain = SerialManager_StartWriting &rArr; Serial_UartWrite &rArr; HAL_UartSendBlocking &rArr;  __aeabi_assert (Cycle)
</UL>
<BR>[Calls]<UL><LI><a href="#[144]">&gt;&gt;</a>&nbsp;&nbsp;&nbsp;Serial_UartWrite
</UL>
<BR>[Called By]<UL><LI><a href="#[145]">&gt;&gt;</a>&nbsp;&nbsp;&nbsp;SerialManager_Write
</UL>

<P><STRONG><a name="[145]"></a>SerialManager_Write</STRONG> (Thumb, 34 bytes, Stack size 8 bytes, fsl_component_serial_manager.o(.text.SerialManager_Write))
<BR><BR>[Stack]<UL><LI>Max Depth = 32<LI>Call Chain = SerialManager_Write &rArr; SerialManager_StartWriting &rArr; Serial_UartWrite &rArr; HAL_UartSendBlocking &rArr;  __aeabi_assert (Cycle)
</UL>
<BR>[Calls]<UL><LI><a href="#[143]">&gt;&gt;</a>&nbsp;&nbsp;&nbsp;SerialManager_StartWriting
</UL>
<BR>[Called By]<UL><LI><a href="#[108]">&gt;&gt;</a>&nbsp;&nbsp;&nbsp;SerialManager_WriteBlocking
</UL>

<P><STRONG><a name="[2ba]"></a>prvTestWaitCondition</STRONG> (Thumb, 24 bytes, Stack size 0 bytes, event_groups.o(.text.prvTestWaitCondition))
<BR><BR>[Called By]<UL><LI><a href="#[197]">&gt;&gt;</a>&nbsp;&nbsp;&nbsp;xEventGroupWaitBits
</UL>

<P><STRONG><a name="[240]"></a>prvCopyDataFromQueue</STRONG> (Thumb, 38 bytes, Stack size 8 bytes, queue.o(.text.prvCopyDataFromQueue))
<BR><BR>[Stack]<UL><LI>Max Depth = 16<LI>Call Chain = prvCopyDataFromQueue &rArr; memcpy
</UL>
<BR>[Calls]<UL><LI><a href="#[129]">&gt;&gt;</a>&nbsp;&nbsp;&nbsp;memcpy
</UL>
<BR>[Called By]<UL><LI><a href="#[251]">&gt;&gt;</a>&nbsp;&nbsp;&nbsp;xQueueReceive
</UL>

<P><STRONG><a name="[241]"></a>prvCopyDataToQueue</STRONG> (Thumb, 122 bytes, Stack size 16 bytes, queue.o(.text.prvCopyDataToQueue))
<BR><BR>[Stack]<UL><LI>Max Depth = 32<LI>Call Chain = prvCopyDataToQueue &rArr; xTaskPriorityDisinherit
</UL>
<BR>[Calls]<UL><LI><a href="#[242]">&gt;&gt;</a>&nbsp;&nbsp;&nbsp;xTaskPriorityDisinherit
<LI><a href="#[129]">&gt;&gt;</a>&nbsp;&nbsp;&nbsp;memcpy
</UL>
<BR>[Called By]<UL><LI><a href="#[268]">&gt;&gt;</a>&nbsp;&nbsp;&nbsp;xQueueGenericSendFromISR
<LI><a href="#[245]">&gt;&gt;</a>&nbsp;&nbsp;&nbsp;xQueueGenericSend
</UL>

<P><STRONG><a name="[2c4]"></a>prvGetDisinheritPriorityAfterTimeout</STRONG> (Thumb, 18 bytes, Stack size 0 bytes, queue.o(.text.prvGetDisinheritPriorityAfterTimeout))
<BR><BR>[Called By]<UL><LI><a href="#[262]">&gt;&gt;</a>&nbsp;&nbsp;&nbsp;xQueueSemaphoreTake
</UL>

<P><STRONG><a name="[244]"></a>prvInitialiseMutex</STRONG> (Thumb, 32 bytes, Stack size 8 bytes, queue.o(.text.prvInitialiseMutex))
<BR><BR>[Stack]<UL><LI>Max Depth = 136<LI>Call Chain = prvInitialiseMutex &rArr; xQueueGenericSend &rArr; xTaskResumeAll &rArr; xTaskIncrementTick
</UL>
<BR>[Calls]<UL><LI><a href="#[245]">&gt;&gt;</a>&nbsp;&nbsp;&nbsp;xQueueGenericSend
</UL>
<BR>[Called By]<UL><LI><a href="#[269]">&gt;&gt;</a>&nbsp;&nbsp;&nbsp;xQueueCreateMutex
</UL>

<P><STRONG><a name="[246]"></a>prvInitialiseNewQueue</STRONG> (Thumb, 32 bytes, Stack size 16 bytes, queue.o(.text.prvInitialiseNewQueue))
<BR><BR>[Stack]<UL><LI>Max Depth = 48<LI>Call Chain = prvInitialiseNewQueue &rArr; xQueueGenericReset &rArr; xTaskRemoveFromEventList
</UL>
<BR>[Calls]<UL><LI><a href="#[247]">&gt;&gt;</a>&nbsp;&nbsp;&nbsp;xQueueGenericReset
</UL>
<BR>[Called By]<UL><LI><a href="#[23c]">&gt;&gt;</a>&nbsp;&nbsp;&nbsp;xQueueGenericCreate
</UL>

<P><STRONG><a name="[24c]"></a>prvIsQueueEmpty</STRONG> (Thumb, 24 bytes, Stack size 8 bytes, queue.o(.text.prvIsQueueEmpty))
<BR><BR>[Stack]<UL><LI>Max Depth = 8<LI>Call Chain = prvIsQueueEmpty
</UL>
<BR>[Calls]<UL><LI><a href="#[239]">&gt;&gt;</a>&nbsp;&nbsp;&nbsp;vPortExitCritical
<LI><a href="#[237]">&gt;&gt;</a>&nbsp;&nbsp;&nbsp;vPortEnterCritical
</UL>
<BR>[Called By]<UL><LI><a href="#[262]">&gt;&gt;</a>&nbsp;&nbsp;&nbsp;xQueueSemaphoreTake
<LI><a href="#[251]">&gt;&gt;</a>&nbsp;&nbsp;&nbsp;xQueueReceive
</UL>

<P><STRONG><a name="[24d]"></a>prvIsQueueFull</STRONG> (Thumb, 28 bytes, Stack size 8 bytes, queue.o(.text.prvIsQueueFull))
<BR><BR>[Stack]<UL><LI>Max Depth = 8<LI>Call Chain = prvIsQueueFull
</UL>
<BR>[Calls]<UL><LI><a href="#[239]">&gt;&gt;</a>&nbsp;&nbsp;&nbsp;vPortExitCritical
<LI><a href="#[237]">&gt;&gt;</a>&nbsp;&nbsp;&nbsp;vPortEnterCritical
</UL>
<BR>[Called By]<UL><LI><a href="#[245]">&gt;&gt;</a>&nbsp;&nbsp;&nbsp;xQueueGenericSend
</UL>

<P><STRONG><a name="[25a]"></a>prvUnlockQueue</STRONG> (Thumb, 114 bytes, Stack size 24 bytes, queue.o(.text.prvUnlockQueue))
<BR><BR>[Stack]<UL><LI>Max Depth = 40<LI>Call Chain = prvUnlockQueue &rArr; xTaskRemoveFromEventList
</UL>
<BR>[Calls]<UL><LI><a href="#[239]">&gt;&gt;</a>&nbsp;&nbsp;&nbsp;vPortExitCritical
<LI><a href="#[237]">&gt;&gt;</a>&nbsp;&nbsp;&nbsp;vPortEnterCritical
<LI><a href="#[25b]">&gt;&gt;</a>&nbsp;&nbsp;&nbsp;xTaskRemoveFromEventList
<LI><a href="#[25c]">&gt;&gt;</a>&nbsp;&nbsp;&nbsp;vTaskMissedYield
</UL>
<BR>[Called By]<UL><LI><a href="#[262]">&gt;&gt;</a>&nbsp;&nbsp;&nbsp;xQueueSemaphoreTake
<LI><a href="#[251]">&gt;&gt;</a>&nbsp;&nbsp;&nbsp;xQueueReceive
<LI><a href="#[245]">&gt;&gt;</a>&nbsp;&nbsp;&nbsp;xQueueGenericSend
<LI><a href="#[256]">&gt;&gt;</a>&nbsp;&nbsp;&nbsp;vQueueWaitForMessageRestricted
</UL>

<P><STRONG><a name="[232]"></a>prvAddCurrentTaskToDelayedList</STRONG> (Thumb, 162 bytes, Stack size 24 bytes, tasks.o(.text.prvAddCurrentTaskToDelayedList))
<BR><BR>[Stack]<UL><LI>Max Depth = 32<LI>Call Chain = prvAddCurrentTaskToDelayedList &rArr; vListInsert
</UL>
<BR>[Calls]<UL><LI><a href="#[234]">&gt;&gt;</a>&nbsp;&nbsp;&nbsp;vListInsertEnd
<LI><a href="#[235]">&gt;&gt;</a>&nbsp;&nbsp;&nbsp;vListInsert
<LI><a href="#[233]">&gt;&gt;</a>&nbsp;&nbsp;&nbsp;uxListRemove
</UL>
<BR>[Called By]<UL><LI><a href="#[2b0]">&gt;&gt;</a>&nbsp;&nbsp;&nbsp;vTaskPlaceOnEventListRestricted
<LI><a href="#[2b2]">&gt;&gt;</a>&nbsp;&nbsp;&nbsp;vTaskPlaceOnEventList
<LI><a href="#[2b3]">&gt;&gt;</a>&nbsp;&nbsp;&nbsp;vTaskPlaceOnUnorderedEventList
</UL>

<P><STRONG><a name="[236]"></a>prvAddNewTaskToReadyList</STRONG> (Thumb, 174 bytes, Stack size 16 bytes, tasks.o(.text.prvAddNewTaskToReadyList))
<BR><BR>[Stack]<UL><LI>Max Depth = 32<LI>Call Chain = prvAddNewTaskToReadyList &rArr; prvInitialiseTaskLists
</UL>
<BR>[Calls]<UL><LI><a href="#[239]">&gt;&gt;</a>&nbsp;&nbsp;&nbsp;vPortExitCritical
<LI><a href="#[237]">&gt;&gt;</a>&nbsp;&nbsp;&nbsp;vPortEnterCritical
<LI><a href="#[234]">&gt;&gt;</a>&nbsp;&nbsp;&nbsp;vListInsertEnd
<LI><a href="#[238]">&gt;&gt;</a>&nbsp;&nbsp;&nbsp;prvInitialiseTaskLists
</UL>
<BR>[Called By]<UL><LI><a href="#[26b]">&gt;&gt;</a>&nbsp;&nbsp;&nbsp;xTaskCreate
</UL>

<P><STRONG><a name="[23e]"></a>prvCheckTasksWaitingTermination</STRONG> (Thumb, 78 bytes, Stack size 24 bytes, tasks.o(.text.prvCheckTasksWaitingTermination))
<BR><BR>[Stack]<UL><LI>Max Depth = 120<LI>Call Chain = prvCheckTasksWaitingTermination &rArr; prvDeleteTCB &rArr; vPortFree &rArr; xTaskResumeAll &rArr; xTaskIncrementTick
</UL>
<BR>[Calls]<UL><LI><a href="#[239]">&gt;&gt;</a>&nbsp;&nbsp;&nbsp;vPortExitCritical
<LI><a href="#[237]">&gt;&gt;</a>&nbsp;&nbsp;&nbsp;vPortEnterCritical
<LI><a href="#[233]">&gt;&gt;</a>&nbsp;&nbsp;&nbsp;uxListRemove
<LI><a href="#[23f]">&gt;&gt;</a>&nbsp;&nbsp;&nbsp;prvDeleteTCB
</UL>
<BR>[Called By]<UL><LI><a href="#[bb]">&gt;&gt;</a>&nbsp;&nbsp;&nbsp;prvIdleTask
</UL>

<P><STRONG><a name="[23f]"></a>prvDeleteTCB</STRONG> (Thumb, 18 bytes, Stack size 8 bytes, tasks.o(.text.prvDeleteTCB))
<BR><BR>[Stack]<UL><LI>Max Depth = 96<LI>Call Chain = prvDeleteTCB &rArr; vPortFree &rArr; xTaskResumeAll &rArr; xTaskIncrementTick
</UL>
<BR>[Calls]<UL><LI><a href="#[243]">&gt;&gt;</a>&nbsp;&nbsp;&nbsp;vPortFree
</UL>
<BR>[Called By]<UL><LI><a href="#[261]">&gt;&gt;</a>&nbsp;&nbsp;&nbsp;vTaskDelete
<LI><a href="#[23e]">&gt;&gt;</a>&nbsp;&nbsp;&nbsp;prvCheckTasksWaitingTermination
</UL>

<P><STRONG><a name="[bb]"></a>prvIdleTask</STRONG> (Thumb, 42 bytes, Stack size 0 bytes, tasks.o(.text.prvIdleTask))
<BR><BR>[Stack]<UL><LI>Max Depth = 120<LI>Call Chain = prvIdleTask &rArr; prvCheckTasksWaitingTermination &rArr; prvDeleteTCB &rArr; vPortFree &rArr; xTaskResumeAll &rArr; xTaskIncrementTick
</UL>
<BR>[Calls]<UL><LI><a href="#[23e]">&gt;&gt;</a>&nbsp;&nbsp;&nbsp;prvCheckTasksWaitingTermination
</UL>
<BR>[Address Reference Count : 1]<UL><LI> tasks.o(.text.vTaskStartScheduler)
</UL>
<P><STRONG><a name="[248]"></a>prvInitialiseNewTask</STRONG> (Thumb, 174 bytes, Stack size 32 bytes, tasks.o(.text.prvInitialiseNewTask))
<BR><BR>[Stack]<UL><LI>Max Depth = 40<LI>Call Chain = prvInitialiseNewTask &rArr; memset
</UL>
<BR>[Calls]<UL><LI><a href="#[249]">&gt;&gt;</a>&nbsp;&nbsp;&nbsp;vListInitialiseItem
<LI><a href="#[d7]">&gt;&gt;</a>&nbsp;&nbsp;&nbsp;memset
<LI><a href="#[24a]">&gt;&gt;</a>&nbsp;&nbsp;&nbsp;pxPortInitialiseStack
</UL>
<BR>[Called By]<UL><LI><a href="#[26b]">&gt;&gt;</a>&nbsp;&nbsp;&nbsp;xTaskCreate
</UL>

<P><STRONG><a name="[238]"></a>prvInitialiseTaskLists</STRONG> (Thumb, 112 bytes, Stack size 16 bytes, tasks.o(.text.prvInitialiseTaskLists))
<BR><BR>[Stack]<UL><LI>Max Depth = 16<LI>Call Chain = prvInitialiseTaskLists
</UL>
<BR>[Calls]<UL><LI><a href="#[23b]">&gt;&gt;</a>&nbsp;&nbsp;&nbsp;vListInitialise
</UL>
<BR>[Called By]<UL><LI><a href="#[236]">&gt;&gt;</a>&nbsp;&nbsp;&nbsp;prvAddNewTaskToReadyList
</UL>

<P><STRONG><a name="[2b1]"></a>prvResetNextTaskUnblockTime</STRONG> (Thumb, 38 bytes, Stack size 0 bytes, tasks.o(.text.prvResetNextTaskUnblockTime))
<BR><BR>[Called By]<UL><LI><a href="#[261]">&gt;&gt;</a>&nbsp;&nbsp;&nbsp;vTaskDelete
<LI><a href="#[255]">&gt;&gt;</a>&nbsp;&nbsp;&nbsp;xTaskResumeAll
<LI><a href="#[153]">&gt;&gt;</a>&nbsp;&nbsp;&nbsp;xTaskIncrementTick
</UL>

<P><STRONG><a name="[23a]"></a>prvCheckForValidListAndQueue</STRONG> (Thumb, 100 bytes, Stack size 16 bytes, timers.o(.text.prvCheckForValidListAndQueue))
<BR><BR>[Stack]<UL><LI>Max Depth = 128<LI>Call Chain = prvCheckForValidListAndQueue &rArr; xQueueGenericCreate &rArr; pvPortMalloc &rArr; xTaskResumeAll &rArr; xTaskIncrementTick
</UL>
<BR>[Calls]<UL><LI><a href="#[23c]">&gt;&gt;</a>&nbsp;&nbsp;&nbsp;xQueueGenericCreate
<LI><a href="#[239]">&gt;&gt;</a>&nbsp;&nbsp;&nbsp;vPortExitCritical
<LI><a href="#[237]">&gt;&gt;</a>&nbsp;&nbsp;&nbsp;vPortEnterCritical
<LI><a href="#[23d]">&gt;&gt;</a>&nbsp;&nbsp;&nbsp;vQueueAddToRegistry
<LI><a href="#[23b]">&gt;&gt;</a>&nbsp;&nbsp;&nbsp;vListInitialise
</UL>
<BR>[Called By]<UL><LI><a href="#[2b6]">&gt;&gt;</a>&nbsp;&nbsp;&nbsp;xTimerCreateTimerTask
</UL>

<P><STRONG><a name="[259]"></a>prvGetNextExpireTime</STRONG> (Thumb, 32 bytes, Stack size 0 bytes, timers.o(.text.prvGetNextExpireTime))
<BR><BR>[Called By]<UL><LI><a href="#[bd]">&gt;&gt;</a>&nbsp;&nbsp;&nbsp;prvTimerTask
</UL>

<P><STRONG><a name="[24b]"></a>prvInsertTimerInActiveList</STRONG> (Thumb, 64 bytes, Stack size 8 bytes, timers.o(.text.prvInsertTimerInActiveList))
<BR><BR>[Stack]<UL><LI>Max Depth = 16<LI>Call Chain = prvInsertTimerInActiveList &rArr; vListInsert
</UL>
<BR>[Calls]<UL><LI><a href="#[235]">&gt;&gt;</a>&nbsp;&nbsp;&nbsp;vListInsert
</UL>
<BR>[Called By]<UL><LI><a href="#[250]">&gt;&gt;</a>&nbsp;&nbsp;&nbsp;prvProcessReceivedCommands
<LI><a href="#[24e]">&gt;&gt;</a>&nbsp;&nbsp;&nbsp;prvProcessExpiredTimer
</UL>

<P><STRONG><a name="[24e]"></a>prvProcessExpiredTimer</STRONG> (Thumb, 110 bytes, Stack size 24 bytes, timers.o(.text.prvProcessExpiredTimer))
<BR><BR>[Stack]<UL><LI>Max Depth = 176<LI>Call Chain = prvProcessExpiredTimer &rArr; xTimerGenericCommand &rArr; xQueueGenericSend &rArr; xTaskResumeAll &rArr; xTaskIncrementTick
</UL>
<BR>[Calls]<UL><LI><a href="#[233]">&gt;&gt;</a>&nbsp;&nbsp;&nbsp;uxListRemove
<LI><a href="#[24f]">&gt;&gt;</a>&nbsp;&nbsp;&nbsp;xTimerGenericCommand
<LI><a href="#[24b]">&gt;&gt;</a>&nbsp;&nbsp;&nbsp;prvInsertTimerInActiveList
</UL>
<BR>[Called By]<UL><LI><a href="#[253]">&gt;&gt;</a>&nbsp;&nbsp;&nbsp;prvProcessTimerOrBlockTask
</UL>

<P><STRONG><a name="[250]"></a>prvProcessReceivedCommands</STRONG> (Thumb, 290 bytes, Stack size 48 bytes, timers.o(.text.prvProcessReceivedCommands))
<BR><BR>[Stack]<UL><LI>Max Depth = 248<LI>Call Chain = prvProcessReceivedCommands &rArr; prvSampleTimeNow &rArr; prvSwitchTimerLists &rArr; xTimerGenericCommand &rArr; xQueueGenericSend &rArr; xTaskResumeAll &rArr; xTaskIncrementTick
</UL>
<BR>[Calls]<UL><LI><a href="#[251]">&gt;&gt;</a>&nbsp;&nbsp;&nbsp;xQueueReceive
<LI><a href="#[233]">&gt;&gt;</a>&nbsp;&nbsp;&nbsp;uxListRemove
<LI><a href="#[243]">&gt;&gt;</a>&nbsp;&nbsp;&nbsp;vPortFree
<LI><a href="#[24f]">&gt;&gt;</a>&nbsp;&nbsp;&nbsp;xTimerGenericCommand
<LI><a href="#[252]">&gt;&gt;</a>&nbsp;&nbsp;&nbsp;prvSampleTimeNow
<LI><a href="#[24b]">&gt;&gt;</a>&nbsp;&nbsp;&nbsp;prvInsertTimerInActiveList
</UL>
<BR>[Called By]<UL><LI><a href="#[bd]">&gt;&gt;</a>&nbsp;&nbsp;&nbsp;prvTimerTask
</UL>

<P><STRONG><a name="[253]"></a>prvProcessTimerOrBlockTask</STRONG> (Thumb, 128 bytes, Stack size 24 bytes, timers.o(.text.prvProcessTimerOrBlockTask))
<BR><BR>[Stack]<UL><LI>Max Depth = 224<LI>Call Chain = prvProcessTimerOrBlockTask &rArr; prvSampleTimeNow &rArr; prvSwitchTimerLists &rArr; xTimerGenericCommand &rArr; xQueueGenericSend &rArr; xTaskResumeAll &rArr; xTaskIncrementTick
</UL>
<BR>[Calls]<UL><LI><a href="#[256]">&gt;&gt;</a>&nbsp;&nbsp;&nbsp;vQueueWaitForMessageRestricted
<LI><a href="#[255]">&gt;&gt;</a>&nbsp;&nbsp;&nbsp;xTaskResumeAll
<LI><a href="#[254]">&gt;&gt;</a>&nbsp;&nbsp;&nbsp;vTaskSuspendAll
<LI><a href="#[252]">&gt;&gt;</a>&nbsp;&nbsp;&nbsp;prvSampleTimeNow
<LI><a href="#[24e]">&gt;&gt;</a>&nbsp;&nbsp;&nbsp;prvProcessExpiredTimer
</UL>
<BR>[Called By]<UL><LI><a href="#[bd]">&gt;&gt;</a>&nbsp;&nbsp;&nbsp;prvTimerTask
</UL>

<P><STRONG><a name="[252]"></a>prvSampleTimeNow</STRONG> (Thumb, 42 bytes, Stack size 16 bytes, timers.o(.text.prvSampleTimeNow))
<BR><BR>[Stack]<UL><LI>Max Depth = 200<LI>Call Chain = prvSampleTimeNow &rArr; prvSwitchTimerLists &rArr; xTimerGenericCommand &rArr; xQueueGenericSend &rArr; xTaskResumeAll &rArr; xTaskIncrementTick
</UL>
<BR>[Calls]<UL><LI><a href="#[257]">&gt;&gt;</a>&nbsp;&nbsp;&nbsp;xTaskGetTickCount
<LI><a href="#[258]">&gt;&gt;</a>&nbsp;&nbsp;&nbsp;prvSwitchTimerLists
</UL>
<BR>[Called By]<UL><LI><a href="#[253]">&gt;&gt;</a>&nbsp;&nbsp;&nbsp;prvProcessTimerOrBlockTask
<LI><a href="#[250]">&gt;&gt;</a>&nbsp;&nbsp;&nbsp;prvProcessReceivedCommands
</UL>

<P><STRONG><a name="[258]"></a>prvSwitchTimerLists</STRONG> (Thumb, 142 bytes, Stack size 32 bytes, timers.o(.text.prvSwitchTimerLists))
<BR><BR>[Stack]<UL><LI>Max Depth = 184<LI>Call Chain = prvSwitchTimerLists &rArr; xTimerGenericCommand &rArr; xQueueGenericSend &rArr; xTaskResumeAll &rArr; xTaskIncrementTick
</UL>
<BR>[Calls]<UL><LI><a href="#[235]">&gt;&gt;</a>&nbsp;&nbsp;&nbsp;vListInsert
<LI><a href="#[233]">&gt;&gt;</a>&nbsp;&nbsp;&nbsp;uxListRemove
<LI><a href="#[24f]">&gt;&gt;</a>&nbsp;&nbsp;&nbsp;xTimerGenericCommand
</UL>
<BR>[Called By]<UL><LI><a href="#[252]">&gt;&gt;</a>&nbsp;&nbsp;&nbsp;prvSampleTimeNow
</UL>

<P><STRONG><a name="[bd]"></a>prvTimerTask</STRONG> (Thumb, 22 bytes, Stack size 8 bytes, timers.o(.text.prvTimerTask))
<BR><BR>[Stack]<UL><LI>Max Depth = 256<LI>Call Chain = prvTimerTask &rArr; prvProcessReceivedCommands &rArr; prvSampleTimeNow &rArr; prvSwitchTimerLists &rArr; xTimerGenericCommand &rArr; xQueueGenericSend &rArr; xTaskResumeAll &rArr; xTaskIncrementTick
</UL>
<BR>[Calls]<UL><LI><a href="#[253]">&gt;&gt;</a>&nbsp;&nbsp;&nbsp;prvProcessTimerOrBlockTask
<LI><a href="#[250]">&gt;&gt;</a>&nbsp;&nbsp;&nbsp;prvProcessReceivedCommands
<LI><a href="#[259]">&gt;&gt;</a>&nbsp;&nbsp;&nbsp;prvGetNextExpireTime
</UL>
<BR>[Address Reference Count : 1]<UL><LI> timers.o(.text.xTimerCreateTimerTask)
</UL>
<P><STRONG><a name="[2be]"></a>prvPortStartFirstTask</STRONG> (Thumb, 40 bytes, Stack size 0 bytes, port.o(.text.prvPortStartFirstTask))
<BR><BR>[Called By]<UL><LI><a href="#[2b7]">&gt;&gt;</a>&nbsp;&nbsp;&nbsp;xPortStartScheduler
</UL>

<P><STRONG><a name="[ae]"></a>prvTaskExitError</STRONG> (Thumb, 50 bytes, Stack size 4 bytes, port.o(.text.prvTaskExitError))
<BR><BR>[Stack]<UL><LI>Max Depth = 4<LI>Call Chain = prvTaskExitError
</UL>
<BR>[Called By]<UL><LI><a href="#[2b7]">&gt;&gt;</a>&nbsp;&nbsp;&nbsp;xPortStartScheduler
</UL>
<BR>[Address Reference Count : 1]<UL><LI> port.o(.text.pxPortInitialiseStack)
</UL>
<P><STRONG><a name="[2bd]"></a>vPortEnableVFP</STRONG> (Thumb, 20 bytes, Stack size 0 bytes, port.o(.text.vPortEnableVFP))
<BR><BR>[Called By]<UL><LI><a href="#[2b7]">&gt;&gt;</a>&nbsp;&nbsp;&nbsp;xPortStartScheduler
</UL>
<P>
<H3>
Undefined Global Symbols
</H3><HR></body></html>
