C:\kod\kod ethernet\boards\frdmk64f\lwip_examples\lwip_mqtt\TCPTEST_lwip_dhcp_usb_freertos\CMSIS/core_cm4.h:1679:22:__NVIC_EnableIRQ	16	static
C:\kod\kod ethernet\boards\frdmk64f\lwip_examples\lwip_mqtt\TCPTEST_lwip_dhcp_usb_freertos\CMSIS/core_cm4.h:1809:22:__NVIC_SetPriority	16	static
C:\kod\kod ethernet\boards\frdmk64f\lwip_examples\lwip_mqtt\TCPTEST_lwip_dhcp_usb_freertos\drivers/fsl_common_arm.h:499:24:EnableIRQ	24	static
C:\kod\kod ethernet\boards\frdmk64f\lwip_examples\lwip_mqtt\TCPTEST_lwip_dhcp_usb_freertos\drivers/fsl_sysmpu.h:268:20:SYSMPU_Enable	16	static
../source/lwip_dhcp_usb_freertos.c:95:6:USB0_IRQHandler	8	static
../source/lwip_dhcp_usb_freertos.c:103:6:USB_HostClockInit	8	static
../source/lwip_dhcp_usb_freertos.c:109:6:USB_HostIsrEnable	16	static
../source/lwip_dhcp_usb_freertos.c:125:6:USB_HostTaskFn	16	static
../source/lwip_dhcp_usb_freertos.c:135:13:print_dhcp_state	40	static
../source/lwip_dhcp_usb_freertos.c:244:13:stack_init	32	static
../source/lwip_dhcp_usb_freertos.c:276:5:main	16	static
