<html>
<body>
<pre>
<h1>µVision Build Log</h1>
<h2>Tool Versions:</h2>
IDE-Version: µVision V5.36.0.0
Copyright (C) 2021 ARM Ltd and ARM Germany GmbH. All rights reserved.
License Information: Michael Dang, Diadrom, LIC=UB454-ZTKBD-GMCWV-7NL44-YXSRG-4MU79
 
Tool Versions:
Toolchain:       MDK-ARM Professional  Version: 5.36.0.0
Toolchain Path:  D:\Keil_v5\ARM\ARMCLANG\Bin
C Compiler:      ArmClang.exe V6.16
Assembler:       Armasm.exe V6.16
Linker/Locator:  ArmLink.exe V6.16
Library Manager: ArmAr.exe V6.16
Hex Converter:   FromElf.exe V6.16
CPU DLL:         SARMCM3.DLL V5.36.0.0
Dialog DLL:      DCM.DLL V1.17.3.0
Target DLL:      CMSIS_AGDI.dll V1.33.0.0
Dialog DLL:      TCM.DLL V1.53.0.0
 
<h2>Project:</h2>
D:\test\tcpecho\boards\frdmk64f\lwip_examples\lwip_tcpecho\freertos\mdk\lwip_tcpecho_freertos.uvprojx
Project File Date:  05/04/2022

<h2>Output:</h2>
*** Using Compiler 'V6.16', folder: 'D:\Keil_v5\ARM\ARMCLANG\Bin'
Build target 'lwip_tcpecho_freertos debug'
compiling tcpecho.c...
linking...
Program Size: Code=71980 RO-data=5200 RW-data=64 ZI-data=84796  
"debug\lwip_tcpecho_freertos.axf" - 0 Error(s), 0 Warning(s).

<h2>Software Packages used:</h2>

Package Vendor: NXP
                https://mcuxpresso.nxp.com/cmsis_pack/repo/NXP.MK64F12_DFP.14.0.0.pack
                NXP.MK64F12_DFP.14.0.0
                Device Family Pack for MK64F12

<h2>Collection of Component include folders:</h2>
  D:\Keil_v5\ARM\VHT\NXP\MK64F12_DFP\14.0.0

<h2>Collection of Component Files used:</h2>
Build Time Elapsed:  00:00:05
</pre>
</body>
</html>
