<html>
<body>
<pre>
<h1>µVision Build Log</h1>
<h2>Tool Versions:</h2>
IDE-Version: µVision V5.36.0.0
Copyright (C) 2021 ARM Ltd and ARM Germany GmbH. All rights reserved.
License Information: Michael Dang, Diadrom, LIC=UB454-ZTKBD-GMCWV-7NL44-YXSRG-4MU79
 
Tool Versions:
Toolchain:       MDK-ARM Professional  Version: 5.36.0.0
Toolchain Path:  D:\Keil_v5\ARM\ARMCLANG\Bin
C Compiler:      ArmClang.exe V6.16
Assembler:       Armasm.exe V6.16
Linker/Locator:  ArmLink.exe V6.16
Library Manager: ArmAr.exe V6.16
Hex Converter:   FromElf.exe V6.16
CPU DLL:         SARMCM3.DLL V5.36.0.0
Dialog DLL:      DCM.DLL V1.17.3.0
Target DLL:      CMSIS_AGDI.dll V1.33.0.0
Dialog DLL:      TCM.DLL V1.53.0.0
 
<h2>Project:</h2>
D:\test\tcpecho\boards\frdmk64f\lwip_examples\lwip_tcpecho\freertos\mdk\lwip_tcpecho_freertos.uvprojx
Project File Date:  05/04/2022

<h2>Output:</h2>
*** Using Compiler 'V6.16', folder: 'D:\Keil_v5\ARM\ARMCLANG\Bin'
Rebuild target 'lwip_tcpecho_freertos debug'
compiling board.c...
compiling pin_mux.c...
compiling fsl_enet_mdio.c...
compiling clock_config.c...
compiling lwip_tcpecho_freertos.c...
compiling tcpecho.c...
compiling fsl_phyksz8081.c...
compiling enet_ethernetif.c...
compiling enet_ethernetif_kinetis.c...
compiling sys_arch.c...
compiling netdb.c...
compiling netifapi.c...
compiling tcpip.c...
compiling netbuf.c...
compiling err.c...
compiling if_api.c...
compiling sockets.c...
compiling api_lib.c...
compiling api_msg.c...
compiling ip.c...
compiling memp.c...
compiling def.c...
compiling altcp.c...
compiling pbuf.c...
compiling raw.c...
compiling altcp_tcp.c...
compiling sys.c...
compiling tcp_out.c...
compiling init.c...
compiling inet_chksum.c...
compiling timeouts.c...
compiling mem.c...
compiling netif.c...
compiling tcp_in.c...
compiling udp.c...
compiling dns.c...
compiling altcp_alloc.c...
compiling tcp.c...
compiling stats.c...
compiling ethip6.c...
compiling dhcp6.c...
compiling nd6.c...
compiling mld6.c...
compiling ip6_addr.c...
compiling icmp6.c...
compiling ip6.c...
compiling inet6.c...
compiling ip6_frag.c...
compiling ip4.c...
compiling autoip.c...
compiling dhcp.c...
compiling acd.c...
compiling icmp.c...
compiling igmp.c...
compiling etharp.c...
compiling bridgeif.c...
compiling ip4_addr.c...
compiling ip4_frag.c...
compiling bridgeif_fdb.c...
compiling lowpan6_ble.c...
compiling ethernet.c...
compiling lowpan6.c...
compiling lowpan6_common.c...
compiling slipif.c...
compiling zepif.c...
compiling ccp.c...
compiling auth.c...
compiling chap-md5.c...
compiling chap-new.c...
compiling chap_ms.c...
compiling demand.c...
compiling eap.c...
compiling eui64.c...
compiling fsm.c...
compiling ipcp.c...
compiling ipv6cp.c...
compiling lcp.c...
compiling lwip_ecp.c...
compiling magic.c...
compiling mppe.c...
compiling multilink.c...
compiling ppp.c...
compiling pppapi.c...
compiling pppcrypt.c...
compiling pppoe.c...
compiling pppol2tp.c...
compiling pppos.c...
compiling upap.c...
compiling utils.c...
compiling vj.c...
compiling fsl_sim.c...
compiling fsl_ftfx_cache.c...
compiling fsl_ftfx_flash.c...
compiling fsl_ftfx_controller.c...
compiling fsl_clock.c...
compiling fsl_enet.c...
compiling fsl_ftfx_flexnvm.c...
compiling fsl_gpio.c...
compiling fsl_common.c...
compiling fsl_smc.c...
compiling fsl_common_arm.c...
compiling fsl_uart.c...
compiling fsl_assert.c...
compiling fsl_str.c...
compiling heap_3.c...
compiling fsl_debug_console.c...
compiling system_MK64F12.c...
compiling fsl_adapter_uart.c...
compiling fsl_component_serial_manager.c...
compiling fsl_component_generic_list.c...
compiling fsl_component_serial_port_uart.c...
compiling croutine.c...
compiling list.c...
compiling event_groups.c...
assembling startup_MK64F12.S...
compiling queue.c...
compiling stream_buffer.c...
compiling timers.c...
compiling port.c...
compiling tasks.c...
linking...
Program Size: Code=71980 RO-data=5200 RW-data=64 ZI-data=84796  
"debug\lwip_tcpecho_freertos.axf" - 0 Error(s), 0 Warning(s).

<h2>Software Packages used:</h2>

Package Vendor: NXP
                https://mcuxpresso.nxp.com/cmsis_pack/repo/NXP.MK64F12_DFP.14.0.0.pack
                NXP.MK64F12_DFP.14.0.0
                Device Family Pack for MK64F12

<h2>Collection of Component include folders:</h2>
  D:\Keil_v5\ARM\VHT\NXP\MK64F12_DFP\14.0.0

<h2>Collection of Component Files used:</h2>
Build Time Elapsed:  00:00:08
</pre>
</body>
</html>
