../usb/host/usb_host_devices.c:186:13:USB_HostEnumerationTransferCallback	40	static
../usb/host/usb_host_devices.c:300:21:USB_HostProcessState	40	static
../usb/host/usb_host_devices.c:400:21:USB_HostProcessCallback	40	static
../usb/host/usb_host_devices.c:563:21:USB_HostNotifyDevice	40	static
../usb/host/usb_host_devices.c:635:16:USB_HostAllocateDeviceAddress	24	static
../usb/host/usb_host_devices.c:662:13:USB_HostReleaseDeviceAddress	16	static
../usb/host/usb_host_devices.c:670:21:USB_HostRemoveDeviceInstance	32	static
../usb/host/usb_host_devices.c:706:13:USB_HostReleaseDeviceResource	24	static
../usb/host/usb_host_devices.c:777:21:USB_HostParseDeviceConfigurationDescriptor	48	static
../usb/host/usb_host_devices.c:1020:14:USB_HostAttachDevice	48	static
../usb/host/usb_host_devices.c:1188:14:USB_HostDetachDevice	24	static
../usb/host/usb_host_devices.c:1221:14:USB_HostDetachDeviceInternal	24	static
../usb/host/usb_host_devices.c:1257:9:USB_HostGetDeviceAttachState	16	static
../usb/host/usb_host_devices.c:1262:14:USB_HostValidateDevice	24	static
../usb/host/usb_host_devices.c:1284:21:USB_HostControlBus	24	static
../usb/host/usb_host_devices.c:1300:14:USB_HostOpenDeviceInterface	32	static
../usb/host/usb_host_devices.c:1350:14:USB_HostCloseDeviceInterface	32	static
../usb/host/usb_host_devices.c:1433:14:USB_HostRemoveDevice	32	static
