10:57:15 **** Incremental Build of configuration Debug for project TCPTEST_lwip_dhcp_freertos ****
make -r -j8 all 
Building file: ../board/pin_mux.c
Invoking: MCU C Compiler
arm-none-eabi-gcc -std=gnu99 -D__REDLIB__ -DCPU_MK64FN1M0VLL12 -DUSE_RTOS=1 -DPRINTF_ADVANCED_ENABLE=1 -DFRDM_K64F -DFREEDOM -DLWIP_DISABLE_PBUF_POOL_SIZE_SANITY_CHECKS=1 -DSERIAL_PORT_TYPE_UART=1 -DSDK_OS_FREE_RTOS -DMCUXPRESSO_SDK -DCPU_MK64FN1M0VLL12_cm4 -DSDK_DEBUGCONSOLE=1 -DCR_INTEGER_PRINTF -D__MCUXPRESSO -D__USE_CMSIS -DDEBUG -I"C:\kod\kod ethernet\boards\frdmk64f\lwip_examples\lwip_mqtt\TCPTEST_lwip_dhcp_freertos\board" -I"C:\kod\kod ethernet\boards\frdmk64f\lwip_examples\lwip_mqtt\TCPTEST_lwip_dhcp_freertos\source" -I"C:\kod\kod ethernet\boards\frdmk64f\lwip_examples\lwip_mqtt\TCPTEST_lwip_dhcp_freertos\mdio" -I"C:\kod\kod ethernet\boards\frdmk64f\lwip_examples\lwip_mqtt\TCPTEST_lwip_dhcp_freertos\phy" -I"C:\kod\kod ethernet\boards\frdmk64f\lwip_examples\lwip_mqtt\TCPTEST_lwip_dhcp_freertos\lwip\port" -I"C:\kod\kod ethernet\boards\frdmk64f\lwip_examples\lwip_mqtt\TCPTEST_lwip_dhcp_freertos\lwip\src" -I"C:\kod\kod ethernet\boards\frdmk64f\lwip_examples\lwip_mqtt\TCPTEST_lwip_dhcp_freertos\lwip\src\include" -I"C:\kod\kod ethernet\boards\frdmk64f\lwip_examples\lwip_mqtt\TCPTEST_lwip_dhcp_freertos\drivers" -I"C:\kod\kod ethernet\boards\frdmk64f\lwip_examples\lwip_mqtt\TCPTEST_lwip_dhcp_freertos\utilities" -I"C:\kod\kod ethernet\boards\frdmk64f\lwip_examples\lwip_mqtt\TCPTEST_lwip_dhcp_freertos\device" -I"C:\kod\kod ethernet\boards\frdmk64f\lwip_examples\lwip_mqtt\TCPTEST_lwip_dhcp_freertos\component\uart" -I"C:\kod\kod ethernet\boards\frdmk64f\lwip_examples\lwip_mqtt\TCPTEST_lwip_dhcp_freertos\component\serial_manager" -I"C:\kod\kod ethernet\boards\frdmk64f\lwip_examples\lwip_mqtt\TCPTEST_lwip_dhcp_freertos\component\lists" -I"C:\kod\kod ethernet\boards\frdmk64f\lwip_examples\lwip_mqtt\TCPTEST_lwip_dhcp_freertos\CMSIS" -I"C:\kod\kod ethernet\boards\frdmk64f\lwip_examples\lwip_mqtt\TCPTEST_lwip_dhcp_freertos\freertos\freertos_kernel\include" -I"C:\kod\kod ethernet\boards\frdmk64f\lwip_examples\lwip_mqtt\TCPTEST_lwip_dhcp_freertos\freertos\freertos_kernel\portable\GCC\ARM_CM4F" -O0 -fno-common -g3 -c -ffunction-sections -fdata-sections -ffreestanding -fno-builtin -fmerge-constants -fmacro-prefix-map="../board/"= -mcpu=cortex-m4 -mfpu=fpv4-sp-d16 -mfloat-abi=hard -mthumb -D__REDLIB__ -fstack-usage -specs=redlib.specs -MMD -MP -MF"board/pin_mux.d" -MT"board/pin_mux.o" -MT"board/pin_mux.d" -o "board/pin_mux.o" "../board/pin_mux.c"
Finished building: ../board/pin_mux.c
 
Building target: TCPTEST_lwip_dhcp_freertos.axf
Invoking: MCU Linker
arm-none-eabi-gcc -nostdlib -Xlinker -Map="TCPTEST_lwip_dhcp_freertos.map" -Xlinker --gc-sections -Xlinker -print-memory-usage -Xlinker --sort-section=alignment -Xlinker --cref -mcpu=cortex-m4 -mfpu=fpv4-sp-d16 -mfloat-abi=hard -mthumb -T TCPTEST_lwip_dhcp_freertos_Debug.ld -o "TCPTEST_lwip_dhcp_freertos.axf"  ./utilities/fsl_assert.o ./utilities/fsl_debug_console.o ./utilities/fsl_str.o  ./startup/startup_mk64f12.o  ./source/lwip_dhcp_freertos.o ./source/semihost_hardfault.o  ./phy/fsl_phyksz8081.o  ./mdio/fsl_enet_mdio.o  ./lwip/src/netif/ppp/auth.o ./lwip/src/netif/ppp/ccp.o ./lwip/src/netif/ppp/chap-md5.o ./lwip/src/netif/ppp/chap-new.o ./lwip/src/netif/ppp/chap_ms.o ./lwip/src/netif/ppp/demand.o ./lwip/src/netif/ppp/eap.o ./lwip/src/netif/ppp/eui64.o ./lwip/src/netif/ppp/fsm.o ./lwip/src/netif/ppp/ipcp.o ./lwip/src/netif/ppp/ipv6cp.o ./lwip/src/netif/ppp/lcp.o ./lwip/src/netif/ppp/lwip_ecp.o ./lwip/src/netif/ppp/magic.o ./lwip/src/netif/ppp/mppe.o ./lwip/src/netif/ppp/multilink.o ./lwip/src/netif/ppp/ppp.o ./lwip/src/netif/ppp/pppapi.o ./lwip/src/netif/ppp/pppcrypt.o ./lwip/src/netif/ppp/pppoe.o ./lwip/src/netif/ppp/pppol2tp.o ./lwip/src/netif/ppp/pppos.o ./lwip/src/netif/ppp/upap.o ./lwip/src/netif/ppp/utils.o ./lwip/src/netif/ppp/vj.o  ./lwip/src/netif/bridgeif.o ./lwip/src/netif/bridgeif_fdb.o ./lwip/src/netif/ethernet.o ./lwip/src/netif/lowpan6.o ./lwip/src/netif/lowpan6_ble.o ./lwip/src/netif/lowpan6_common.o ./lwip/src/netif/slipif.o ./lwip/src/netif/zepif.o  ./lwip/src/core/ipv6/dhcp6.o ./lwip/src/core/ipv6/ethip6.o ./lwip/src/core/ipv6/icmp6.o ./lwip/src/core/ipv6/inet6.o ./lwip/src/core/ipv6/ip6.o ./lwip/src/core/ipv6/ip6_addr.o ./lwip/src/core/ipv6/ip6_frag.o ./lwip/src/core/ipv6/mld6.o ./lwip/src/core/ipv6/nd6.o  ./lwip/src/core/ipv4/acd.o ./lwip/src/core/ipv4/autoip.o ./lwip/src/core/ipv4/dhcp.o ./lwip/src/core/ipv4/etharp.o ./lwip/src/core/ipv4/icmp.o ./lwip/src/core/ipv4/igmp.o ./lwip/src/core/ipv4/ip4.o ./lwip/src/core/ipv4/ip4_addr.o ./lwip/src/core/ipv4/ip4_frag.o  ./lwip/src/core/altcp.o ./lwip/src/core/altcp_alloc.o ./lwip/src/core/altcp_tcp.o ./lwip/src/core/def.o ./lwip/src/core/dns.o ./lwip/src/core/inet_chksum.o ./lwip/src/core/init.o ./lwip/src/core/ip.o ./lwip/src/core/mem.o ./lwip/src/core/memp.o ./lwip/src/core/netif.o ./lwip/src/core/pbuf.o ./lwip/src/core/raw.o ./lwip/src/core/stats.o ./lwip/src/core/sys.o ./lwip/src/core/tcp.o ./lwip/src/core/tcp_in.o ./lwip/src/core/tcp_out.o ./lwip/src/core/timeouts.o ./lwip/src/core/udp.o  ./lwip/src/api/api_lib.o ./lwip/src/api/api_msg.o ./lwip/src/api/err.o ./lwip/src/api/if_api.o ./lwip/src/api/netbuf.o ./lwip/src/api/netdb.o ./lwip/src/api/netifapi.o ./lwip/src/api/sockets.o ./lwip/src/api/tcpip.o  ./lwip/port/enet_ethernetif.o ./lwip/port/enet_ethernetif_kinetis.o ./lwip/port/sys_arch.o  ./freertos/freertos_kernel/portable/MemMang/heap_3.o  ./freertos/freertos_kernel/portable/GCC/ARM_CM4F/port.o  ./freertos/freertos_kernel/croutine.o ./freertos/freertos_kernel/event_groups.o ./freertos/freertos_kernel/list.o ./freertos/freertos_kernel/queue.o ./freertos/freertos_kernel/stream_buffer.o ./freertos/freertos_kernel/tasks.o ./freertos/freertos_kernel/timers.o  ./drivers/fsl_clock.o ./drivers/fsl_common.o ./drivers/fsl_common_arm.o ./drivers/fsl_enet.o ./drivers/fsl_ftfx_cache.o ./drivers/fsl_ftfx_controller.o ./drivers/fsl_ftfx_flash.o ./drivers/fsl_ftfx_flexnvm.o ./drivers/fsl_gpio.o ./drivers/fsl_sim.o ./drivers/fsl_smc.o ./drivers/fsl_uart.o  ./device/system_MK64F12.o  ./component/uart/fsl_adapter_uart.o  ./component/serial_manager/fsl_component_serial_manager.o ./component/serial_manager/fsl_component_serial_port_uart.o  ./component/lists/fsl_component_generic_list.o  ./board/board.o ./board/clock_config.o ./board/pin_mux.o   
Memory region         Used Size  Region Size  %age Used
   PROGRAM_FLASH:       98592 B         1 MB      9.40%
      SRAM_UPPER:       85064 B       192 KB     43.27%
      SRAM_LOWER:          0 GB        64 KB      0.00%
        FLEX_RAM:          0 GB         4 KB      0.00%
Finished building target: TCPTEST_lwip_dhcp_freertos.axf
 
Performing post-build steps
arm-none-eabi-size "TCPTEST_lwip_dhcp_freertos.axf"; # arm-none-eabi-objcopy -v -O binary "TCPTEST_lwip_dhcp_freertos.axf" "TCPTEST_lwip_dhcp_freertos.bin" ; # checksum -p MK64FN1M0xxx12 -d "TCPTEST_lwip_dhcp_freertos.bin";
   text	   data	    bss	    dec	    hex	filename
  98528	     64	  85000	 183592	  2cd28	TCPTEST_lwip_dhcp_freertos.axf
 

10:57:19 Build Finished. 0 errors, 0 warnings. (took 4s.230ms)

